BLASTN 2.6.0+


Reference: Zheng Zhang, Scott Schwartz, Lukas Wagner, and Webb
Miller (2000), "A greedy algorithm for aligning DNA sequences", J
Comput Biol 2000; 7(1-2):203-14.



Database: NCBI Transcript Reference Sequences
           20,697,002 sequences; 49,012,475,527 total letters



Query= testnucl1 lcl|NM_113339.3_cdsid_NP_189075.2 [gene=MSH1]
[protein=MUTL protein-like protein 1] [protein_id=NP_189075.2]
[location=124..3480]

Length=3354
                                                                      Score     E
Sequences producing significant alignments:                          (Bits)  Value

NM_113339.4  Arabidopsis thaliana MUTL protein homolog 1 (MSH1), ...  2309    0.0  
XM_010468531.2  PREDICTED: Camelina sativa DNA mismatch repair pr...  2071    0.0  
XM_009104269.2  PREDICTED: Brassica rapa DNA mismatch repair prot...  1921    0.0  
NM_001338677.1  Arabidopsis thaliana MUTL protein homolog 1 (MSH1...  1912    0.0  


>NM_113339.4 Arabidopsis thaliana MUTL protein homolog 1 (MSH1), mRNA
Length=3819

 Score = 2309 bits (1250),  Expect = 0.0
 Identities = 2638/3326 (79%), Gaps = 24/3326 (1%)
 Strand=Plus/Plus

Query  1     ATGCATTGGATTGCTACTAGAAATGCTGTTGTTTCTTTTCCTAAGTGGAGAttttttttt  60
             ||||||||||||||||| ||||| || || ||||| || || || ||| | || || || 
Sbjct  158   ATGCATTGGATTGCTACCAGAAACGCCGTCGTTTCATTCCCAAAATGGCGGTTCTTCTTC  217

Query  61    AGAtcttcttatagaacttattcttctcttaagccttcttctcctattcttcttaATAGA  120
              | || || ||| | ||||| ||||| || || || || || || ||||| |||||||||
Sbjct  218   CGCTCCTCATATCGCACTTACTCTTCCCTCAAACCCTCCTCCCCAATTCTACTTAATAGA  277

Query  121   AGATATTCTGAAGGAATTTCTTGTCTTAGAGATGGAAAGTCTCTTAAGAGAATTACTACT  180
             || || ||||| || || |||||||| ||||||||||||||| | || ||||| || || 
Sbjct  278   AGGTACTCTGAGGGGATATCTTGTCTCAGAGATGGAAAGTCTTTGAAAAGAATCACAACG  337

Query  181   GCTTCTAAGAAGGTTAAGACTTCTTCTGATGTTCTTACTGATAAGGATCTTTCTCATCTT  240
             ||||||||||| || ||||| ||   ||||||||| ||||| || ||||| |||||| | 
Sbjct  338   GCTTCTAAGAAAGTGAAGACGTCAAGTGATGTTCTCACTGACAAAGATCTCTCTCATTTG  397

Query  241   GTTTGGTGGAAGGAAAGACTTCAAACTTGTAAGAAGCCTTCTACTCTTCAACTTATTGAA  300
             |||||||||||||| ||| | || || |||||||| || ||||||||||| |||||||||
Sbjct  398   GTTTGGTGGAAGGAGAGATTGCAGACATGTAAGAAACCATCTACTCTTCAGCTTATTGAA  457

Query  301   AGACTTATGTATACTAATCTTCTTGGACTTGATCCTTCTCTT-AGAAATGGATCTCTTAA  359
             || |||||||| || ||| | |||||  | || || |  ||| || ||||||  | | ||
Sbjct  458   AGGCTTATGTACACCAATTTACTTGGTTTGGA-CCCTAGCTTGAGGAATGGAAGTTTAAA  516

Query  360   GGATGGAAATCTTAATTGGGAAATGCTTCAATTTAAGTCTAGATTTCCTAGAGAAGTTCT  419
              |||||||| || || ||||| ||| | || |||||||| || |||||  | |||||| |
Sbjct  517   AGATGGAAACCTCAACTGGGAGATGTTGCAGTTTAAGTCAAGGTTTCCACGCGAAGTTTT  576

Query  420   TCTTTGTAGAGTTGGAGAATTTTATGAAGCTATTGGAATTGATGCTTGTATTCTTGTTGA  479
              || || ||||| |||||||||||||| ||||||||||| ||||||||||| ||||||||
Sbjct  577   GCTCTGCAGAGTAGGAGAATTTTATGAGGCTATTGGAATAGATGCTTGTATACTTGTTGA  636

Query  480   ATATGCTGGACTTAATCCTTTTGGAGGACTTAGATCTGATTCTATTCCTAAGGCTGGATG  539
             ||||||||| || ||||||||||| || ||| |||| |||  |||||| |||||||| ||
Sbjct  637   ATATGCTGGTCTCAATCCTTTTGGTGGTCTTCGATCAGATAGTATTCCAAAGGCTGGCTG  696

Query  540   TCCTATTATGAATCTTAGACAAACTCTTGATGATCTTACTAGAAATGGATATTCTGTTTG  599
              || |||||||||||| |||| ||| | ||||| || ||  | ||||| ||||| || ||
Sbjct  697   CCCAATTATGAATCTTCGACAGACTTTGGATGACCTGACACGCAATGGTTATTCAGTGTG  756

Query  600   TATTGTTGAAGAAGTTCAAGGACCTACTCCTGCTAGATCTAGAAAGGGAAGATTTATTTC  659
             |||||| || |||||||| || || || || ||  | ||  | || ||  ||||||||||
Sbjct  757   TATTGTGGAGGAAGTTCAGGGGCCAACACCAGCACGCTCCCGTAAAGGTCGATTTATTTC  816

Query  660   TGGACATGCTCATCCTGGATCTCCTTATGTTTATGGACTTGTTGGAGTTGATCATGATCT  719
              || ||||| ||||| |||  ||||||||| ||||| ||||| || ||||| ||||||||
Sbjct  817   AGGGCATGCACATCCAGGAAGTCCTTATGTATATGGGCTTGTCGGTGTTGACCATGATCT  876

Query  720   TGATTTTCCTGATCCTATGCCTGTTGTTGGAATTTCTAGATCTGCTAGAGGATATTGTAT  779
             ||| |||||||||||||||||||||||||| || ||| | || || || || ||||||||
Sbjct  877   TGACTTTCCTGATCCTATGCCTGTTGTTGGGATATCTCGTTCAGCAAGGGGGTATTGTAT  936

Query  780   GATTTCTATTTTTGAAACTATGAAGGCTTATTCTCTTGATGATGGACTTACTGAAGAAGC  839
             ||| |||||||| || |||||||| || ||||| || |||||||| || || ||||||||
Sbjct  937   GATATCTATTTTCGAGACTATGAAAGCATATTCGCTAGATGATGGTCTAACAGAAGAAGC  996

Query  840   TCTT-GTTACTAAGCTTAGAACTAGAAGATGTCATCATCTTTTTCTT-CATGCTTCTCTT  897
              ||| ||||| |||||  | ||| |  | |||||||||||||| ||| ||||| ||  | 
Sbjct  997   -CTTAGTTACCAAGCTCCGCACTCGTCGCTGTCATCATCTTTT-CTTACATGCATCGTTG  1054

Query  898   AGACATAATGCTTCTGGAACTTGTAGATGGGGAGAATTTGGAGAAGGAGGACTTCTTTGG  957
             || || ||||| || || || ||  | |||||||| ||||| ||||| || || || |||
Sbjct  1055  AGGCACAATGCATCAGGGACGTGCCGCTGGGGAGAGTTTGGGGAAGGGGGTCTACTCTGG  1114

Query  958   GGAGAATGTTCTTCTAGAAATTTTGAATGGTTTGAAGGAGATACTCTTTCTGAACTTCTT  1017
             ||||||||   |   || |||||||||||||||||||||||||||||||| || || |||
Sbjct  1115  GGAGAATGCAGTAGCAGGAATTTTGAATGGTTTGAAGGAGATACTCTTTCCGAGCT-CTT  1173

Query  1018  -TCTAGAGTTAAGGATGTTTATGGACTTGATGATGAAGTTTCTTTTAGAAATGTTAATGT  1076
              || || || || ||||||||||| ||||||||||||||||| ||||||||||| |||||
Sbjct  1174  ATCAAGGGTCAAAGATGTTTATGGTCTTGATGATGAAGTTTCCTTTAGAAATGTCAATGT  1233

Query  1077  TCCTTCTAAGAATAGACCTAGACCTCTTCATCTTGGAACTGCTACTCAAATTGGAGCTCT  1136
              ||||| || ||| | ||  | ||  | ||||||||||| ||||| |||||||| || ||
Sbjct  1234  ACCTTCAAAAAATCGGCCACGTCCGTTGCATCTTGGAACGGCTACACAAATTGGTGC-CT  1292

Query  1137  T-CCTACTGAAGGAAttccttgtcttctt-aaggttcttcttccttctacttgttctgga  1194
             | |||||||||||||| |||||| || || |||||  | ||||| ||||| ||   ||| 
Sbjct  1293  TACCTACTGAAGGAATACCTTGT-TTGTTGAAGGTGTTACTTCCATCTACGTGCAGTGGT  1351

Query  1195  cttccttctctttatgttagagatcttcttcttAATCCTCCTGCTTATGATATTGCTCTT  1254
             || |||||| | |||||||| ||||||||||| || ||||||||||| ||||||||||| 
Sbjct  1352  CTGCCTTCTTTGTATGTTAGGGATCTTCTTCTGAACCCTCCTGCTTACGATATTGCTCTG  1411

Query  1255  AAGATTCAAGAAACTTGTAAGCTTATGTCTACTGTTACTTGTTCTATTCCTGAATTTACT  1314
             || ||||||||||| || ||||| |||   || || || ||||| ||||| || ||||| 
Sbjct  1412  AAAATTCAAGAAACGTGCAAGCTCATGAGCACAGTAACATGTTCAATTCCAGAGTTTACC  1471

Query  1315  TGTGTTTCTTCTGCTAAGCTTGTTAAGCTTCTTGAACAAAGAGAAGCTAATTATATTGAA  1374
             || || ||||||||||||||||| ||||||||||| ||| | ||||| || || ||||| 
Sbjct  1472  TGCGTCTCTTCTGCTAAGCTTGTGAAGCTTCTTGAGCAACGGGAAGCCAACTACATTGAG  1531

Query  1375  TTTTGTAGAATTAAGAATGTTCTTGATGATGTTCTTCATATGCATAGACATGCTGAACTT  1434
             || ||| |||| || ||||| |||||||||||  | |||||||||||||||||||| |||
Sbjct  1532  TTCTGTCGAATAAAAAATGTGCTTGATGATGTATTACATATGCATAGACATGCTGAGCTT  1591

Query  1435  GTTGAAATTCTTAAGCTTCTT-ATGGATCCTACTTGGGTTGCTACTGGACTTAAGATTGA  1493
             || ||||| || ||  || || ||||||||||| ||||| ||||||||  | || |||||
Sbjct  1592  GTGGAAATCCTGAAA-TTATTGATGGATCCTACCTGGGTGGCTACTGGTTTGAAAATTGA  1650

Query  1494  TTTTGATACTTTTGTTAATGAATGTCATTGGGCTTCTGATACTATTGGAGAAATGATTTC  1553
              ||||| |||||||| || |||||||||||||| |||||||| ||||| |||||||| ||
Sbjct  1651  CTTTGACACTTTTGTCAACGAATGTCATTGGGCGTCTGATACAATTGGTGAAATGATCTC  1710

Query  1554  TCTTGATGAAAATGAATCTCATCAAAATGTTTCTAAGTGTGATAATGTTCCTAATGAAtt  1613
             | | ||||| ||||||  |||||| |||||   ||| ||||| ||||| || || |||||
Sbjct  1711  TTTAGATGAGAATGAAAGTCATCAGAATGTAAGTAAATGTGACAATGTCCCGAACGAATT  1770

Query  1614  tttttATGATATGGAATCTTCTTGGAGAGGAAGAGTTAAGGGAATTCATATTGAAGAAGA  1673
              |||||||||||||| ||||| ||| ||||  | ||||||||||||||||| || |||||
Sbjct  1771  CTTTTATGATATGGAGTCTTCATGGCGAGGTCGCGTTAAGGGAATTCATATAGAGGAAGA  1830

Query  1674  AATTACTCAAGTTGAAAAGTCTGCTGAAGCTCTTTCTCTTGCTGTTGCTGAAGATTTTCA  1733
             ||| |||||||| ||||| || ||||| ||| | ||| | || || ||||| ||||||||
Sbjct  1831  AATCACTCAAGTAGAAAAATCAGCTGAGGCTTTATCTTTAGCAGTAGCTGAGGATTTTCA  1890

Query  1734  TCCTATTATTTCTAGAATTAAGGCTACTACTGCTTCTCTTGGAGGACCTAAGGGAGAAAT  1793
              |||||||| || ||||||||||| || |||||||| ||||| || || || || |||||
Sbjct  1891  CCCTATTATATCAAGAATTAAGGCCACCACTGCTTCACTTGGTGGCCCGAAAGGCGAAAT  1950

Query  1794  TGCTTATGCTAGAGAACATGAATCTGTTTGGTTTAAGGG-AAAGAGATTTACTCCTTCTA  1852
              || ||||| ||||| ||||| ||||||||||| ||||| |||  | ||||| || ||||
Sbjct  1951  CGCATATGCAAGAGAGCATGAGTCTGTTTGGTTCAAGGGGAAACGG-TTTACGCCATCTA  2009

Query  1853  TTTGGGCTGGAACTGCTGGAGAAGATCAAATTAAGCAACTTAAGCCTGCTCTT-GATTCT  1911
             | |||||||| ||||| || ||||| ||||| || || || || ||||| ||| || || 
Sbjct  2010  TCTGGGCTGGTACTGCAGGGGAAGACCAAATAAAACAGCTGAAACCTGC-CTTAGACTCG  2068

Query  1912  AAGGGAAAGAAGGTTGGAGAAGAATGGTTTACTACTCCTAAGGTTGAAATTGCTCTTGTT  1971
             || ||||| ||||||||||||||||||||||| || || ||||| ||||||||| | || 
Sbjct  2069  AAAGGAAAAAAGGTTGGAGAAGAATGGTTTACGACCCCAAAGGTGGAAATTGCTTTAGTC  2128

Query  1972  AGATATCATGAAGCTTCTGAAAATGCTAAGGCTAGAGTTCTTGAACTTCTTAGAGAACTT  2031
             ||||| |||||||||  ||| ||||| || ||| | ||  | |||||  |  | ||  | 
Sbjct  2129  AGATACCATGAAGCTAGTGAGAATGCAAAAGCTCGGGTGTTGGAACTGTTGCGCGAGTTA  2188

Query  2032  TCTGTTAAGCTTCAAACTAAGATTAATGTTCTTGTTTTTGCTTCTATGCTTCTTGTTATT  2091
             || |||||  | ||||| || || ||||||||||| ||||| ||||||||||| || |||
Sbjct  2189  TCCGTTAAATTGCAAACAAAAATAAATGTTCTTGTCTTTGCATCTATGCTTCTGGTCATT  2248

Query  2092  TCTAAGGCTCTTTTTTCTCATGCTTGTGAAGGAAGAAGAAGAAAGTGGGTTTTTCCTACT  2151
             || || ||  | ||||| |||||||||||||| |||||  |||||||||||||||| || 
Sbjct  2249  TCAAAAGCATTATTTTCCCATGCTTGTGAAGGGAGAAGGCGAAAGTGGGTTTTTCCAACG  2308

Query  2152  CTTGTTGGATTTTCTCTTGATGAAGGAGCTAAGCCTCTTGATGGAGCTTCTAGAATGAAG  2211
             ||||| |||||   | | ||||| || || || ||  | ||||| ||   | ||||||||
Sbjct  2309  CTTGTCGGATTCAGTTTAGATGAGGGCGCAAAACCATTAGATGGTGCCAGTCGAATGAAG  2368

Query  2212  CTTACTGGACTTTCTCCTTATTGGTTTGATGTTTCTTCTGGAACTGCTGTTCATAATACT  2271
             || || || || || ||||||||||||||||| ||||||||||| |||||||| ||||| 
Sbjct  2369  CTGACAGGCCTGTCACCTTATTGGTTTGATGTATCTTCTGGAACCGCTGTTCACAATACC  2428

Query  2272  GTTGATATGCAATCTCTTTTTCTTCTTACTGGACCTAATGGAGGAGGAAAGTCTTCTCTT  2331
             ||||| |||||||| || |||||||| ||||||||||| || || || || ||   | | 
Sbjct  2429  GTTGACATGCAATCACTGTTTCTTCTAACTGGACCTAACGGTGGTGGTAAATCGAGTTTG  2488

Query  2332  CTTAGATCTATTTGTGCTGCTGCTCTTCTTGGAATTTCTGGACTTATGGTTCCTGCTGAA  2391
             || ||||| || || || |||||||| ||||||||||| ||  | |||||||| ||||||
Sbjct  2489  CTCAGATCAATATGCGCAGCTGCTCTACTTGGAATTTCCGGTTTAATGGTTCCAGCTGAA  2548

Query  2392  TCTGCTTGTATTCCTCATTTTGATTCTATTATGCTTCATATGAAGTCTTATGATTCTCCT  2451
             || |||||||||||||| |||||||| || |||||||| ||||| || |||||    |||
Sbjct  2549  TCAGCTTGTATTCCTCACTTTGATTCCATCATGCTTCACATGAAATCATATGACAGCCCT  2608

Query  2452  GTTGATGGAAAGTCTTCTTTTCAAGTTGAAATGTCTGAAATTAGATCTATTGTTTCTCAA  2511
             || || |||||   |||||| || || |||||||| |||||  ||||||||||    || 
Sbjct  2609  GTAGACGGAAAAAGTTCTTTCCAGGTAGAAATGTCGGAAATACGATCTATTGTAAGCCAG  2668

Query  2512  GCTACTTCTAGATCTCTTGTTCTTATTGATGAAATTTGTAGAGGAACTGAAACTGCTAAG  2571
             |||||||| |||   || || ||||| ||||| || ||  |||| || || || || || 
Sbjct  2669  GCTACTTCGAGAAGCCTAGTGCTTATAGATGAGATATGCCGAGGGACAGAGACAGCAAAA  2728

Query  2572  GGAACTTGTATTGCTGGATCTGTTGTTGAATCTCTTGATACTTCTGGATGTCTTGGAATT  2631
             || || ||||| |||||   ||| || ||   |||||| ||   ||| ||| | || |||
Sbjct  2729  GGCACCTGTATCGCTGGTAGTGTGGTAGAGAGTCTTGACACAAGTGGTTGTTTGGGTATT  2788

Query  2632  GTTTCTACTCATCTTCATGGAATTTTTTCTCTTCCTCTTACTGCTAAGAATATTACTTAT  2691
             || ||||||||||| |||||||| ||   | | |||||||| || || || || || |||
Sbjct  2789  GTATCTACTCATCTCCATGGAATCTTCAGTTTACCTCTTACAGCGAAAAACATCACATAT  2848

Query  2692  AAGGCTATGGGAGCTGAAAATGTTGAAGGACAAACTAAGCCTACTTGGAAGCTTACTGAT  2751
             || || |||||||| |||||||| ||||| ||||| ||||| ||||||||  | || |||
Sbjct  2849  AAAGCAATGGGAGCCGAAAATGTCGAAGGGCAAACCAAGCCAACTTGGAAATTGACAGAT  2908

Query  2752  GGAGTTTGTAGAGAATCTCTTGCTTTTGAAACTGCTAAGAGAGAAGGAGTTCCTGAATCT  2811
             ||||| || |||||   |||||| |||||||| |||||||| ||||| ||||| || || 
Sbjct  2909  GGAGTCTGCAGAGAGAGTCTTGCGTTTGAAACAGCTAAGAGGGAAGGTGTTCCCGAGTCA  2968

Query  2812  GTTATTCAAAGAGCTGAAGCTCTTTATCTTTCTGTTTATGCTAAGGATGCTTCTGCTGAA  2871
             ||||| |||||||||||||||||||| || || || ||||| || || || || ||||||
Sbjct  2969  GTTATCCAAAGAGCTGAAGCTCTTTACCTCTCGGTCTATGCAAAAGACGCATCAGCTGAA  3028

Query  2872  GTTGTTAAGCCTGATCAAATTATTACTTCTTCTAATAATGATCAACAAATTCAAAAGCCT  2931
             ||||| || || || ||||| || ||||| || || ||||| || || || ||||| || 
Sbjct  3029  GTTGTCAAACCCGACCAAATCATAACTTCATCCAACAATGACCAGCAGATCCAAAAACCA  3088

Query  2932  GTTTCTTCTGAAAGATCTCTTGAAAAGGATCTT-GCTAAGGCTATTGTTAAGATTTGTGG  2990
             ||    ||||| |||  | | || ||||| ||| || || ||||| || || || |||||
Sbjct  3089  GTCAGCTCTGAGAGAAGTTTGGAGAAGGA-CTTAGCAAAAGCTATCGTCAAAATCTGTGG  3147

Query  2991  AAAGAAGATGATTGAACCTGAAGCTATTGAATGTCTTTCTATTGGAGCTAGAGAACTTCC  3050
              || ||||||||||| |||||||| || ||||||||||| ||||| ||| | || |||||
Sbjct  3148  GAAAAAGATGATTGAGCCTGAAGCAATAGAATGTCTTTCAATTGGTGCTCGTGAGCTTCC  3207

Query  3051  TCCTCCTTCTACTGTTGGATCTTCTTGTGTTTATGTTATGAGAAGACCTGATAAGAGACT  3110
              ||||| ||||| ||||| ||||| || || ||||| ||| | ||||| ||||||||| |
Sbjct  3208  ACCTCCATCTACAGTTGGTTCTTCATGCGTGTATGTGATGCGGAGACCCGATAAGAGATT  3267

Query  3111  TTATATTGGACAAACTGATGATCTTGAAGGAAGAATTAGAGCTCATAGAGCTAAGGAAGG  3170
              || |||||||| || ||||||||||||||| ||||  | || ||| |||| ||||||||
Sbjct  3268  GTACATTGGACAGACCGATGATCTTGAAGGACGAATACGTGCGCATCGAGCAAAGGAAGG  3327

Query  3171  ACTTCAAGGATCTTCTTTTCTTTATCTTATGGTTCAAGG-AA-AGTCTATGGCTTGTCAA  3228
             ||| ||||| ||   |||||| || |||||||||||||| || || | ||||||||||| 
Sbjct  3328  ACTGCAAGGGTCAAGTTTTCTATACCTTATGGTTCAAGGTAAGAG-C-ATGGCTTGTCAG  3385

Query  3229  CTTGAAACTCTTCTTATTAATCAACTTCATGAACAAGGATATTCTCTTGCTAATCTTGCT  3288
              | || |||||  | ||||||||||| ||||||||||| || ||||| ||||| || || 
Sbjct  3386  TTAGAGACTCTATTGATTAATCAACTCCATGAACAAGGCTACTCTCTGGCTAACCTAGCC  3445

Query  3289  GATGGAAAGCATAGAAATTTTGGAAC  3314
             |||||||||||  | ||||| |||||
Sbjct  3446  GATGGAAAGCACCGTAATTTCGGAAC  3471


>XM_010468531.2 PREDICTED: Camelina sativa DNA mismatch repair protein MSH1, 
mitochondrial-like (LOC104746972), mRNA
Length=3793

 Score = 2071 bits (1121),  Expect = 0.0
 Identities = 2595/3326 (78%), Gaps = 24/3326 (1%)
 Strand=Plus/Plus

Query  1     ATGCATTGGATTGCTACTAGAAATGCTGTTGTTTCTTTTCCTAAGTGGAGAttttttttt  60
             |||||||||||||| || ||||| || || ||||| || || || ||| | ||  | || 
Sbjct  203   ATGCATTGGATTGCCACGAGAAACGCCGTCGTTTCATTGCCGAAATGGCGTTTCCTCTTC  262

Query  61    AGAtcttcttatagaacttattcttctcttaagccttcttctcctattcttcttaATAGA  120
              | || || ||| | ||||| | ||| || || || || || || ||||| |||||||||
Sbjct  263   CGCTCCTCATATCGCACTTACTATTCCCTCAAACCCTCCTCCCCAATTCTACTTAATAGA  322

Query  121   AGATATTCTGAAGGAATTTCTTGTCTTAGAGATGGAAAGTCTCTTAAGAGAATTACTACT  180
             || || ||||| || ||    ||||| |||||| ||||| |||||||  | || || || 
Sbjct  323   AGGTACTCTGAGGGGATACACTGTCTCAGAGATCGAAAGGCTCTTAAAGGTATCACAACA  382

Query  181   GCTTCTAAGAAGGTTAAGACTTCTTCTGATGTTCTTACTGATAAGGATCTTTCTCATCTT  240
             ||||||||||| | |||||| ||   ||||| ||| ||||| || ||||| |||||| | 
Sbjct  383   GCTTCTAAGAAAGCTAAGACGTCAAGTGATGCTCTCACTGACAAAGATCTCTCTCATTTG  442

Query  241   GTTTGGTGGAAGGAAAGACTTCAAACTTGTAAGAAGCCTTCTACTCTTCAACTTATTGAA  300
             |||||||||||||| ||  | || || |||||||| || ||||| ||||| |||||||||
Sbjct  443   GTTTGGTGGAAGGAGAGGTTGCAGACATGTAAGAAACCATCTACACTTCAGCTTATTGAA  502

Query  301   AGACTTATGTATACTAATCTTCTTGGACTTGATCCTTCTCTTAGAAATGGATCTCTTAAG  360
             || |||||||| || ||| | || ||  | || ||    || || || |||  ||| || 
Sbjct  503   AGGCTTATGTACACCAATTTACTGGGTTTGGACCCCAGCCTGAGGAACGGAAGTCTAAAA  562

Query  361   GATGGAAATCTTAATTGGGAAATGCTTCAATTTAAGTCTAGATTTCCTAGAGAAGTTCTT  420
             |||||||| || || ||||| ||| | || |||||||| || |||||  | |||||| | 
Sbjct  563   GATGGAAACCTCAACTGGGAGATGTTGCAGTTTAAGTCAAGGTTTCCACGCGAAGTTTTG  622

Query  421   CTTTGTAGAGTTGGAGAATTTTATGAAGCTATTGGAATTGATGCTTGTATTCTTGTTGAA  480
             || || ||||| |||||||||||||| ||||||||||| ||||||||||| || ||||||
Sbjct  623   CTCTGCAGAGTAGGAGAATTTTATGAGGCTATTGGAATAGATGCTTGTATACTCGTTGAA  682

Query  481   TATGCTGGACTTAATCCTTTTGGAGGACTTAGATCTGATTCTATTCCTAAGGCTGGATGT  540
             | |||||| || ||||||||||| || ||| | || |||  |||||| ||||||||||| 
Sbjct  683   TTTGCTGGTCTCAATCCTTTTGGTGGTCTTCGGTCAGATAGTATTCCAAAGGCTGGATGC  742

Query  541   CCTATTATGAATCTTAGACAAACTCTTGATGATCTTACTAGAAATGGATATTCTGTTTGT  600
             || ||| |||||||| |||| ||| | ||||| || ||  | ||||| ||||| || |||
Sbjct  743   CCAATTGTGAATCTTCGACAGACTTTGGATGACCTGACACGCAATGGTTATTCGGTGTGT  802

Query  601   ATTGTTGAAGAAGTTCAAGGACCTACTCCTGCTAGATCTAGAAAGGGAAGATTTATTTCT  660
             || || || |||||||| ||||| || |  ||  | ||| | || ||  |||||||||| 
Sbjct  803   ATCGTGGAGGAAGTTCAGGGACCAACACAAGCACGTTCTCGTAAAGGTCGATTTATTTCA  862

Query  661   GGACATGCTCATCCTGGATCTCCTTATGTTTATGGACTTGTTGGAGTTGATCATGATCTT  720
             || ||||| ||||| |||  ||||||||| |||||||| ||||| ||||| |||||||||
Sbjct  863   GGGCATGCACATCCAGGAAGTCCTTATGTATATGGACTAGTTGGTGTTGACCATGATCTT  922

Query  721   GATTTTCCTGATCCTATGCCTGTTGTTGGAATTTCTAGATCTGCTAGAGGATATTGTATG  780
             || |||||||| ||||||||||||||||| || ||| | || || |  || ||||| |||
Sbjct  923   GACTTTCCTGAGCCTATGCCTGTTGTTGGGATATCTCGTTCAGCAAAGGGGTATTGCATG  982

Query  781   ATTTCTATTTTTGAAACTATGAAGGCTTATTCTCTTGATGATGGACTTACTGAAGAAGCT  840
             || ||||||||||| |||||||| || || || || |||||||| || || |||||||| 
Sbjct  983   ATATCTATTTTTGAGACTATGAAAGCATACTCGCTAGATGATGGTCTAACAGAAGAAGC-  1041

Query  841   CTT-GTTACTAAGCTTAGAACTAGAAGATGTCATCATCTTTTTCTTCATGCTTCTCTTAG  899
             ||| ||||| |||||  | ||| |  | ||||||||||||||| | ||||| ||  | ||
Sbjct  1042  CTTGGTTACCAAGCTCCGCACTCGTCGCTGTCATCATCTTTTTTTACATGCATCATTGAG  1101

Query  900   ACATAATGCTTCTGGAACTTGTAGATGGGGAGAATTTGGAGAAGGAGGACTTCTTTGGGG  959
              || ||||| || || || ||  | |||||||| ||||||||||| || || || |||||
Sbjct  1102  GCACAATGCATCAGGGACATGCCGGTGGGGAGAGTTTGGAGAAGGGGGTCTACTCTGGGG  1161

Query  960   AGAATGTTCTTCTAGAAATTTTGAATGGTTTGAAGGAGATACTCTTTCTGAACTTCTT-T  1018
             ||||||   |   || |||||||||||||||||||||||||||||||| || || ||| |
Sbjct  1162  AGAATGCAATGGCAGGAATTTTGAATGGTTTGAAGGAGATACTCTTTCCGAGCT-CTTAT  1220

Query  1019  CTAGAGTTAAGGATGTTTATGGACTTGATGATGAAGTTTCTTTTAGAAATGTTAATGTTC  1078
             | || || || ||||||||||| ||||||||||| ||||| ||||||||| | ||||| |
Sbjct  1221  CAAGGGTCAAAGATGTTTATGGTCTTGATGATGATGTTTCGTTTAGAAATATCAATGTAC  1280

Query  1079  CTTCTAAGAATAGACCTAGACCTCTTCATCTTGGAACTGCTACTCAAATTGGAGCTCTT-  1137
             | || || ||| | ||  | ||  | ||||||||||| ||||| |||||||| || ||| 
Sbjct  1281  CATCAAAAAATCGGCCACGTCCATTGCATCTTGGAACGGCTACACAAATTGGTGC-CTTA  1339

Query  1138  CCTACTGAAGGAAttccttgtcttctt-aaggttcttcttccttctacttgttctggact  1196
             |||||||||||||| |||||| || || |||||  | || || ||||| ||   ||| ||
Sbjct  1340  CCTACTGAAGGAATACCTTGT-TTGTTGAAGGTGTTACTCCCATCTACGTGCAGTGG-CT  1397

Query  1197  t-ccttctctttatgttagagatcttcttcttAATCCTCCTGCTTATGATATTGCTCTTA  1255
             | |||||| | |||||  | |||||||| || || ||||| ||||||||||||||||| |
Sbjct  1398  TGCCTTCTTTGTATGTGCGGGATCTTCTACTAAACCCTCCAGCTTATGATATTGCTCTGA  1457

Query  1256  AGATTCAAGAAACTTGTAAGCTTATGTCTACTGTTACTTGTTCTATTCCTGAATTTACTT  1315
             | || |||||||| || ||||| |||   || || || || || ||||| || ||||| |
Sbjct  1458  AAATCCAAGAAACGTGCAAGCTCATGAGCACAGTAACATGCTCAATTCCAGAGTTTACCT  1517

Query  1316  GTGTTTCTTCTGCTAAGCTTGTTAAGCTTCTTGAACAAAGAGAAGCTAATTATATTGAAT  1375
             | || ||||||||||||||||| ||||| ||||| ||| ||||||| || || ||||| |
Sbjct  1518  GCGTCTCTTCTGCTAAGCTTGTGAAGCTACTTGAGCAACGAGAAGCCAACTACATTGAGT  1577

Query  1376  TTTGTAGAATTAAGAATGTTCTTGATGATGTTCTTCATATGCATAGACATGCTGAACTTG  1435
             | ||  |||| ||||||||| ||||||| ||  | ||| |||||||||||| ||| ||||
Sbjct  1578  TCTGCCGAATAAAGAATGTTGTTGATGAAGTATTACATTTGCATAGACATGTTGAGCTTG  1637

Query  1436  TTGAAATTCTTAAGCTTCTT-ATGGATCCTACTTGGGTTGCTACTGGACTTAAGATTGAT  1494
             | ||||| || ||  || || ||||| ||||| ||||| ||||||||  | |||||||| 
Sbjct  1638  TGGAAATCCTGAA-ATTGTTGATGGAGCCTACCTGGGTGGCTACTGGTTTGAAGATTGAC  1696

Query  1495  TTTGATACTTTTGTTAATGAATGTCATTGGGCTTCTGATACTATTGGAGAAATGATTTCT  1554
             ||||| |||||||| ||||||||||| |||||||| ||||| ||||| |||||||| |||
Sbjct  1697  TTTGAAACTTTTGTCAATGAATGTCAATGGGCTTCCGATACAATTGGTGAAATGATATCT  1756

Query  1555  CTTGATGAAAATGAATCTCATCAAAATGTTTCTAAGTGTGATAATGTTCCTAATGAAttt  1614
              | ||||| ||||||  |||||||||||||  ||| || | |||||| || ||||| || 
Sbjct  1757  ATAGATGACAATGAAAGTCATCAAAATGTTAGTAAATGCGCTAATGTCCCGAATGAGTTC  1816

Query  1615  ttttATGATATGGAATCTTCTTGGAGAGGAAGAGTTAAGGGAATTCATATTGAAGAAGAA  1674
             |||||||||||||| ||||| ||| ||||  | ||||||||||||||||| |||||||||
Sbjct  1817  TTTTATGATATGGAGTCTTCATGGCGAGGTCGCGTTAAGGGAATTCATATAGAAGAAGAA  1876

Query  1675  ATTACTCAAGTTGAAAAGTCTGCTGAAGCTCTTTCTCTTGCTGTTGCTGAAGATTTTCAT  1734
             || |||||||| ||||| || ||||| ||| | ||| | || || ||||| |||||||| 
Sbjct  1877  ATCACTCAAGTGGAAAAATCAGCTGAGGCTTTATCTTTAGCGGTAGCTGAGGATTTTCAC  1936

Query  1735  CCTATTATTTCTAGAATTAAGGCTACTACTGCTTCTCTTGGAGGACCTAAGGGAGAAATT  1794
             |||||||| || ||||||||||| || |||||||| ||||| || || ||||||||||||
Sbjct  1937  CCTATTATATCGAGAATTAAGGCCACCACTGCTTCACTTGGTGGCCCGAAGGGAGAAATT  1996

Query  1795  GCTTATGCTAGAGAACATGAATCTGTTTGGTTTAAGGGAAAGAGATTTACTCCTTCTATT  1854
             || ||||| ||||| ||||| ||||||||||| ||||| ||  | ||||| || ||||| 
Sbjct  1997  GCATATGCAAGAGAGCATGAGTCTGTTTGGTTCAAGGGGAAACGGTTTACGCCATCTATC  2056

Query  1855  TGGGCTGGAACTGCTGGAGAAGATCAAATTAAGCAACTTAAGCCTGCTCTTGATTC-TAA  1913
             |||||||| ||||| || ||||| |||||||| || || |  |||||| | || ||  ||
Sbjct  2057  TGGGCTGGTACTGCAGGGGAAGACCAAATTAAACAGCTGAGACCTGCTTTAGACTCGAAA  2116

Query  1914  GGGAAAGAAGGTTGGAGAAGAATGGTTTACTACTCCTAAGGTTGAAATTGCTCTTGTTAG  1973
             |||||| ||||||||||||||||||||||| || || ||||| ||| ||||| | || ||
Sbjct  2117  GGGAAA-AAGGTTGGAGAAGAATGGTTTACAACCCCAAAGGTGGAAGTTGCTTTAGTCAG  2175

Query  1974  ATATCATGAAGCTTCTGAAAATGCTAAGGCTAGAGTTCTTGAACTTCTTAGAGAACTTTC  2033
             ||| |||||||||  ||| || || || ||  | ||  | || ||  | |||||  | ||
Sbjct  2176  ATACCATGAAGCTAGTGAGAACGCAAAAGCCCGGGTGTTGGAGCTGTTGAGAGAGTTATC  2235

Query  2034  TGTTAAGCTTCAAACTAAGATTAATGTTCTTGTTTTTGCTTCTATGCTTCTTGTTATTTC  2093
             | | ||  | ||||| || || |||||||| || ||||| ||||||||||| || ||| |
Sbjct  2236  TATAAAATTGCAAACAAAAATAAATGTTCTCGTGTTTGCATCTATGCTTCTCGTCATTGC  2295

Query  2094  TAAGGCTCTTTTTTCTCATGCTTGTGAAGGAAGAAGAAGAAAGTGGGTTTTTCCTACTCT  2153
              || ||  | ||| | |||||||||||||| |||||| |||||||||||||||| || ||
Sbjct  2296  AAAAGCATTATTTGCCCATGCTTGTGAAGGGAGAAGACGAAAGTGGGTTTTTCCAACACT  2355

Query  2154  TGTTGGATTTTCTCTTGATGAAGGAGCTAAGCCTCTTGATGGAGCTTCTAGAATGAAGCT  2213
             ||| |||||   |   ||||| ||||| || ||  | | ||| ||   | |||||||| |
Sbjct  2356  TGTCGGATTCAATACAGATGAGGGAGCAAAACCATTAGTTGGTGCCGGTCGAATGAAGTT  2415

Query  2214  TACTGGACTTTCTCCTTATTGGTTTGATGTTTCTTCTGGAACTGCTGTTCATAATACTGT  2273
              || || || || |||||||||||||||||  ||||||| ||||||||||| || || ||
Sbjct  2416  GACAGGCCTATCACCTTATTGGTTTGATGTAGCTTCTGGCACTGCTGTTCACAACACCGT  2475

Query  2274  TGATATGCAATCTCTTTTTCTTCTTACTGGACCTAATGGAGGAGGAAAGTCTTCTCTTCT  2333
             ||| |||||||| || || ||||| |||||||| || || || || || ||   | | ||
Sbjct  2476  TGACATGCAATCACTGTTCCTTCTAACTGGACCCAACGGTGGTGGTAAATCGAGTTTGCT  2535

Query  2334  TAGATCTATTTGTGCTGCTGCTCTTCTTGGAATTTCTGGACTTATGGTTCCTGCTGAATC  2393
              ||||| |||||||| |||||||| ||||||||||| ||  | |||||||| ||||||||
Sbjct  2536  CAGATCGATTTGTGCAGCTGCTCTACTTGGAATTTCCGGTTTAATGGTTCCAGCTGAATC  2595

Query  2394  TGCTTGTATTCCTCATTTTGATTCTATTATGCTTCATATGAAGTCTTATGATTCTCCTGT  2453
              |||| ||||||||| |||||||| || |||||||| ||||| || |||||    |||||
Sbjct  2596  AGCTTTTATTCCTCACTTTGATTCCATCATGCTTCACATGAAATCCTATGACAGCCCTGT  2655

Query  2454  TGATGGAAAGTCTTCTTTTCAAGTTGAAATGTCTGAAATTAGATCTATTGTTTCTCAAGC  2513
              || |||||   ||||||||| || |||||||| |||||  ||||||||||    || ||
Sbjct  2656  AGACGGAAAAAGTTCTTTTCAGGTAGAAATGTCGGAAATACGATCTATTGTAAGCCAGGC  2715

Query  2514  TACTTCTAGATCTCTTGTTCTTATTGATGAAATTTGTAGAGGAACTGAAACTGCTAAGGG  2573
             |||||| |||   || || ||||| ||||| || ||  |||| || || || || || ||
Sbjct  2716  TACTTCGAGAAGCCTAGTGCTTATAGATGAGATATGCCGAGGGACAGAGACAGCAAAAGG  2775

Query  2574  AACTTGTATTGCTGGATCTGTTGTTGAATCTCTTGATACTTCTGGATGTCTTGGAATTGT  2633
              || ||||| |||||   ||| || || | |||||| ||   ||| ||| | || || ||
Sbjct  2776  CACCTGTATCGCTGGTAGTGTGGTAGAGTGTCTTGACACAAGTGGTTGTTTGGGTATCGT  2835

Query  2634  TTCTACTCATCTTCATGGAATTTTTTCTCTTCCTCTTACTGCTAAGAATATTACTTATAA  2693
              ||||||||||| |||||||||||   | | |||||||| || || || || || |||||
Sbjct  2836  ATCTACTCATCTCCATGGAATTTTCAGTTTACCTCTTACAGCCAAAAACATCACATATAA  2895

Query  2694  GGCTATGGGAGCTGAAAATGTTGAAGGACAAACTAAGCCTACTTGGAAGCTTACTGATGG  2753
             ||| |||||||| ||||| || ||||| ||||| ||||| ||||||||  | || |||||
Sbjct  2896  GGCAATGGGAGCCGAAAACGTCGAAGGGCAAACAAAGCCAACTTGGAAATTGACAGATGG  2955

Query  2754  AGTTTGTAGAGAATCTCTTGCTTTTGAAACTGCTAAGAGAGAAGGAGTTCCTGAATCTGT  2813
             ||| ||  ||||   |||||| |||||||| |||||||| ||||| ||||| || ||  |
Sbjct  2956  AGTCTGCCGAGAGAGTCTTGCGTTTGAAACAGCTAAGAGGGAAGGCGTTCCCGAGTCATT  3015

Query  2814  TATTCAAAGAGCTGAAGCTCTTTATCTTTCTGTTTATGCTAAGGATGCTTCTGCTGAAGT  2873
              || || ||||| ||||||||||| || || |||||||| || ||||| ||  |||||||
Sbjct  3016  AATCCAGAGAGCCGAAGCTCTTTACCTCTCAGTTTATGCAAAAGATGCATCATCTGAAGT  3075

Query  2874  TGTTAAGCCTGATCAAATTATTACTTCTTCTAATAATGATCAACAAAT-TCAAAAGCCTG  2932
             | | || ||  |  ||||  | ||||| || || ||||| || || || |  || ||| |
Sbjct  3076  TCTCAAACCCAACAAAATCGTAACTTCATCCAACAATGACCAGCAGATCTGCAA-GCCAG  3134

Query  2933  TTTCTTCTGAAAGATCTCTTGAAAAGGATCTT-GCTAAGGCTATTGTTAAGATTTGTGGA  2991
             |    ||||| |||  | | || ||||| ||| || || |||||  |||| || ||||||
Sbjct  3135  TGAGCTCTGAGAGAAGTTTGGAGAAGGA-CTTGGCAAAAGCTATCATTAAAATCTGTGGA  3193

Query  2992  AAGAAGATGATTGAACCTGAAGCTATT-GAATGTCTTTCTATTGGAGCTAGAGAACTTCC  3050
             || ||||||||||| |||||||| ||| || |||||||| ||||| ||| | || |||||
Sbjct  3194  AAAAAGATGATTGAGCCTGAAGC-ATTAGAGTGTCTTTCAATTGGTGCTCGCGAGCTTCC  3252

Query  3051  TCCTCCTTCTACTGTTGGATCTTCTTGTGTTTATGTTATGAGAAGACCTGATAAGAGACT  3110
              ||||| ||||| ||||| ||||| ||||| ||||| ||| | ||||||||||||||| |
Sbjct  3253  ACCTCCATCTACAGTTGGTTCTTCATGTGTATATGTGATGCGTAGACCTGATAAGAGATT  3312

Query  3111  TTATATTGGACAAACTGATGATCTTGAAGGAAGAATTAGAGCTCATAGAGCTAAGGAAGG  3170
              || |||||||| || ||||||||||||||| ||||  | || ||| |||| || |||||
Sbjct  3313  GTACATTGGACAGACGGATGATCTTGAAGGACGAATACGTGCGCATCGAGCCAAAGAAGG  3372

Query  3171  ACTTCAAGGATCTTCTTTTCTTTATCTTATGGTTCAAGG-AA-AGTCTATGGCTTGTCAA  3228
             ||| ||||| ||   |||| | || ||||||||| |||| || || || ||||||| || 
Sbjct  3373  ACTGCAAGGGTCAAGTTTTTTATACCTTATGGTTAAAGGTAAGAG-CT-TGGCTTGCCAG  3430

Query  3229  CTTGAAACTCTTCTTATTAATCAACTTCATGAACAAGGATATTCTCTTGCTAATCTTGCT  3288
             || || || ||||| ||||| ||||| |||||||| || || ||||||||||| || || 
Sbjct  3431  CTGGAGACCCTTCTGATTAACCAACTACATGAACAGGGCTACTCTCTTGCTAACCTAGCC  3490

Query  3289  GATGGAAAGCATAGAAATTTTGGAAC  3314
             |||||||||||  | ||||| |||||
Sbjct  3491  GATGGAAAGCACCGGAATTTCGGAAC  3516



Lambda      K        H
    1.33    0.621     1.12 

Gapped
Lambda      K        H
    1.28    0.460    0.850 

Effective search space used: 160268139036783


Query= testnucl2 lcl|NM_103665.2_cdsid_NP_175203.2 [gene=OSB1]
[protein=protein OSB1] [protein_id=NP_175203.2] [location=25..810]

Length=783


***** No hits found *****



Lambda      K        H
    1.33    0.621     1.12 

Gapped
Lambda      K        H
    1.28    0.460    0.850 

Effective search space used: 36247105845750


  Database: NCBI Transcript Reference Sequences
    Posted date:  Oct 27, 2017  3:00 AM
  Number of letters in database: 49,012,475,527
  Number of sequences in database:  20,697,002



Matrix: blastn matrix 1 -2
Gap Penalties: Existence: 0, Extension: 2.5
