BLASTP 2.6.0+


Reference: Stephen F. Altschul, Thomas L. Madden, Alejandro A.
Schaffer, Jinghui Zhang, Zheng Zhang, Webb Miller, and David J.
Lipman (1997), "Gapped BLAST and PSI-BLAST: a new generation of
protein database search programs", Nucleic Acids Res. 25:3389-3402.


Reference for composition-based statistics: Alejandro A. Schaffer,
L. Aravind, Thomas L. Madden, Sergei Shavirin, John L. Spouge, Yuri
I. Wolf, Eugene V. Koonin, and Stephen F. Altschul (2001),
"Improving the accuracy of PSI-BLAST protein database searches with
composition-based statistics and other refinements", Nucleic Acids
Res. 29:2994-3005.



Database: NCBI Protein Reference Sequences
           95,853,804 sequences; 36,456,471,926 total letters



Query= testprot1 lcl|NM_113339.3_cdsid_NP_189075.2 [gene=MSH1]
[protein=MUTL protein-like protein 1] [protein_id=NP_189075.2]
[location=124..3480]

Length=1118
                                                                      Score     E
Sequences producing significant alignments:                          (Bits)  Value

NP_189075.2  MUTL protein homolog 1 [Arabidopsis thaliana]            2309    0.0  
XP_010488531.1  PREDICTED: DNA mismatch repair protein MSH1, mito...  2229    0.0  
XP_010488530.1  PREDICTED: DNA mismatch repair protein MSH1, mito...  2224    0.0  
XP_020887401.1  LOW QUALITY PROTEIN: DNA mismatch repair protein ...  2216    0.0  


>NP_189075.2 MUTL protein homolog 1 [Arabidopsis thaliana]
Length=1118

 Score = 2309 bits (5984),  Expect = 0.0, Method: Compositional matrix adjust.
 Identities = 1118/1118 (100%), Positives = 1118/1118 (100%), Gaps = 0/1118 (0%)

Query  1     MHWIATRNAVVSFPKWRFFFRSSYRTYSSLKPSSPILLNRRYSEGISCLRDGKSLKRITT  60
             MHWIATRNAVVSFPKWRFFFRSSYRTYSSLKPSSPILLNRRYSEGISCLRDGKSLKRITT
Sbjct  1     MHWIATRNAVVSFPKWRFFFRSSYRTYSSLKPSSPILLNRRYSEGISCLRDGKSLKRITT  60

Query  61    ASKKVKTSSDVLTDKDLSHLVWWKERLQTCKKPSTLQLIERLMYTNLLGLDPSLRNGSLK  120
             ASKKVKTSSDVLTDKDLSHLVWWKERLQTCKKPSTLQLIERLMYTNLLGLDPSLRNGSLK
Sbjct  61    ASKKVKTSSDVLTDKDLSHLVWWKERLQTCKKPSTLQLIERLMYTNLLGLDPSLRNGSLK  120

Query  121   DGNLNWEMLQFKSRFPREVLLCRVGEFYEAIGIDACILVEYAGLNPFGGLRSDSIPKAGC  180
             DGNLNWEMLQFKSRFPREVLLCRVGEFYEAIGIDACILVEYAGLNPFGGLRSDSIPKAGC
Sbjct  121   DGNLNWEMLQFKSRFPREVLLCRVGEFYEAIGIDACILVEYAGLNPFGGLRSDSIPKAGC  180

Query  181   PIMNLRQTLDDLTRNGYSVCIVEEVQGPTPARSRKGRFISGHAHPGSPYVYGLVGVDHDL  240
             PIMNLRQTLDDLTRNGYSVCIVEEVQGPTPARSRKGRFISGHAHPGSPYVYGLVGVDHDL
Sbjct  181   PIMNLRQTLDDLTRNGYSVCIVEEVQGPTPARSRKGRFISGHAHPGSPYVYGLVGVDHDL  240

Query  241   DFPDPMPVVGISRSARGYCMISIFETMKAYSLDDGLTEEALVTKLRTRRCHHLFLHASLR  300
             DFPDPMPVVGISRSARGYCMISIFETMKAYSLDDGLTEEALVTKLRTRRCHHLFLHASLR
Sbjct  241   DFPDPMPVVGISRSARGYCMISIFETMKAYSLDDGLTEEALVTKLRTRRCHHLFLHASLR  300

Query  301   HNASGTCRWGEFGEGGLLWGECSSRNFEWFEGDTLSELLSRVKDVYGLDDEVSFRNVNVP  360
             HNASGTCRWGEFGEGGLLWGECSSRNFEWFEGDTLSELLSRVKDVYGLDDEVSFRNVNVP
Sbjct  301   HNASGTCRWGEFGEGGLLWGECSSRNFEWFEGDTLSELLSRVKDVYGLDDEVSFRNVNVP  360

Query  361   SKNRPRPLHLGTATQIGALPTEGIPCLLKVLLPSTCSGLPSLYVRDLLLNPPAYDIALKI  420
             SKNRPRPLHLGTATQIGALPTEGIPCLLKVLLPSTCSGLPSLYVRDLLLNPPAYDIALKI
Sbjct  361   SKNRPRPLHLGTATQIGALPTEGIPCLLKVLLPSTCSGLPSLYVRDLLLNPPAYDIALKI  420

Query  421   QETCKLMSTVTCSIPEFTCVSSAKLVKLLEQREANYIEFCRIKNVLDDVLHMHRHAELVE  480
             QETCKLMSTVTCSIPEFTCVSSAKLVKLLEQREANYIEFCRIKNVLDDVLHMHRHAELVE
Sbjct  421   QETCKLMSTVTCSIPEFTCVSSAKLVKLLEQREANYIEFCRIKNVLDDVLHMHRHAELVE  480

Query  481   ILKLLMDPTWVATGLKIDFDTFVNECHWASDTIGEMISLDENESHQNVSKCDNVPNEFFY  540
             ILKLLMDPTWVATGLKIDFDTFVNECHWASDTIGEMISLDENESHQNVSKCDNVPNEFFY
Sbjct  481   ILKLLMDPTWVATGLKIDFDTFVNECHWASDTIGEMISLDENESHQNVSKCDNVPNEFFY  540

Query  541   DMESSWRGRVKGIHIEEEITQVEKSAEALSLAVAEDFHPIISRIKATTASLGGPKGEIAY  600
             DMESSWRGRVKGIHIEEEITQVEKSAEALSLAVAEDFHPIISRIKATTASLGGPKGEIAY
Sbjct  541   DMESSWRGRVKGIHIEEEITQVEKSAEALSLAVAEDFHPIISRIKATTASLGGPKGEIAY  600

Query  601   AREHESVWFKGKRFTPSIWAGTAGEDQIKQLKPALDSKGKKVGEEWFTTPKVEIALVRYH  660
             AREHESVWFKGKRFTPSIWAGTAGEDQIKQLKPALDSKGKKVGEEWFTTPKVEIALVRYH
Sbjct  601   AREHESVWFKGKRFTPSIWAGTAGEDQIKQLKPALDSKGKKVGEEWFTTPKVEIALVRYH  660

Query  661   EASENAKARVLELLRELSVKLQTKINVLVFASMLLVISKALFSHACEGRRRKWVFPTLVG  720
             EASENAKARVLELLRELSVKLQTKINVLVFASMLLVISKALFSHACEGRRRKWVFPTLVG
Sbjct  661   EASENAKARVLELLRELSVKLQTKINVLVFASMLLVISKALFSHACEGRRRKWVFPTLVG  720

Query  721   FSLDEGAKPLDGASRMKLTGLSPYWFDVSSGTAVHNTVDMQSLFLLTGPNGGGKSSLLRS  780
             FSLDEGAKPLDGASRMKLTGLSPYWFDVSSGTAVHNTVDMQSLFLLTGPNGGGKSSLLRS
Sbjct  721   FSLDEGAKPLDGASRMKLTGLSPYWFDVSSGTAVHNTVDMQSLFLLTGPNGGGKSSLLRS  780

Query  781   ICAAALLGISGLMVPAESACIPHFDSIMLHMKSYDSPVDGKSSFQVEMSEIRSIVSQATS  840
             ICAAALLGISGLMVPAESACIPHFDSIMLHMKSYDSPVDGKSSFQVEMSEIRSIVSQATS
Sbjct  781   ICAAALLGISGLMVPAESACIPHFDSIMLHMKSYDSPVDGKSSFQVEMSEIRSIVSQATS  840

Query  841   RSLVLIDEICRGTETAKGTCIAGSVVESLDTSGCLGIVSTHLHGIFSLPLTAKNITYKAM  900
             RSLVLIDEICRGTETAKGTCIAGSVVESLDTSGCLGIVSTHLHGIFSLPLTAKNITYKAM
Sbjct  841   RSLVLIDEICRGTETAKGTCIAGSVVESLDTSGCLGIVSTHLHGIFSLPLTAKNITYKAM  900

Query  901   GAENVEGQTKPTWKLTDGVCRESLAFETAKREGVPESVIQRAEALYLSVYAKDASAEVVK  960
             GAENVEGQTKPTWKLTDGVCRESLAFETAKREGVPESVIQRAEALYLSVYAKDASAEVVK
Sbjct  901   GAENVEGQTKPTWKLTDGVCRESLAFETAKREGVPESVIQRAEALYLSVYAKDASAEVVK  960

Query  961   PDQIITSSNNDQQIQKPVSSERSLEKDLAKAIVKICGKKMIEPEAIECLSIGARELPPPS  1020
             PDQIITSSNNDQQIQKPVSSERSLEKDLAKAIVKICGKKMIEPEAIECLSIGARELPPPS
Sbjct  961   PDQIITSSNNDQQIQKPVSSERSLEKDLAKAIVKICGKKMIEPEAIECLSIGARELPPPS  1020

Query  1021  TVGSSCVYVMRRPDKRLYIGQTDDLEGRIRAHRAKEGLQGSSFLYLMVQGKSMACQLETL  1080
             TVGSSCVYVMRRPDKRLYIGQTDDLEGRIRAHRAKEGLQGSSFLYLMVQGKSMACQLETL
Sbjct  1021  TVGSSCVYVMRRPDKRLYIGQTDDLEGRIRAHRAKEGLQGSSFLYLMVQGKSMACQLETL  1080

Query  1081  LINQLHEQGYSLANLADGKHRNFGTSSSLSTSDVVSIL  1118
             LINQLHEQGYSLANLADGKHRNFGTSSSLSTSDVVSIL
Sbjct  1081  LINQLHEQGYSLANLADGKHRNFGTSSSLSTSDVVSIL  1118


>XP_010488531.1 PREDICTED: DNA mismatch repair protein MSH1, mitochondrial isoform 
X2 [Camelina sativa]
Length=1118

 Score = 2229 bits (5776),  Expect = 0.0, Method: Compositional matrix adjust.
 Identities = 1070/1117 (96%), Positives = 1100/1117 (98%), Gaps = 0/1117 (0%)

Query  1     MHWIATRNAVVSFPKWRFFFRSSYRTYSSLKPSSPILLNRRYSEGISCLRDGKSLKRITT  60
             MHWIATRNAVVS PKWRF FRSSYRTY SLKPSSPILLNRRYSEGI CLRD K+LK ITT
Sbjct  1     MHWIATRNAVVSLPKWRFIFRSSYRTYYSLKPSSPILLNRRYSEGIHCLRDRKALKGITT  60

Query  61    ASKKVKTSSDVLTDKDLSHLVWWKERLQTCKKPSTLQLIERLMYTNLLGLDPSLRNGSLK  120
             ASKKVKTSSDVLTDKDLSHLVWWKERLQTCKKPSTLQLIERLMYTNLLGLDPSLRNGSLK
Sbjct  61    ASKKVKTSSDVLTDKDLSHLVWWKERLQTCKKPSTLQLIERLMYTNLLGLDPSLRNGSLK  120

Query  121   DGNLNWEMLQFKSRFPREVLLCRVGEFYEAIGIDACILVEYAGLNPFGGLRSDSIPKAGC  180
             DGNLNWEMLQFKSRFPREVLLCRVG+FYEAIGIDACILVEYAGLNPFGGLRSDS+PKAGC
Sbjct  121   DGNLNWEMLQFKSRFPREVLLCRVGDFYEAIGIDACILVEYAGLNPFGGLRSDSVPKAGC  180

Query  181   PIMNLRQTLDDLTRNGYSVCIVEEVQGPTPARSRKGRFISGHAHPGSPYVYGLVGVDHDL  240
             P++NLRQTLDDLTRNGYSVCIVEEVQGPTPARSRKGRFISGHAHPGSPYVYGLVGVDHDL
Sbjct  181   PVVNLRQTLDDLTRNGYSVCIVEEVQGPTPARSRKGRFISGHAHPGSPYVYGLVGVDHDL  240

Query  241   DFPDPMPVVGISRSARGYCMISIFETMKAYSLDDGLTEEALVTKLRTRRCHHLFLHASLR  300
             DFP+PMPVVGISRSARGYCM+SIFETMKAYSLDDGLTEEALVTKLRTRRCHHLFLHASLR
Sbjct  241   DFPEPMPVVGISRSARGYCMLSIFETMKAYSLDDGLTEEALVTKLRTRRCHHLFLHASLR  300

Query  301   HNASGTCRWGEFGEGGLLWGECSSRNFEWFEGDTLSELLSRVKDVYGLDDEVSFRNVNVP  360
             HNASGTCRWGEFGEGGLLWGECS RNFEWFEGDTLSELLSRVKDVYGLDDEVSFRNVNVP
Sbjct  301   HNASGTCRWGEFGEGGLLWGECSGRNFEWFEGDTLSELLSRVKDVYGLDDEVSFRNVNVP  360

Query  361   SKNRPRPLHLGTATQIGALPTEGIPCLLKVLLPSTCSGLPSLYVRDLLLNPPAYDIALKI  420
             SKNRPRPLHLGTATQIGALPTEGIPCLLKVLLPSTCSGLPSLYVRDLLLNPPAYDIALKI
Sbjct  361   SKNRPRPLHLGTATQIGALPTEGIPCLLKVLLPSTCSGLPSLYVRDLLLNPPAYDIALKI  420

Query  421   QETCKLMSTVTCSIPEFTCVSSAKLVKLLEQREANYIEFCRIKNVLDDVLHMHRHAELVE  480
             QETCKLMSTVTCSIPEFTCVSSAKLVKLLEQREANYIEFCRIKNV+D+VLHMHRH ELVE
Sbjct  421   QETCKLMSTVTCSIPEFTCVSSAKLVKLLEQREANYIEFCRIKNVVDEVLHMHRHVELVE  480

Query  481   ILKLLMDPTWVATGLKIDFDTFVNECHWASDTIGEMISLDENESHQNVSKCDNVPNEFFY  540
             ILKLLM+PTWVATGLKIDF+TFVNECHWASDTIGEMIS+D+NESHQNVSKC NVPNEFFY
Sbjct  481   ILKLLMEPTWVATGLKIDFETFVNECHWASDTIGEMISIDDNESHQNVSKCANVPNEFFY  540

Query  541   DMESSWRGRVKGIHIEEEITQVEKSAEALSLAVAEDFHPIISRIKATTASLGGPKGEIAY  600
             DMESSWRGRVKGIHIEEEITQVEKSAEALSLAVAEDFHPIISRIKATTA+LGGPKGEIAY
Sbjct  541   DMESSWRGRVKGIHIEEEITQVEKSAEALSLAVAEDFHPIISRIKATTAALGGPKGEIAY  600

Query  601   AREHESVWFKGKRFTPSIWAGTAGEDQIKQLKPALDSKGKKVGEEWFTTPKVEIALVRYH  660
             AREHESVWFKGKRFTPSIWAGTAGE+QIKQLKPALDSKGK+VGEEWFTTPKVE+ALVRYH
Sbjct  601   AREHESVWFKGKRFTPSIWAGTAGEEQIKQLKPALDSKGKRVGEEWFTTPKVEVALVRYH  660

Query  661   EASENAKARVLELLRELSVKLQTKINVLVFASMLLVISKALFSHACEGRRRKWVFPTLVG  720
             EASENAKARVLELLRELS+KLQTKINVLVFASMLLVI+KALF+HACEGRRRKWVFPTLVG
Sbjct  661   EASENAKARVLELLRELSIKLQTKINVLVFASMLLVIAKALFAHACEGRRRKWVFPTLVG  720

Query  721   FSLDEGAKPLDGASRMKLTGLSPYWFDVSSGTAVHNTVDMQSLFLLTGPNGGGKSSLLRS  780
             F+ DEGAK LDGA RMKLTGLSPYWFDV SGTAVHNTVDMQSLFLLTGPNGGGKSSLLRS
Sbjct  721   FNTDEGAKALDGAGRMKLTGLSPYWFDVVSGTAVHNTVDMQSLFLLTGPNGGGKSSLLRS  780

Query  781   ICAAALLGISGLMVPAESACIPHFDSIMLHMKSYDSPVDGKSSFQVEMSEIRSIVSQATS  840
             ICAAALLGISGLMVPAESACIPHFDSIMLHMKSYDSPVDGKSSFQVEMSEIRSIVSQATS
Sbjct  781   ICAAALLGISGLMVPAESACIPHFDSIMLHMKSYDSPVDGKSSFQVEMSEIRSIVSQATS  840

Query  841   RSLVLIDEICRGTETAKGTCIAGSVVESLDTSGCLGIVSTHLHGIFSLPLTAKNITYKAM  900
             RSLVLIDEICRGTETAKGTCIAGSVVE LDTSGCLGIVSTHLHGIFSLPLTAKNITYKAM
Sbjct  841   RSLVLIDEICRGTETAKGTCIAGSVVECLDTSGCLGIVSTHLHGIFSLPLTAKNITYKAM  900

Query  901   GAENVEGQTKPTWKLTDGVCRESLAFETAKREGVPESVIQRAEALYLSVYAKDASAEVVK  960
             GAENVEGQTKPTWKLTDGVCRESLAFETAKREGVPES+IQRAEALYLSVYAKDAS+EVVK
Sbjct  901   GAENVEGQTKPTWKLTDGVCRESLAFETAKREGVPESLIQRAEALYLSVYAKDASSEVVK  960

Query  961   PDQIITSSNNDQQIQKPVSSERSLEKDLAKAIVKICGKKMIEPEAIECLSIGARELPPPS  1020
             P++I+T SNNDQQI KPVSSERSLEKDLAKAI+KICGKKMIEPEA+ECLSIGARELPPPS
Sbjct  961   PNKIVTPSNNDQQICKPVSSERSLEKDLAKAIIKICGKKMIEPEALECLSIGARELPPPS  1020

Query  1021  TVGSSCVYVMRRPDKRLYIGQTDDLEGRIRAHRAKEGLQGSSFLYLMVQGKSMACQLETL  1080
             TVGSSCVYVMRRPDK+LYIGQTDDLEGRIRAHRAKEGLQGSSFLYLMV+GKSMACQLETL
Sbjct  1021  TVGSSCVYVMRRPDKKLYIGQTDDLEGRIRAHRAKEGLQGSSFLYLMVKGKSMACQLETL  1080

Query  1081  LINQLHEQGYSLANLADGKHRNFGTSSSLSTSDVVSI  1117
             LINQLHEQGYSLANLADGKHRNFGTSSSLST DVVSI
Sbjct  1081  LINQLHEQGYSLANLADGKHRNFGTSSSLSTPDVVSI  1117



Lambda      K        H        a         alpha
   0.319    0.134    0.401    0.792     4.96 

Gapped
Lambda      K        H        a         alpha    sigma
   0.267   0.0410    0.140     1.90     42.6     43.6 

Effective search space used: 19670486335498


Query= testprot2 lcl|NM_103665.2_cdsid_NP_175203.2 [gene=OSB1]
[protein=protein OSB1] [protein_id=NP_175203.2] [location=25..810]

Length=261
                                                                      Score     E
Sequences producing significant alignments:                          (Bits)  Value

NP_175203.2  Primosome PriB/single-strand DNA-binding protein [Ar...  540     0.0   
XP_020870675.1  protein OSB1, mitochondrial isoform X1 [Arabidops...  447     8e-158
XP_020870676.1  protein OSB1, mitochondrial isoform X2 [Arabidops...  441     3e-155
XP_010479172.1  PREDICTED: protein OSB1, mitochondrial-like [Came...  414     2e-144


>NP_175203.2 Primosome PriB/single-strand DNA-binding protein [Arabidopsis 
thaliana]
Length=261

 Score = 540 bits (1390),  Expect = 0.0, Method: Compositional matrix adjust.
 Identities = 261/261 (100%), Positives = 261/261 (100%), Gaps = 0/261 (0%)

Query  1    MNTFFKLGSLIQRTASQISSSFPKSRFFSDGESAVYHHARLFKKPLSTKLKFNLVNSVSL  60
            MNTFFKLGSLIQRTASQISSSFPKSRFFSDGESAVYHHARLFKKPLSTKLKFNLVNSVSL
Sbjct  1    MNTFFKLGSLIQRTASQISSSFPKSRFFSDGESAVYHHARLFKKPLSTKLKFNLVNSVSL  60

Query  61   MGFVDRSIQVMNTGPDRFGVFTILRVKDPLNPNRSFRISLRMWDAMARTCIAHLKLNDHI  120
            MGFVDRSIQVMNTGPDRFGVFTILRVKDPLNPNRSFRISLRMWDAMARTCIAHLKLNDHI
Sbjct  61   MGFVDRSIQVMNTGPDRFGVFTILRVKDPLNPNRSFRISLRMWDAMARTCIAHLKLNDHI  120

Query  121  LVSGRLESYSKSSSDVYSGLNLDYQVKVAEVNYVAAPPSHVLDSQISKNPKTKTEDDIEE  180
            LVSGRLESYSKSSSDVYSGLNLDYQVKVAEVNYVAAPPSHVLDSQISKNPKTKTEDDIEE
Sbjct  121  LVSGRLESYSKSSSDVYSGLNLDYQVKVAEVNYVAAPPSHVLDSQISKNPKTKTEDDIEE  180

Query  181  SKKDEIYLWQVFFSNPYDWWDNRRNKKNPKQPDFKHKDTGEALWLCSDLPDWITRRLELF  240
            SKKDEIYLWQVFFSNPYDWWDNRRNKKNPKQPDFKHKDTGEALWLCSDLPDWITRRLELF
Sbjct  181  SKKDEIYLWQVFFSNPYDWWDNRRNKKNPKQPDFKHKDTGEALWLCSDLPDWITRRLELF  240

Query  241  DQKNRFYDEEKTRRDRLSDYI  261
            DQKNRFYDEEKTRRDRLSDYI
Sbjct  241  DQKNRFYDEEKTRRDRLSDYI  261


>XP_020870675.1 protein OSB1, mitochondrial isoform X1 [Arabidopsis lyrata subsp. 
lyrata]
Length=261

 Score = 447 bits (1150),  Expect = 8e-158, Method: Compositional matrix adjust.
 Identities = 219/261 (84%), Positives = 236/261 (90%), Gaps = 0/261 (0%)

Query  1    MNTFFKLGSLIQRTASQISSSFPKSRFFSDGESAVYHHARLFKKPLSTKLKFNLVNSVSL  60
            MNTFFKLGSLIQRTASQISSSFPKSRFFSDGESAVYHHARLFKKPLSTKLKFNLVNSVSL
Sbjct  1    MNTFFKLGSLIQRTASQISSSFPKSRFFSDGESAVYHHARLFKKPLSTKLKFNLVNSVSL  60

Query  61   MGFVDRSIQVMNTGPDRFGVFTILRVKDPLNPNRSFRISLRMWDAMARTCIAHLKLNDHI  120
            MGFVDR I+VM+TGPD FGVFT+LRVKDPL PNRSFRISL MW  MARTCI++LK NDHI
Sbjct  61   MGFVDRPIRVMDTGPDNFGVFTMLRVKDPLIPNRSFRISLTMWGTMARTCISYLKPNDHI  120

Query  121  LVSGRLESYSKSSSDVYSGLNLDYQVKVAEVNYVAAPPSHVLDSQISKNPKTKTEDDIEE  180
            LVSGRL S+SKS  D  SGL+LDYQV+V EVNYVAAPP+ VLDSQ S+ P ++ ED IEE
Sbjct  121  LVSGRLVSHSKSPRDENSGLDLDYQVRVTEVNYVAAPPNLVLDSQNSEKPVSEAEDGIEE  180

Query  181  SKKDEIYLWQVFFSNPYDWWDNRRNKKNPKQPDFKHKDTGEALWLCSDLPDWITRRLELF  240
            SK D+IYLWQVFFSNPYDWWDNRRNKKNP QPDFKHKDTGEALWL SD+PDWI RRLELF
Sbjct  181  SKIDKIYLWQVFFSNPYDWWDNRRNKKNPMQPDFKHKDTGEALWLDSDIPDWINRRLELF  240

Query  241  DQKNRFYDEEKTRRDRLSDYI  261
            DQ+NR YDEEKTRR RLS++I
Sbjct  241  DQRNRCYDEEKTRRGRLSEWI  261



Lambda      K        H        a         alpha
   0.319    0.134    0.407    0.792     4.96 

Gapped
Lambda      K        H        a         alpha    sigma
   0.267   0.0410    0.140     1.90     42.6     43.6 

Effective search space used: 2450702547186


  Database: NCBI Protein Reference Sequences
    Posted date:  Oct 26, 2017  7:00 PM
  Number of letters in database: 36,456,471,926
  Number of sequences in database:  95,853,804



Matrix: BLOSUM62
Gap Penalties: Existence: 11, Extension: 1
Neighboring words threshold: 11
Window for multiple hits: 40
