BLASTP 2.6.0+


Reference: Stephen F. Altschul, Thomas L. Madden, Alejandro A.
Schaffer, Jinghui Zhang, Zheng Zhang, Webb Miller, and David J.
Lipman (1997), "Gapped BLAST and PSI-BLAST: a new generation of
protein database search programs", Nucleic Acids Res. 25:3389-3402.


Reference for composition-based statistics: Alejandro A. Schaffer,
L. Aravind, Thomas L. Madden, Sergei Shavirin, John L. Spouge, Yuri
I. Wolf, Eugene V. Koonin, and Stephen F. Altschul (2001),
"Improving the accuracy of PSI-BLAST protein database searches with
composition-based statistics and other refinements", Nucleic Acids
Res. 29:2994-3005.



Database: UniProt release 2017_10: UniProt Knowledgebase (TrEMBL)
           93,236,986 sequences; 31,415,603,306 total letters



Query= testprot1 lcl|NM_113339.3_cdsid_NP_189075.2 [gene=MSH1]
[protein=MUTL protein-like protein 1] [protein_id=NP_189075.2]
[location=124..3480]

Length=1118
                                                                      Score     E
Sequences producing significant alignments:                          (Bits)  Value

D7L521  Uncharacterized protein OS=Arabidopsis lyrata subsp. lyra...  2222    0.0  
V4MXJ1  Uncharacterized protein OS=Eutrema salsugineum GN=EUTSA_v...  2125    0.0  
A0A078IGX9  BnaC07g08470D protein OS=Brassica napus GN=BnaC07g084...  2110    0.0  
A0A0D3D537  Uncharacterized protein OS=Brassica oleracea var. ole...  2109    0.0  


>D7L521 Uncharacterized protein OS=Arabidopsis lyrata subsp. lyrata GN=ARALYDRAFT_479946 
PE=4 SV=1
Length=1115

 Score = 2222 bits (5759),  Expect = 0.0, Method: Compositional matrix adjust.
 Identities = 1072/1117 (96%), Positives = 1096/1117 (98%), Gaps = 3/1117 (0%)

Query  1     MHWIATRNAVVSFPKWRFFFRSSYRTYSSLKPSSPILLNRRYSEGISCLRDGKSLKRITT  60
             MHWIATRNAVVSFPKWRF FRSSYRTYSSLKPSSPILLNRRYSEGI CLRD KSLK ITT
Sbjct  1     MHWIATRNAVVSFPKWRFLFRSSYRTYSSLKPSSPILLNRRYSEGIYCLRDRKSLKGITT  60

Query  61    ASKKVKTSSDVLTDKDLSHLVWWKERLQTCKKPSTLQLIERLMYTNLLGLDPSLRNGSLK  120
             ASKKVKTSSDVLTDKDLSHLVWWKERLQTCKKPSTLQLIERLMYTNLLGLDPSLRNGSLK
Sbjct  61    ASKKVKTSSDVLTDKDLSHLVWWKERLQTCKKPSTLQLIERLMYTNLLGLDPSLRNGSLK  120

Query  121   DGNLNWEMLQFKSRFPREVLLCRVGEFYEAIGIDACILVEYAGLNPFGGLRSDSIPKAGC  180
             DGNLNWEMLQFKSRFPREVLLCRVG+FYEAIGIDACILVEYAGLNPFGGLRSDS+PKAGC
Sbjct  121   DGNLNWEMLQFKSRFPREVLLCRVGDFYEAIGIDACILVEYAGLNPFGGLRSDSVPKAGC  180

Query  181   PIMNLRQTLDDLTRNGYSVCIVEEVQGPTPARSRKGRFISGHAHPGSPYVYGLVGVDHDL  240
             P++NLRQTLDDLTRNGYSVCIVEEVQGPT ARSRKGRFISGHAHPGSPYVYGLVGVDHDL
Sbjct  181   PVVNLRQTLDDLTRNGYSVCIVEEVQGPTQARSRKGRFISGHAHPGSPYVYGLVGVDHDL  240

Query  241   DFPDPMPVVGISRSARGYCMISIFETMKAYSLDDGLTEEALVTKLRTRRCHHLFLHASLR  300
             DFP+PMPVVGISRSARGYCMISIFETMKAYSLDDGLTEEALVTKLRTRRCHHLFLHASLR
Sbjct  241   DFPEPMPVVGISRSARGYCMISIFETMKAYSLDDGLTEEALVTKLRTRRCHHLFLHASLR  300

Query  301   HNASGTCRWGEFGEGGLLWGECSSRNFEWFEGDTLSELLSRVKDVYGLDDEVSFRNVNVP  360
             HNASGTCRWGEFGEGGLLWGECS RNFEWFEGDTLSELLSRVKDVYGLDDEVSFRNVNVP
Sbjct  301   HNASGTCRWGEFGEGGLLWGECSGRNFEWFEGDTLSELLSRVKDVYGLDDEVSFRNVNVP  360

Query  361   SKNRPRPLHLGTATQIGALPTEGIPCLLKVLLPSTCSGLPSLYVRDLLLNPPAYDIALKI  420
             SKNRPRPLHLGTATQIG+L   G+PCLLKVLLPSTCSGLPSLYVRDLLLNPPAYDIALKI
Sbjct  361   SKNRPRPLHLGTATQIGSL---GVPCLLKVLLPSTCSGLPSLYVRDLLLNPPAYDIALKI  417

Query  421   QETCKLMSTVTCSIPEFTCVSSAKLVKLLEQREANYIEFCRIKNVLDDVLHMHRHAELVE  480
             QETCKLMS VTCSIPEFTC+SSAKLVKLLEQREANYIEFCRIKNVLD+VLHM++HAELVE
Sbjct  418   QETCKLMSIVTCSIPEFTCLSSAKLVKLLEQREANYIEFCRIKNVLDEVLHMYKHAELVE  477

Query  481   ILKLLMDPTWVATGLKIDFDTFVNECHWASDTIGEMISLDENESHQNVSKCDNVPNEFFY  540
             ILKLLMDPTWVATGLKIDF+TFVNECHWASDTIGEMISLD+NESHQNVSKC NVPNEFFY
Sbjct  478   ILKLLMDPTWVATGLKIDFETFVNECHWASDTIGEMISLDDNESHQNVSKCANVPNEFFY  537

Query  541   DMESSWRGRVKGIHIEEEITQVEKSAEALSLAVAEDFHPIISRIKATTASLGGPKGEIAY  600
             DMESSWRGRVKGIHIE+EITQVEKSAEALSLAVAEDF PIISRIKATTASLGGPKGEIAY
Sbjct  538   DMESSWRGRVKGIHIEKEITQVEKSAEALSLAVAEDFLPIISRIKATTASLGGPKGEIAY  597

Query  601   AREHESVWFKGKRFTPSIWAGTAGEDQIKQLKPALDSKGKKVGEEWFTTPKVEIALVRYH  660
             AREHESVWFKGKRFTPSIWAGTAGEDQIKQLKPA DSKGKKVGEEWFTTPKVE ALVRYH
Sbjct  598   AREHESVWFKGKRFTPSIWAGTAGEDQIKQLKPAFDSKGKKVGEEWFTTPKVEAALVRYH  657

Query  661   EASENAKARVLELLRELSVKLQTKINVLVFASMLLVISKALFSHACEGRRRKWVFPTLVG  720
             EASENAK RVLELLRELSVKLQTKINVLVFASMLLVISKALF+HACEGRRRKWVFPTLV 
Sbjct  658   EASENAKTRVLELLRELSVKLQTKINVLVFASMLLVISKALFAHACEGRRRKWVFPTLVR  717

Query  721   FSLDEGAKPLDGASRMKLTGLSPYWFDVSSGTAVHNTVDMQSLFLLTGPNGGGKSSLLRS  780
             FS DEGAKPLDGASRMKLTGLSPYWFDVSSGTAVHNTVDMQSLFLLTGPNGGGKSSLLRS
Sbjct  718   FSTDEGAKPLDGASRMKLTGLSPYWFDVSSGTAVHNTVDMQSLFLLTGPNGGGKSSLLRS  777

Query  781   ICAAALLGISGLMVPAESACIPHFDSIMLHMKSYDSPVDGKSSFQVEMSEIRSIVSQATS  840
             ICAAALLGISGLMVPAESA IPHFDSIMLHMKSYDSPVDGKSSFQVEMSEIRSIVSQATS
Sbjct  778   ICAAALLGISGLMVPAESASIPHFDSIMLHMKSYDSPVDGKSSFQVEMSEIRSIVSQATS  837

Query  841   RSLVLIDEICRGTETAKGTCIAGSVVESLDTSGCLGIVSTHLHGIFSLPLTAKNITYKAM  900
             RSLVLIDEICRGTETAKGTCIAGSVVESLDTSGCLGIVSTHLHGIFSLPL AKNITYKAM
Sbjct  838   RSLVLIDEICRGTETAKGTCIAGSVVESLDTSGCLGIVSTHLHGIFSLPLAAKNITYKAM  897

Query  901   GAENVEGQTKPTWKLTDGVCRESLAFETAKREGVPESVIQRAEALYLSVYAKDASAEVVK  960
             GAENVEGQTKPTWKLTDGVCRESLAFETAKREGVPE++IQRAEALYLSVYAKDAS+ VVK
Sbjct  898   GAENVEGQTKPTWKLTDGVCRESLAFETAKREGVPETIIQRAEALYLSVYAKDASSGVVK  957

Query  961   PDQIITSSNNDQQIQKPVSSERSLEKDLAKAIVKICGKKMIEPEAIECLSIGARELPPPS  1020
             PD+I+TSSNNDQQI+KPVSSERSLEKDLAKAI+KICGKKMIEPEA+ECLSIGARELPPPS
Sbjct  958   PDKIVTSSNNDQQIRKPVSSERSLEKDLAKAIIKICGKKMIEPEALECLSIGARELPPPS  1017

Query  1021  TVGSSCVYVMRRPDKRLYIGQTDDLEGRIRAHRAKEGLQGSSFLYLMVQGKSMACQLETL  1080
             TVGSSCVYVMRRPDKRLYIGQTDDLEGRIR+HRAKEGLQGSSFLYLMVQGKSMACQLETL
Sbjct  1018  TVGSSCVYVMRRPDKRLYIGQTDDLEGRIRSHRAKEGLQGSSFLYLMVQGKSMACQLETL  1077

Query  1081  LINQLHEQGYSLANLADGKHRNFGTSSSLSTSDVVSI  1117
             LINQLHEQGYSLANLADGKHRNFGTSSSLS SDVVSI
Sbjct  1078  LINQLHEQGYSLANLADGKHRNFGTSSSLSASDVVSI  1114


>V4MXJ1 Uncharacterized protein OS=Eutrema salsugineum GN=EUTSA_v10002376mg 
PE=4 SV=1
Length=1122

 Score = 2125 bits (5506),  Expect = 0.0, Method: Compositional matrix adjust.
 Identities = 1018/1121 (91%), Positives = 1069/1121 (95%), Gaps = 4/1121 (0%)

Query  1     MHWIATRNAVVSFPKWR---FFFRSSYRTYSSLKPSSPILLNRRYSEGISCLRDGKSLKR  57
             MHW+ATRNAVVSFPKWR   F FRS +R YSS KPS  +L N RYS    CL D K++K 
Sbjct  1     MHWVATRNAVVSFPKWRSFAFLFRSPFRNYSSFKPSPLLLSNTRYSVRTYCLGDRKAVKG  60

Query  58    ITTASKKVKTS-SDVLTDKDLSHLVWWKERLQTCKKPSTLQLIERLMYTNLLGLDPSLRN  116
             ITTAS+KVKT  SD LTDKDLSHLVWWKERLQTCKKPSTLQLIERLMYTNLLGLDPSLRN
Sbjct  61    ITTASRKVKTKPSDALTDKDLSHLVWWKERLQTCKKPSTLQLIERLMYTNLLGLDPSLRN  120

Query  117   GSLKDGNLNWEMLQFKSRFPREVLLCRVGEFYEAIGIDACILVEYAGLNPFGGLRSDSIP  176
             GSLKDGNLNWEMLQFKSRFPREVLLCRVG+FYEA+GIDACILVEYAGLNPFGGLRSDS+P
Sbjct  121   GSLKDGNLNWEMLQFKSRFPREVLLCRVGDFYEALGIDACILVEYAGLNPFGGLRSDSVP  180

Query  177   KAGCPIMNLRQTLDDLTRNGYSVCIVEEVQGPTPARSRKGRFISGHAHPGSPYVYGLVGV  236
             KAGCP++NLRQTLDDLTRNGYSVCIVEEVQGPTPARSRKGRFISGHAHPGSPYVYGLVG 
Sbjct  181   KAGCPVVNLRQTLDDLTRNGYSVCIVEEVQGPTPARSRKGRFISGHAHPGSPYVYGLVGA  240

Query  237   DHDLDFPDPMPVVGISRSARGYCMISIFETMKAYSLDDGLTEEALVTKLRTRRCHHLFLH  296
             DHDLDFP+PMPVVGISRSARGYCMISIFETMKAYSLDDGLTEEALVTKLRT RCHHLFLH
Sbjct  241   DHDLDFPEPMPVVGISRSARGYCMISIFETMKAYSLDDGLTEEALVTKLRTHRCHHLFLH  300

Query  297   ASLRHNASGTCRWGEFGEGGLLWGECSSRNFEWFEGDTLSELLSRVKDVYGLDDEVSFRN  356
             ASLRHNASGTCRWGEFGEGGLLWGECS RNFEWFEGD LSELLS+VK VYGLDDEVSFRN
Sbjct  301   ASLRHNASGTCRWGEFGEGGLLWGECSGRNFEWFEGDALSELLSKVKAVYGLDDEVSFRN  360

Query  357   VNVPSKNRPRPLHLGTATQIGALPTEGIPCLLKVLLPSTCSGLPSLYVRDLLLNPPAYDI  416
             VNVPS+NRPRPLHLGTATQIGALPTEGIPCLLKVLLPSTCSGLPSLYVRDLLLNPPAYDI
Sbjct  361   VNVPSENRPRPLHLGTATQIGALPTEGIPCLLKVLLPSTCSGLPSLYVRDLLLNPPAYDI  420

Query  417   ALKIQETCKLMSTVTCSIPEFTCVSSAKLVKLLEQREANYIEFCRIKNVLDDVLHMHRHA  476
             ALKIQETCKLMST+TCS+PEFTCVSSAKLVKLLEQREANYIEFCRIKNVLD+VLHMHRH 
Sbjct  421   ALKIQETCKLMSTITCSVPEFTCVSSAKLVKLLEQREANYIEFCRIKNVLDEVLHMHRHP  480

Query  477   ELVEILKLLMDPTWVATGLKIDFDTFVNECHWASDTIGEMISLDENESHQNVSKCDNVPN  536
             ELVEIL+LLM+PTWVATGLKIDF+TFVNECHWAS++IGEMISLD++ESHQ+VSKC NVPN
Sbjct  481   ELVEILELLMEPTWVATGLKIDFETFVNECHWASESIGEMISLDDDESHQSVSKCANVPN  540

Query  537   EFFYDMESSWRGRVKGIHIEEEITQVEKSAEALSLAVAEDFHPIISRIKATTASLGGPKG  596
             EFFYDMESSWRGRVKGIHIEEEI+QVEKSAEALSLAV EDFHPIISRIKA  +SLGG KG
Sbjct  541   EFFYDMESSWRGRVKGIHIEEEISQVEKSAEALSLAVTEDFHPIISRIKAMASSLGGSKG  600

Query  597   EIAYAREHESVWFKGKRFTPSIWAGTAGEDQIKQLKPALDSKGKKVGEEWFTTPKVEIAL  656
             EIAYAREHESVWFKGKRFTPS+W GTAGEDQIKQLKPALDSKGKKVGEEWFTT KVE AL
Sbjct  601   EIAYAREHESVWFKGKRFTPSVWGGTAGEDQIKQLKPALDSKGKKVGEEWFTTQKVEAAL  660

Query  657   VRYHEASENAKARVLELLRELSVKLQTKINVLVFASMLLVISKALFSHACEGRRRKWVFP  716
             VRYHEASENA ARVLELLRELS KLQTKINVLVFASMLLVI+KALF+HACEGRRRKWVFP
Sbjct  661   VRYHEASENANARVLELLRELSAKLQTKINVLVFASMLLVIAKALFAHACEGRRRKWVFP  720

Query  717   TLVGFSLDEGAKPLDGASRMKLTGLSPYWFDVSSGTAVHNTVDMQSLFLLTGPNGGGKSS  776
             TLVGFS +EGAKPLDGA RMKL+GLSPYWFDV+SGTAVHNTVDMQSLFLLTGPNGGGKSS
Sbjct  721   TLVGFSTEEGAKPLDGAGRMKLSGLSPYWFDVASGTAVHNTVDMQSLFLLTGPNGGGKSS  780

Query  777   LLRSICAAALLGISGLMVPAESACIPHFDSIMLHMKSYDSPVDGKSSFQVEMSEIRSIVS  836
             LLRSICAAALLGI G MVPAESA IPHFDSIMLHMKSYDSPVDGKSSFQVEMSEIRSIVS
Sbjct  781   LLRSICAAALLGICGFMVPAESAYIPHFDSIMLHMKSYDSPVDGKSSFQVEMSEIRSIVS  840

Query  837   QATSRSLVLIDEICRGTETAKGTCIAGSVVESLDTSGCLGIVSTHLHGIFSLPLTAKNIT  896
             QATSRSLVLIDEICRGTETAKGTCIAGSV+E LD +GCLGIVSTHLHGIFSLPLTAKN+T
Sbjct  841   QATSRSLVLIDEICRGTETAKGTCIAGSVIECLDATGCLGIVSTHLHGIFSLPLTAKNVT  900

Query  897   YKAMGAENVEGQTKPTWKLTDGVCRESLAFETAKREGVPESVIQRAEALYLSVYAKDASA  956
             YKAMGA+NVEGQTKPTW+LTDGVCRESLAFETAKREGVPE++IQRAEALYLSVY KDAS+
Sbjct  901   YKAMGAKNVEGQTKPTWRLTDGVCRESLAFETAKREGVPETIIQRAEALYLSVYTKDASS  960

Query  957   EVVKPDQIITSSNNDQQIQKPVSSERSLEKDLAKAIVKICGKKMIEPEAIECLSIGAREL  1016
              VVKPD+  TSSNN+QQI KPVSSERSLEK+LAKAI+KICG+KM+EP  +ECL IGAREL
Sbjct  961   GVVKPDKTETSSNNEQQIHKPVSSERSLEKELAKAILKICGRKMVEPVTLECLFIGAREL  1020

Query  1017  PPPSTVGSSCVYVMRRPDKRLYIGQTDDLEGRIRAHRAKEGLQGSSFLYLMVQGKSMACQ  1076
             PPPSTVGSSCVYVM+RPDKRLYIGQTDDLEGRIRAHRAKEGLQGSSFLYL+VQGKSMACQ
Sbjct  1021  PPPSTVGSSCVYVMQRPDKRLYIGQTDDLEGRIRAHRAKEGLQGSSFLYLVVQGKSMACQ  1080

Query  1077  LETLLINQLHEQGYSLANLADGKHRNFGTSSSLSTSDVVSI  1117
             LETLLINQLHEQGYSLANLADGKHRNFGTSSSLST+DVVSI
Sbjct  1081  LETLLINQLHEQGYSLANLADGKHRNFGTSSSLSTTDVVSI  1121



Lambda      K        H        a         alpha
   0.319    0.134    0.401    0.792     4.96 

Gapped
Lambda      K        H        a         alpha    sigma
   0.267   0.0410    0.140     1.90     42.6     43.6 

Effective search space used: 15488165731540


Query= testprot2 lcl|NM_103665.2_cdsid_NP_175203.2 [gene=OSB1]
[protein=protein OSB1] [protein_id=NP_175203.2] [location=25..810]

Length=261
                                                                      Score     E
Sequences producing significant alignments:                          (Bits)  Value

A0A178WG32  OSB1 OS=Arabidopsis thaliana GN=AXX17_At1g41790 PE=4 ...  538     0.0   
D7KAX3  Organellar single-stranded OS=Arabidopsis lyrata subsp. l...  447     7e-158
R0I451  Uncharacterized protein OS=Capsella rubella GN=CARUB_v100...  405     3e-141
R0IJB8  Uncharacterized protein OS=Capsella rubella GN=CARUB_v100...  399     6e-139


>A0A178WG32 OSB1 OS=Arabidopsis thaliana GN=AXX17_At1g41790 PE=4 SV=1
Length=261

 Score = 538 bits (1385),  Expect = 0.0, Method: Compositional matrix adjust.
 Identities = 260/261 (99%), Positives = 260/261 (99%), Gaps = 0/261 (0%)

Query  1    MNTFFKLGSLIQRTASQISSSFPKSRFFSDGESAVYHHARLFKKPLSTKLKFNLVNSVSL  60
            MNTFFKLGSLIQRTASQISSSFPKSRFFSDGESAVYHHARLFKKPLSTKLKFNLVNSVSL
Sbjct  1    MNTFFKLGSLIQRTASQISSSFPKSRFFSDGESAVYHHARLFKKPLSTKLKFNLVNSVSL  60

Query  61   MGFVDRSIQVMNTGPDRFGVFTILRVKDPLNPNRSFRISLRMWDAMARTCIAHLKLNDHI  120
            MGFVDRSIQVMNTGPDRFGVFTILRVKDPLNPNRSFRISLRMWD MARTCIAHLKLNDHI
Sbjct  61   MGFVDRSIQVMNTGPDRFGVFTILRVKDPLNPNRSFRISLRMWDEMARTCIAHLKLNDHI  120

Query  121  LVSGRLESYSKSSSDVYSGLNLDYQVKVAEVNYVAAPPSHVLDSQISKNPKTKTEDDIEE  180
            LVSGRLESYSKSSSDVYSGLNLDYQVKVAEVNYVAAPPSHVLDSQISKNPKTKTEDDIEE
Sbjct  121  LVSGRLESYSKSSSDVYSGLNLDYQVKVAEVNYVAAPPSHVLDSQISKNPKTKTEDDIEE  180

Query  181  SKKDEIYLWQVFFSNPYDWWDNRRNKKNPKQPDFKHKDTGEALWLCSDLPDWITRRLELF  240
            SKKDEIYLWQVFFSNPYDWWDNRRNKKNPKQPDFKHKDTGEALWLCSDLPDWITRRLELF
Sbjct  181  SKKDEIYLWQVFFSNPYDWWDNRRNKKNPKQPDFKHKDTGEALWLCSDLPDWITRRLELF  240

Query  241  DQKNRFYDEEKTRRDRLSDYI  261
            DQKNRFYDEEKTRRDRLSDYI
Sbjct  241  DQKNRFYDEEKTRRDRLSDYI  261


>D7KAX3 Organellar single-stranded OS=Arabidopsis lyrata subsp. lyrata 
GN=OSB1 PE=4 SV=1
Length=261

 Score = 447 bits (1150),  Expect = 7e-158, Method: Compositional matrix adjust.
 Identities = 219/261 (84%), Positives = 236/261 (90%), Gaps = 0/261 (0%)

Query  1    MNTFFKLGSLIQRTASQISSSFPKSRFFSDGESAVYHHARLFKKPLSTKLKFNLVNSVSL  60
            MNTFFKLGSLIQRTASQISSSFPKSRFFSDGESAVYHHARLFKKPLSTKLKFNLVNSVSL
Sbjct  1    MNTFFKLGSLIQRTASQISSSFPKSRFFSDGESAVYHHARLFKKPLSTKLKFNLVNSVSL  60

Query  61   MGFVDRSIQVMNTGPDRFGVFTILRVKDPLNPNRSFRISLRMWDAMARTCIAHLKLNDHI  120
            MGFVDR I+VM+TGPD FGVFT+LRVKDPL PNRSFRISL MW  MARTCI++LK NDHI
Sbjct  61   MGFVDRPIRVMDTGPDNFGVFTMLRVKDPLIPNRSFRISLTMWGTMARTCISYLKPNDHI  120

Query  121  LVSGRLESYSKSSSDVYSGLNLDYQVKVAEVNYVAAPPSHVLDSQISKNPKTKTEDDIEE  180
            LVSGRL S+SKS  D  SGL+LDYQV+V EVNYVAAPP+ VLDSQ S+ P ++ ED IEE
Sbjct  121  LVSGRLVSHSKSPRDENSGLDLDYQVRVTEVNYVAAPPNLVLDSQNSEKPVSEAEDGIEE  180

Query  181  SKKDEIYLWQVFFSNPYDWWDNRRNKKNPKQPDFKHKDTGEALWLCSDLPDWITRRLELF  240
            SK D+IYLWQVFFSNPYDWWDNRRNKKNP QPDFKHKDTGEALWL SD+PDWI RRLELF
Sbjct  181  SKIDKIYLWQVFFSNPYDWWDNRRNKKNPMQPDFKHKDTGEALWLDSDIPDWINRRLELF  240

Query  241  DQKNRFYDEEKTRRDRLSDYI  261
            DQ+NR YDEEKTRR RLS++I
Sbjct  241  DQRNRCYDEEKTRRGRLSEWI  261



Lambda      K        H        a         alpha
   0.319    0.134    0.407    0.792     4.96 

Gapped
Lambda      K        H        a         alpha    sigma
   0.267   0.0410    0.140     1.90     42.6     43.6 

Effective search space used: 1990667819714


  Database: UniProt release 2017_10: UniProt Knowledgebase (TrEMBL)
    Posted date:  Oct 27, 2017  12:34 PM
  Number of letters in database: 31,415,603,306
  Number of sequences in database:  93,236,986



Matrix: BLOSUM62
Gap Penalties: Existence: 11, Extension: 1
Neighboring words threshold: 11
Window for multiple hits: 40
