BLASTP 2.6.0+


Reference: Stephen F. Altschul, Thomas L. Madden, Alejandro A.
Schaffer, Jinghui Zhang, Zheng Zhang, Webb Miller, and David J.
Lipman (1997), "Gapped BLAST and PSI-BLAST: a new generation of
protein database search programs", Nucleic Acids Res. 25:3389-3402.


Reference for composition-based statistics: Alejandro A. Schaffer,
L. Aravind, Thomas L. Madden, Sergei Shavirin, John L. Spouge, Yuri
I. Wolf, Eugene V. Koonin, and Stephen F. Altschul (2001),
"Improving the accuracy of PSI-BLAST protein database searches with
composition-based statistics and other refinements", Nucleic Acids
Res. 29:2994-3005.



Database: UniProt release 2017_10: UniProt Reference Clusters (UniRef50)
           26,169,982 sequences; 8,120,947,734 total letters



Query= testprot1 lcl|NM_113339.3_cdsid_NP_189075.2 [gene=MSH1]
[protein=MUTL protein-like protein 1] [protein_id=NP_189075.2]
[location=124..3480]

Length=1118
                                                                      Score     E
Sequences producing significant alignments:                          (Bits)  Value

UniRef50_Q84LK0  DNA mismatch repair protein MSH1, mitochondrial ...  2309    0.0  
UniRef50_A0A200PVR9  GIY-YIG nuclease superfamily n=1 Tax=Macleay...  1592    0.0  
UniRef50_A0A218Y3W6  Uncharacterized protein n=1 Tax=Punica grana...  1586    0.0  
UniRef50_UPI000B933957  DNA mismatch repair protein MSH1, mitocho...  1584    0.0  


>UniRef50_Q84LK0 DNA mismatch repair protein MSH1, mitochondrial n=41 Tax=Mesangiospermae 
TaxID=1437183 RepID=MSH1_ARATH
Length=1118

 Score = 2309 bits (5984),  Expect = 0.0, Method: Compositional matrix adjust.
 Identities = 1118/1118 (100%), Positives = 1118/1118 (100%), Gaps = 0/1118 (0%)

Query  1     MHWIATRNAVVSFPKWRFFFRSSYRTYSSLKPSSPILLNRRYSEGISCLRDGKSLKRITT  60
             MHWIATRNAVVSFPKWRFFFRSSYRTYSSLKPSSPILLNRRYSEGISCLRDGKSLKRITT
Sbjct  1     MHWIATRNAVVSFPKWRFFFRSSYRTYSSLKPSSPILLNRRYSEGISCLRDGKSLKRITT  60

Query  61    ASKKVKTSSDVLTDKDLSHLVWWKERLQTCKKPSTLQLIERLMYTNLLGLDPSLRNGSLK  120
             ASKKVKTSSDVLTDKDLSHLVWWKERLQTCKKPSTLQLIERLMYTNLLGLDPSLRNGSLK
Sbjct  61    ASKKVKTSSDVLTDKDLSHLVWWKERLQTCKKPSTLQLIERLMYTNLLGLDPSLRNGSLK  120

Query  121   DGNLNWEMLQFKSRFPREVLLCRVGEFYEAIGIDACILVEYAGLNPFGGLRSDSIPKAGC  180
             DGNLNWEMLQFKSRFPREVLLCRVGEFYEAIGIDACILVEYAGLNPFGGLRSDSIPKAGC
Sbjct  121   DGNLNWEMLQFKSRFPREVLLCRVGEFYEAIGIDACILVEYAGLNPFGGLRSDSIPKAGC  180

Query  181   PIMNLRQTLDDLTRNGYSVCIVEEVQGPTPARSRKGRFISGHAHPGSPYVYGLVGVDHDL  240
             PIMNLRQTLDDLTRNGYSVCIVEEVQGPTPARSRKGRFISGHAHPGSPYVYGLVGVDHDL
Sbjct  181   PIMNLRQTLDDLTRNGYSVCIVEEVQGPTPARSRKGRFISGHAHPGSPYVYGLVGVDHDL  240

Query  241   DFPDPMPVVGISRSARGYCMISIFETMKAYSLDDGLTEEALVTKLRTRRCHHLFLHASLR  300
             DFPDPMPVVGISRSARGYCMISIFETMKAYSLDDGLTEEALVTKLRTRRCHHLFLHASLR
Sbjct  241   DFPDPMPVVGISRSARGYCMISIFETMKAYSLDDGLTEEALVTKLRTRRCHHLFLHASLR  300

Query  301   HNASGTCRWGEFGEGGLLWGECSSRNFEWFEGDTLSELLSRVKDVYGLDDEVSFRNVNVP  360
             HNASGTCRWGEFGEGGLLWGECSSRNFEWFEGDTLSELLSRVKDVYGLDDEVSFRNVNVP
Sbjct  301   HNASGTCRWGEFGEGGLLWGECSSRNFEWFEGDTLSELLSRVKDVYGLDDEVSFRNVNVP  360

Query  361   SKNRPRPLHLGTATQIGALPTEGIPCLLKVLLPSTCSGLPSLYVRDLLLNPPAYDIALKI  420
             SKNRPRPLHLGTATQIGALPTEGIPCLLKVLLPSTCSGLPSLYVRDLLLNPPAYDIALKI
Sbjct  361   SKNRPRPLHLGTATQIGALPTEGIPCLLKVLLPSTCSGLPSLYVRDLLLNPPAYDIALKI  420

Query  421   QETCKLMSTVTCSIPEFTCVSSAKLVKLLEQREANYIEFCRIKNVLDDVLHMHRHAELVE  480
             QETCKLMSTVTCSIPEFTCVSSAKLVKLLEQREANYIEFCRIKNVLDDVLHMHRHAELVE
Sbjct  421   QETCKLMSTVTCSIPEFTCVSSAKLVKLLEQREANYIEFCRIKNVLDDVLHMHRHAELVE  480

Query  481   ILKLLMDPTWVATGLKIDFDTFVNECHWASDTIGEMISLDENESHQNVSKCDNVPNEFFY  540
             ILKLLMDPTWVATGLKIDFDTFVNECHWASDTIGEMISLDENESHQNVSKCDNVPNEFFY
Sbjct  481   ILKLLMDPTWVATGLKIDFDTFVNECHWASDTIGEMISLDENESHQNVSKCDNVPNEFFY  540

Query  541   DMESSWRGRVKGIHIEEEITQVEKSAEALSLAVAEDFHPIISRIKATTASLGGPKGEIAY  600
             DMESSWRGRVKGIHIEEEITQVEKSAEALSLAVAEDFHPIISRIKATTASLGGPKGEIAY
Sbjct  541   DMESSWRGRVKGIHIEEEITQVEKSAEALSLAVAEDFHPIISRIKATTASLGGPKGEIAY  600

Query  601   AREHESVWFKGKRFTPSIWAGTAGEDQIKQLKPALDSKGKKVGEEWFTTPKVEIALVRYH  660
             AREHESVWFKGKRFTPSIWAGTAGEDQIKQLKPALDSKGKKVGEEWFTTPKVEIALVRYH
Sbjct  601   AREHESVWFKGKRFTPSIWAGTAGEDQIKQLKPALDSKGKKVGEEWFTTPKVEIALVRYH  660

Query  661   EASENAKARVLELLRELSVKLQTKINVLVFASMLLVISKALFSHACEGRRRKWVFPTLVG  720
             EASENAKARVLELLRELSVKLQTKINVLVFASMLLVISKALFSHACEGRRRKWVFPTLVG
Sbjct  661   EASENAKARVLELLRELSVKLQTKINVLVFASMLLVISKALFSHACEGRRRKWVFPTLVG  720

Query  721   FSLDEGAKPLDGASRMKLTGLSPYWFDVSSGTAVHNTVDMQSLFLLTGPNGGGKSSLLRS  780
             FSLDEGAKPLDGASRMKLTGLSPYWFDVSSGTAVHNTVDMQSLFLLTGPNGGGKSSLLRS
Sbjct  721   FSLDEGAKPLDGASRMKLTGLSPYWFDVSSGTAVHNTVDMQSLFLLTGPNGGGKSSLLRS  780

Query  781   ICAAALLGISGLMVPAESACIPHFDSIMLHMKSYDSPVDGKSSFQVEMSEIRSIVSQATS  840
             ICAAALLGISGLMVPAESACIPHFDSIMLHMKSYDSPVDGKSSFQVEMSEIRSIVSQATS
Sbjct  781   ICAAALLGISGLMVPAESACIPHFDSIMLHMKSYDSPVDGKSSFQVEMSEIRSIVSQATS  840

Query  841   RSLVLIDEICRGTETAKGTCIAGSVVESLDTSGCLGIVSTHLHGIFSLPLTAKNITYKAM  900
             RSLVLIDEICRGTETAKGTCIAGSVVESLDTSGCLGIVSTHLHGIFSLPLTAKNITYKAM
Sbjct  841   RSLVLIDEICRGTETAKGTCIAGSVVESLDTSGCLGIVSTHLHGIFSLPLTAKNITYKAM  900

Query  901   GAENVEGQTKPTWKLTDGVCRESLAFETAKREGVPESVIQRAEALYLSVYAKDASAEVVK  960
             GAENVEGQTKPTWKLTDGVCRESLAFETAKREGVPESVIQRAEALYLSVYAKDASAEVVK
Sbjct  901   GAENVEGQTKPTWKLTDGVCRESLAFETAKREGVPESVIQRAEALYLSVYAKDASAEVVK  960

Query  961   PDQIITSSNNDQQIQKPVSSERSLEKDLAKAIVKICGKKMIEPEAIECLSIGARELPPPS  1020
             PDQIITSSNNDQQIQKPVSSERSLEKDLAKAIVKICGKKMIEPEAIECLSIGARELPPPS
Sbjct  961   PDQIITSSNNDQQIQKPVSSERSLEKDLAKAIVKICGKKMIEPEAIECLSIGARELPPPS  1020

Query  1021  TVGSSCVYVMRRPDKRLYIGQTDDLEGRIRAHRAKEGLQGSSFLYLMVQGKSMACQLETL  1080
             TVGSSCVYVMRRPDKRLYIGQTDDLEGRIRAHRAKEGLQGSSFLYLMVQGKSMACQLETL
Sbjct  1021  TVGSSCVYVMRRPDKRLYIGQTDDLEGRIRAHRAKEGLQGSSFLYLMVQGKSMACQLETL  1080

Query  1081  LINQLHEQGYSLANLADGKHRNFGTSSSLSTSDVVSIL  1118
             LINQLHEQGYSLANLADGKHRNFGTSSSLSTSDVVSIL
Sbjct  1081  LINQLHEQGYSLANLADGKHRNFGTSSSLSTSDVVSIL  1118


>UniRef50_A0A200PVR9 GIY-YIG nuclease superfamily n=1 Tax=Macleaya cordata TaxID=56857 
RepID=A0A200PVR9_9MAGN
Length=1198

 Score = 1592 bits (4121),  Expect = 0.0, Method: Compositional matrix adjust.
 Identities = 759/1105 (69%), Positives = 895/1105 (81%), Gaps = 30/1105 (3%)

Query  32    PSSPI-LLNRRYSEGISCLRDGKSLKRITTASKKVKTSSDVLTDKDLSHLVWWKERLQTC  90
             P S I  L  R  E +   R  + LK     +KK+K    +L +KD +H++WWKER+Q C
Sbjct  78    PCSQIYFLESRREERVRYFRAHRLLKATAITTKKLKEPKRLLDEKDEAHIMWWKERMQMC  137

Query  91    KKPSTLQLIERLMYTNLLGLDPSLRNGSLKDGNLNWEMLQFKSRFPREVLLCRVGEFYEA  150
             +KPS++QL++RL Y+NLLGLD +L+NGSLK+G LNWE+LQFKSRFPREVLLCRVG+FYEA
Sbjct  138   RKPSSIQLVKRLTYSNLLGLDVTLKNGSLKEGTLNWEILQFKSRFPREVLLCRVGDFYEA  197

Query  151   IGIDACILVEYAGLNPFGGLRSDSIPKAGCPIMNLRQTLDDLTRNGYSVCIVEEVQGPTP  210
             IGIDAC+LVE+AGLNPFGGLRSDSIP+AGCP+MNLRQTLDDLTR+GYSVCIVEEVQGPT 
Sbjct  198   IGIDACVLVEHAGLNPFGGLRSDSIPRAGCPVMNLRQTLDDLTRSGYSVCIVEEVQGPTQ  257

Query  211   ARSRKGRFISGHAHPGSPYVYGLVGVDHDLDFPDPMPVVGISRSARGYCMISIFETMKAY  270
             ARSRKGRFISGHAHPGSPYV+GL GVDHD+DFP+PMPVVG+SRSA+GYC++ + ETMK +
Sbjct  258   ARSRKGRFISGHAHPGSPYVFGLAGVDHDVDFPEPMPVVGVSRSAKGYCIVLVLETMKTF  317

Query  271   SLDDGLTEEALVTKLRTRRCHHLFLHASLRHNASGTCRWGEFGEGGLLWGECSSRNFEWF  330
             SL+DGLTEEA+VTKL T R HHLFLH SLR+N+SGT RWGEFGEGGLLWGECS R+FEWF
Sbjct  318   SLEDGLTEEAIVTKLHTCRYHHLFLHTSLRNNSSGTSRWGEFGEGGLLWGECSGRHFEWF  377

Query  331   EGDTLSELLSRVKDVYGLDDEVSFRNVNVPSKNRPRPLHLGTATQIGALPTEGIPCLLKV  390
             +G+ ++E+L +V+++YGLD EV FRNV V S+ RPRPLHLGTATQIGA+PTEGIP LLKV
Sbjct  378   DGNPVTEVLCKVRELYGLDHEVEFRNVTVSSEKRPRPLHLGTATQIGAIPTEGIPSLLKV  437

Query  391   LLPSTCSGLPSLYVRDLLLNPPAYDIALKIQETCKLMSTVTCSIPEFTCVSSAKLVKLLE  450
             LLPS CSGLP LY+RDLLLNPP Y IA  IQ TCKLMS+VTCSIPEFTCVS+AKLVKLLE
Sbjct  438   LLPSNCSGLPILYLRDLLLNPPTYAIASAIQATCKLMSSVTCSIPEFTCVSAAKLVKLLE  497

Query  451   QREANYIEFCRIKNVLDDVLHMHRHAELVEILKLLMDPTWVATGLKIDFDTFVNECHWAS  510
              REAN+IEFCRIKNV+D++  MHR++EL  IL+LL+DPTWVATGLKI+F T V+EC   S
Sbjct  498   SREANHIEFCRIKNVVDEISQMHRNSELDNILQLLLDPTWVATGLKIEFATLVSECEGIS  557

Query  511   DTIGEMISLDENESHQNVSKCDNVPNEFFYDMESSWRGRVKGIHIEEEITQVEKSAEALS  570
             + IG MISLD  E+ Q +S    +P++FF  MESSW+GRVK IH EE   +VE++AEALS
Sbjct  558   ERIGGMISLD-GENDQRISSSRVIPSDFFEAMESSWKGRVKRIHAEEAFAEVERAAEALS  616

Query  571   LAVAEDFHPIISRIKATTASLGGPKGEIAYAREHESVWFKGKRFTPSIWAGTAGEDQIKQ  630
             +AV EDF PI+SR+KATTA LGGP+GEI YAREHE+VWFKGKRF PSIWAGT GE+QIKQ
Sbjct  617   VAVTEDFIPIVSRVKATTAPLGGPRGEILYAREHEAVWFKGKRFAPSIWAGTPGEEQIKQ  676

Query  631   LKPALDSKGKKVGEEWFTTPKVEIALVRYHEASENAKARVLELLRELSVKLQTKINVLVF  690
             L+PA DSKG+KVGEEWFTT KVE AL+RYHEA   AK +VLELLR LS  LQTKIN+LVF
Sbjct  677   LRPATDSKGRKVGEEWFTTKKVEDALIRYHEAGAKAKLKVLELLRRLSAALQTKINILVF  736

Query  691   ASMLLVISKALFSHACEGRRRKWVFPTLVGFSLDEGAKPLDGASRMKLTGLSPYWFDVSS  750
             ASMLL+I+KALFSH  EGRRRKWVFP LV F   +     DG+++MK+TGLSPYWFDV+ 
Sbjct  737   ASMLLIIAKALFSHVSEGRRRKWVFPALVEFLKTKDKNSSDGSNKMKITGLSPYWFDVAQ  796

Query  751   GTAVHNTVDMQSLFLLTGPNGGGKSSLLRSICAAALLGISGLMVPAESACIPHFDSIMLH  810
             G+A+HNTV+MQSLFLLTGPNGGGKSSLLRS+C  ALLGI GLMVPAE A IPHFDSIMLH
Sbjct  797   GSAIHNTVEMQSLFLLTGPNGGGKSSLLRSVCTVALLGICGLMVPAEFALIPHFDSIMLH  856

Query  811   MKSYDSPVDGKSSFQVEMSEIRSIVSQATSRSLVLIDEICRGTETAKGTCIAGSVVESLD  870
             MKSYDSP DGKSSFQ+EMSEIRSI++ ATSRSLVL+DEICRGTETAKG CIAGS++E+LD
Sbjct  857   MKSYDSPADGKSSFQIEMSEIRSIITGATSRSLVLVDEICRGTETAKGACIAGSIIETLD  916

Query  871   TSGCLGIVSTHLHGIFSLPLTAKNITYKAMGAENVEGQTKPTWKLTDGVCRESLAFETAK  930
               GCLGIVSTHLHGIFSLPL   N  YKAMG E V+GQ KPTWKL DG+CRESLA ETA+
Sbjct  917   NIGCLGIVSTHLHGIFSLPLKTNNTVYKAMGTEIVDGQPKPTWKLIDGICRESLALETAQ  976

Query  931   REGVPESVIQRAEALYLSVYAKDASAEVVKPDQIITSSNNDQQIQKPVSSERS-------  983
             +EG+P S+IQRAE LYLS+  KD           + SSN D+++        S       
Sbjct  977   KEGIPGSIIQRAEELYLSLNGKDVCLGTSDTKVELQSSNFDKELSDEADDLSSIIRIKTV  1036

Query  984   ------------LEKDLAKAIVKICGKKMI---------EPEAIECLSIGARELPPPSTV  1022
                         L K++A AI  IC KK+I         E   + C++I ARE PPPS +
Sbjct  1037  KFKSEILNPMEILLKEVATAITIICQKKLIELYKQRNLSELAEVACITIAAREQPPPSVI  1096

Query  1023  GSSCVYVMRRPDKRLYIGQTDDLEGRIRAHRAKEGLQGSSFLYLMVQGKSMACQLETLLI  1082
             GSSCVYV+ RPD +LY+G+TDDLEGR+R HR+KEG+Q   FLY++V GKS+A  LET+LI
Sbjct  1097  GSSCVYVLFRPDNKLYVGETDDLEGRVRTHRSKEGMQNVQFLYVVVPGKSVATLLETILI  1156

Query  1083  NQLHEQGYSLANLADGKHRNFGTSS  1107
             NQL  QG+ L N+ADGKHRNFGTS+
Sbjct  1157  NQLPHQGFRLTNVADGKHRNFGTSN  1181



Lambda      K        H        a         alpha
   0.319    0.134    0.401    0.792     4.96 

Gapped
Lambda      K        H        a         alpha    sigma
   0.267   0.0410    0.140     1.90     42.6     43.6 

Effective search space used: 3972847570920


Query= testprot2 lcl|NM_103665.2_cdsid_NP_175203.2 [gene=OSB1]
[protein=protein OSB1] [protein_id=NP_175203.2] [location=25..810]

Length=261
                                                                      Score     E
Sequences producing significant alignments:                          (Bits)  Value

UniRef50_Q9SX99  Protein OSB1, mitochondrial n=15 Tax=Brassicacea...  540     0.0   
UniRef50_A0A087GGS6  Uncharacterized protein n=3 Tax=Brassicales ...  342     6e-117
UniRef50_A0A0D3DJX9  Uncharacterized protein n=8 Tax=Brassica Tax...  324     2e-107
UniRef50_UPI00085A5854  protein OSB1, mitochondrial n=1 Tax=Rapha...  319     1e-105


>UniRef50_Q9SX99 Protein OSB1, mitochondrial n=15 Tax=Brassicaceae TaxID=3700 
RepID=OSB1_ARATH
Length=261

 Score = 540 bits (1390),  Expect = 0.0, Method: Compositional matrix adjust.
 Identities = 261/261 (100%), Positives = 261/261 (100%), Gaps = 0/261 (0%)

Query  1    MNTFFKLGSLIQRTASQISSSFPKSRFFSDGESAVYHHARLFKKPLSTKLKFNLVNSVSL  60
            MNTFFKLGSLIQRTASQISSSFPKSRFFSDGESAVYHHARLFKKPLSTKLKFNLVNSVSL
Sbjct  1    MNTFFKLGSLIQRTASQISSSFPKSRFFSDGESAVYHHARLFKKPLSTKLKFNLVNSVSL  60

Query  61   MGFVDRSIQVMNTGPDRFGVFTILRVKDPLNPNRSFRISLRMWDAMARTCIAHLKLNDHI  120
            MGFVDRSIQVMNTGPDRFGVFTILRVKDPLNPNRSFRISLRMWDAMARTCIAHLKLNDHI
Sbjct  61   MGFVDRSIQVMNTGPDRFGVFTILRVKDPLNPNRSFRISLRMWDAMARTCIAHLKLNDHI  120

Query  121  LVSGRLESYSKSSSDVYSGLNLDYQVKVAEVNYVAAPPSHVLDSQISKNPKTKTEDDIEE  180
            LVSGRLESYSKSSSDVYSGLNLDYQVKVAEVNYVAAPPSHVLDSQISKNPKTKTEDDIEE
Sbjct  121  LVSGRLESYSKSSSDVYSGLNLDYQVKVAEVNYVAAPPSHVLDSQISKNPKTKTEDDIEE  180

Query  181  SKKDEIYLWQVFFSNPYDWWDNRRNKKNPKQPDFKHKDTGEALWLCSDLPDWITRRLELF  240
            SKKDEIYLWQVFFSNPYDWWDNRRNKKNPKQPDFKHKDTGEALWLCSDLPDWITRRLELF
Sbjct  181  SKKDEIYLWQVFFSNPYDWWDNRRNKKNPKQPDFKHKDTGEALWLCSDLPDWITRRLELF  240

Query  241  DQKNRFYDEEKTRRDRLSDYI  261
            DQKNRFYDEEKTRRDRLSDYI
Sbjct  241  DQKNRFYDEEKTRRDRLSDYI  261


>UniRef50_A0A087GGS6 Uncharacterized protein n=3 Tax=Brassicales TaxID=3699 RepID=A0A087GGS6_ARAAL
Length=274

 Score = 342 bits (878),  Expect = 6e-117, Method: Compositional matrix adjust.
 Identities = 174/275 (63%), Positives = 210/275 (76%), Gaps = 15/275 (5%)

Query  1    MNTFFKLGSLIQRTAS-------QISSSFPKSRFFS---DGESAVYHHARLFKKPLSTKL  50
            MNTF + G+LI+RT+S       +  + FPKS FFS   DGES VYHHARLF+KPLS + 
Sbjct  1    MNTF-RFGTLIRRTSSHQFLNYAKSFAGFPKSGFFSGCTDGESEVYHHARLFRKPLSAQF  59

Query  51   KFNLVNSVSLMGFVDRSIQVMNTGPDRFGVFTILRVKDPLNPNRSFRISLRMWDAMARTC  110
            KFN  NS+SLMGFVDR ++V++T PD FGVFT LRVKDP +PNRSFR+SL MWD +AR C
Sbjct  60   KFNQSNSISLMGFVDRPVRVLDTNPDNFGVFTFLRVKDPRDPNRSFRMSLGMWDGIARMC  119

Query  111  IAHLKLNDHILVSGRLESYSKSSSDVYSGLNLDYQVKVAEVNYVAAPPSHVLDSQISKNP  170
            IAHLK ND I VSGRL SYSK+S +   G +  YQVKV EVNY  APPSH+L+S +S+  
Sbjct  120  IAHLKQNDFIHVSGRLVSYSKNSENEDRGFDFGYQVKVTEVNYAVAPPSHILESPVSEKA  179

Query  171  KTKT--EDDIEESKKDEIYLWQVFFSNPYDWWDNRRNKKNPKQPDFKHKDTGEALWLCSD  228
             ++T  ED IEE+K D+IYLWQVFF+NPYDWWDNRR+K N ++PDFKHK TGEALWL SD
Sbjct  180  TSETVREDGIEEAKDDKIYLWQVFFANPYDWWDNRRDKMNSRKPDFKHKYTGEALWLDSD  239

Query  229  LPDWITRRLELFDQKNRFYD--EEKTRRDRLSDYI  261
             PDW+TR+LEL DQ+    +   EKTRR RLSD+I
Sbjct  240  KPDWVTRQLELLDQRTAEKNCYAEKTRRGRLSDWI  274



Lambda      K        H        a         alpha
   0.319    0.134    0.407    0.792     4.96 

Gapped
Lambda      K        H        a         alpha    sigma
   0.267   0.0410    0.140     1.90     42.6     43.6 

Effective search space used: 546965068792


  Database: UniProt release 2017_10: UniProt Reference Clusters (UniRef50)
    Posted date:  Oct 27, 2017  3:02 PM
  Number of letters in database: 8,120,947,734
  Number of sequences in database:  26,169,982



Matrix: BLOSUM62
Gap Penalties: Existence: 11, Extension: 1
Neighboring words threshold: 11
Window for multiple hits: 40
