BLASTN 2.6.0+


Reference: Zheng Zhang, Scott Schwartz, Lukas Wagner, and Webb
Miller (2000), "A greedy algorithm for aligning DNA sequences", J
Comput Biol 2000; 7(1-2):203-14.



Database: Nucleotide collection (nt)
           45,003,746 sequences; 160,513,091,505 total letters



Query= testnucl1 lcl|NM_113339.3_cdsid_NP_189075.2 [gene=MSH1]
[protein=MUTL protein-like protein 1] [protein_id=NP_189075.2]
[location=124..3480]

Length=3354
                                                                      Score     E
Sequences producing significant alignments:                          (Bits)  Value

NM_113339.4  Arabidopsis thaliana MUTL protein homolog 1 (MSH1), ...  2309    0.0  
AY191303.1  Arabidopsis thaliana DNA mismatch repair protein (MSH...  2309    0.0  
XM_010468531.2  PREDICTED: Camelina sativa DNA mismatch repair pr...  2071    0.0  
XM_009104269.2  PREDICTED: Brassica rapa DNA mismatch repair prot...  1921    0.0  


>NM_113339.4 Arabidopsis thaliana MUTL protein homolog 1 (MSH1), mRNA
Length=3819

 Score = 2309 bits (1250),  Expect = 0.0
 Identities = 2638/3326 (79%), Gaps = 24/3326 (1%)
 Strand=Plus/Plus

Query  1     ATGCATTGGATTGCTACTAGAAATGCTGTTGTTTCTTTTCCTAAGTGGAGAttttttttt  60
             ||||||||||||||||| ||||| || || ||||| || || || ||| | || || || 
Sbjct  158   ATGCATTGGATTGCTACCAGAAACGCCGTCGTTTCATTCCCAAAATGGCGGTTCTTCTTC  217

Query  61    AGAtcttcttatagaacttattcttctcttaagccttcttctcctattcttcttaATAGA  120
              | || || ||| | ||||| ||||| || || || || || || ||||| |||||||||
Sbjct  218   CGCTCCTCATATCGCACTTACTCTTCCCTCAAACCCTCCTCCCCAATTCTACTTAATAGA  277

Query  121   AGATATTCTGAAGGAATTTCTTGTCTTAGAGATGGAAAGTCTCTTAAGAGAATTACTACT  180
             || || ||||| || || |||||||| ||||||||||||||| | || ||||| || || 
Sbjct  278   AGGTACTCTGAGGGGATATCTTGTCTCAGAGATGGAAAGTCTTTGAAAAGAATCACAACG  337

Query  181   GCTTCTAAGAAGGTTAAGACTTCTTCTGATGTTCTTACTGATAAGGATCTTTCTCATCTT  240
             ||||||||||| || ||||| ||   ||||||||| ||||| || ||||| |||||| | 
Sbjct  338   GCTTCTAAGAAAGTGAAGACGTCAAGTGATGTTCTCACTGACAAAGATCTCTCTCATTTG  397

Query  241   GTTTGGTGGAAGGAAAGACTTCAAACTTGTAAGAAGCCTTCTACTCTTCAACTTATTGAA  300
             |||||||||||||| ||| | || || |||||||| || ||||||||||| |||||||||
Sbjct  398   GTTTGGTGGAAGGAGAGATTGCAGACATGTAAGAAACCATCTACTCTTCAGCTTATTGAA  457

Query  301   AGACTTATGTATACTAATCTTCTTGGACTTGATCCTTCTCTT-AGAAATGGATCTCTTAA  359
             || |||||||| || ||| | |||||  | || || |  ||| || ||||||  | | ||
Sbjct  458   AGGCTTATGTACACCAATTTACTTGGTTTGGA-CCCTAGCTTGAGGAATGGAAGTTTAAA  516

Query  360   GGATGGAAATCTTAATTGGGAAATGCTTCAATTTAAGTCTAGATTTCCTAGAGAAGTTCT  419
              |||||||| || || ||||| ||| | || |||||||| || |||||  | |||||| |
Sbjct  517   AGATGGAAACCTCAACTGGGAGATGTTGCAGTTTAAGTCAAGGTTTCCACGCGAAGTTTT  576

Query  420   TCTTTGTAGAGTTGGAGAATTTTATGAAGCTATTGGAATTGATGCTTGTATTCTTGTTGA  479
              || || ||||| |||||||||||||| ||||||||||| ||||||||||| ||||||||
Sbjct  577   GCTCTGCAGAGTAGGAGAATTTTATGAGGCTATTGGAATAGATGCTTGTATACTTGTTGA  636

Query  480   ATATGCTGGACTTAATCCTTTTGGAGGACTTAGATCTGATTCTATTCCTAAGGCTGGATG  539
             ||||||||| || ||||||||||| || ||| |||| |||  |||||| |||||||| ||
Sbjct  637   ATATGCTGGTCTCAATCCTTTTGGTGGTCTTCGATCAGATAGTATTCCAAAGGCTGGCTG  696

Query  540   TCCTATTATGAATCTTAGACAAACTCTTGATGATCTTACTAGAAATGGATATTCTGTTTG  599
              || |||||||||||| |||| ||| | ||||| || ||  | ||||| ||||| || ||
Sbjct  697   CCCAATTATGAATCTTCGACAGACTTTGGATGACCTGACACGCAATGGTTATTCAGTGTG  756

Query  600   TATTGTTGAAGAAGTTCAAGGACCTACTCCTGCTAGATCTAGAAAGGGAAGATTTATTTC  659
             |||||| || |||||||| || || || || ||  | ||  | || ||  ||||||||||
Sbjct  757   TATTGTGGAGGAAGTTCAGGGGCCAACACCAGCACGCTCCCGTAAAGGTCGATTTATTTC  816

Query  660   TGGACATGCTCATCCTGGATCTCCTTATGTTTATGGACTTGTTGGAGTTGATCATGATCT  719
              || ||||| ||||| |||  ||||||||| ||||| ||||| || ||||| ||||||||
Sbjct  817   AGGGCATGCACATCCAGGAAGTCCTTATGTATATGGGCTTGTCGGTGTTGACCATGATCT  876

Query  720   TGATTTTCCTGATCCTATGCCTGTTGTTGGAATTTCTAGATCTGCTAGAGGATATTGTAT  779
             ||| |||||||||||||||||||||||||| || ||| | || || || || ||||||||
Sbjct  877   TGACTTTCCTGATCCTATGCCTGTTGTTGGGATATCTCGTTCAGCAAGGGGGTATTGTAT  936

Query  780   GATTTCTATTTTTGAAACTATGAAGGCTTATTCTCTTGATGATGGACTTACTGAAGAAGC  839
             ||| |||||||| || |||||||| || ||||| || |||||||| || || ||||||||
Sbjct  937   GATATCTATTTTCGAGACTATGAAAGCATATTCGCTAGATGATGGTCTAACAGAAGAAGC  996

Query  840   TCTT-GTTACTAAGCTTAGAACTAGAAGATGTCATCATCTTTTTCTT-CATGCTTCTCTT  897
              ||| ||||| |||||  | ||| |  | |||||||||||||| ||| ||||| ||  | 
Sbjct  997   -CTTAGTTACCAAGCTCCGCACTCGTCGCTGTCATCATCTTTT-CTTACATGCATCGTTG  1054

Query  898   AGACATAATGCTTCTGGAACTTGTAGATGGGGAGAATTTGGAGAAGGAGGACTTCTTTGG  957
             || || ||||| || || || ||  | |||||||| ||||| ||||| || || || |||
Sbjct  1055  AGGCACAATGCATCAGGGACGTGCCGCTGGGGAGAGTTTGGGGAAGGGGGTCTACTCTGG  1114

Query  958   GGAGAATGTTCTTCTAGAAATTTTGAATGGTTTGAAGGAGATACTCTTTCTGAACTTCTT  1017
             ||||||||   |   || |||||||||||||||||||||||||||||||| || || |||
Sbjct  1115  GGAGAATGCAGTAGCAGGAATTTTGAATGGTTTGAAGGAGATACTCTTTCCGAGCT-CTT  1173

Query  1018  -TCTAGAGTTAAGGATGTTTATGGACTTGATGATGAAGTTTCTTTTAGAAATGTTAATGT  1076
              || || || || ||||||||||| ||||||||||||||||| ||||||||||| |||||
Sbjct  1174  ATCAAGGGTCAAAGATGTTTATGGTCTTGATGATGAAGTTTCCTTTAGAAATGTCAATGT  1233

Query  1077  TCCTTCTAAGAATAGACCTAGACCTCTTCATCTTGGAACTGCTACTCAAATTGGAGCTCT  1136
              ||||| || ||| | ||  | ||  | ||||||||||| ||||| |||||||| || ||
Sbjct  1234  ACCTTCAAAAAATCGGCCACGTCCGTTGCATCTTGGAACGGCTACACAAATTGGTGC-CT  1292

Query  1137  T-CCTACTGAAGGAAttccttgtcttctt-aaggttcttcttccttctacttgttctgga  1194
             | |||||||||||||| |||||| || || |||||  | ||||| ||||| ||   ||| 
Sbjct  1293  TACCTACTGAAGGAATACCTTGT-TTGTTGAAGGTGTTACTTCCATCTACGTGCAGTGGT  1351

Query  1195  cttccttctctttatgttagagatcttcttcttAATCCTCCTGCTTATGATATTGCTCTT  1254
             || |||||| | |||||||| ||||||||||| || ||||||||||| ||||||||||| 
Sbjct  1352  CTGCCTTCTTTGTATGTTAGGGATCTTCTTCTGAACCCTCCTGCTTACGATATTGCTCTG  1411

Query  1255  AAGATTCAAGAAACTTGTAAGCTTATGTCTACTGTTACTTGTTCTATTCCTGAATTTACT  1314
             || ||||||||||| || ||||| |||   || || || ||||| ||||| || ||||| 
Sbjct  1412  AAAATTCAAGAAACGTGCAAGCTCATGAGCACAGTAACATGTTCAATTCCAGAGTTTACC  1471

Query  1315  TGTGTTTCTTCTGCTAAGCTTGTTAAGCTTCTTGAACAAAGAGAAGCTAATTATATTGAA  1374
             || || ||||||||||||||||| ||||||||||| ||| | ||||| || || ||||| 
Sbjct  1472  TGCGTCTCTTCTGCTAAGCTTGTGAAGCTTCTTGAGCAACGGGAAGCCAACTACATTGAG  1531

Query  1375  TTTTGTAGAATTAAGAATGTTCTTGATGATGTTCTTCATATGCATAGACATGCTGAACTT  1434
             || ||| |||| || ||||| |||||||||||  | |||||||||||||||||||| |||
Sbjct  1532  TTCTGTCGAATAAAAAATGTGCTTGATGATGTATTACATATGCATAGACATGCTGAGCTT  1591

Query  1435  GTTGAAATTCTTAAGCTTCTT-ATGGATCCTACTTGGGTTGCTACTGGACTTAAGATTGA  1493
             || ||||| || ||  || || ||||||||||| ||||| ||||||||  | || |||||
Sbjct  1592  GTGGAAATCCTGAAA-TTATTGATGGATCCTACCTGGGTGGCTACTGGTTTGAAAATTGA  1650

Query  1494  TTTTGATACTTTTGTTAATGAATGTCATTGGGCTTCTGATACTATTGGAGAAATGATTTC  1553
              ||||| |||||||| || |||||||||||||| |||||||| ||||| |||||||| ||
Sbjct  1651  CTTTGACACTTTTGTCAACGAATGTCATTGGGCGTCTGATACAATTGGTGAAATGATCTC  1710

Query  1554  TCTTGATGAAAATGAATCTCATCAAAATGTTTCTAAGTGTGATAATGTTCCTAATGAAtt  1613
             | | ||||| ||||||  |||||| |||||   ||| ||||| ||||| || || |||||
Sbjct  1711  TTTAGATGAGAATGAAAGTCATCAGAATGTAAGTAAATGTGACAATGTCCCGAACGAATT  1770

Query  1614  tttttATGATATGGAATCTTCTTGGAGAGGAAGAGTTAAGGGAATTCATATTGAAGAAGA  1673
              |||||||||||||| ||||| ||| ||||  | ||||||||||||||||| || |||||
Sbjct  1771  CTTTTATGATATGGAGTCTTCATGGCGAGGTCGCGTTAAGGGAATTCATATAGAGGAAGA  1830

Query  1674  AATTACTCAAGTTGAAAAGTCTGCTGAAGCTCTTTCTCTTGCTGTTGCTGAAGATTTTCA  1733
             ||| |||||||| ||||| || ||||| ||| | ||| | || || ||||| ||||||||
Sbjct  1831  AATCACTCAAGTAGAAAAATCAGCTGAGGCTTTATCTTTAGCAGTAGCTGAGGATTTTCA  1890

Query  1734  TCCTATTATTTCTAGAATTAAGGCTACTACTGCTTCTCTTGGAGGACCTAAGGGAGAAAT  1793
              |||||||| || ||||||||||| || |||||||| ||||| || || || || |||||
Sbjct  1891  CCCTATTATATCAAGAATTAAGGCCACCACTGCTTCACTTGGTGGCCCGAAAGGCGAAAT  1950

Query  1794  TGCTTATGCTAGAGAACATGAATCTGTTTGGTTTAAGGG-AAAGAGATTTACTCCTTCTA  1852
              || ||||| ||||| ||||| ||||||||||| ||||| |||  | ||||| || ||||
Sbjct  1951  CGCATATGCAAGAGAGCATGAGTCTGTTTGGTTCAAGGGGAAACGG-TTTACGCCATCTA  2009

Query  1853  TTTGGGCTGGAACTGCTGGAGAAGATCAAATTAAGCAACTTAAGCCTGCTCTT-GATTCT  1911
             | |||||||| ||||| || ||||| ||||| || || || || ||||| ||| || || 
Sbjct  2010  TCTGGGCTGGTACTGCAGGGGAAGACCAAATAAAACAGCTGAAACCTGC-CTTAGACTCG  2068

Query  1912  AAGGGAAAGAAGGTTGGAGAAGAATGGTTTACTACTCCTAAGGTTGAAATTGCTCTTGTT  1971
             || ||||| ||||||||||||||||||||||| || || ||||| ||||||||| | || 
Sbjct  2069  AAAGGAAAAAAGGTTGGAGAAGAATGGTTTACGACCCCAAAGGTGGAAATTGCTTTAGTC  2128

Query  1972  AGATATCATGAAGCTTCTGAAAATGCTAAGGCTAGAGTTCTTGAACTTCTTAGAGAACTT  2031
             ||||| |||||||||  ||| ||||| || ||| | ||  | |||||  |  | ||  | 
Sbjct  2129  AGATACCATGAAGCTAGTGAGAATGCAAAAGCTCGGGTGTTGGAACTGTTGCGCGAGTTA  2188

Query  2032  TCTGTTAAGCTTCAAACTAAGATTAATGTTCTTGTTTTTGCTTCTATGCTTCTTGTTATT  2091
             || |||||  | ||||| || || ||||||||||| ||||| ||||||||||| || |||
Sbjct  2189  TCCGTTAAATTGCAAACAAAAATAAATGTTCTTGTCTTTGCATCTATGCTTCTGGTCATT  2248

Query  2092  TCTAAGGCTCTTTTTTCTCATGCTTGTGAAGGAAGAAGAAGAAAGTGGGTTTTTCCTACT  2151
             || || ||  | ||||| |||||||||||||| |||||  |||||||||||||||| || 
Sbjct  2249  TCAAAAGCATTATTTTCCCATGCTTGTGAAGGGAGAAGGCGAAAGTGGGTTTTTCCAACG  2308

Query  2152  CTTGTTGGATTTTCTCTTGATGAAGGAGCTAAGCCTCTTGATGGAGCTTCTAGAATGAAG  2211
             ||||| |||||   | | ||||| || || || ||  | ||||| ||   | ||||||||
Sbjct  2309  CTTGTCGGATTCAGTTTAGATGAGGGCGCAAAACCATTAGATGGTGCCAGTCGAATGAAG  2368

Query  2212  CTTACTGGACTTTCTCCTTATTGGTTTGATGTTTCTTCTGGAACTGCTGTTCATAATACT  2271
             || || || || || ||||||||||||||||| ||||||||||| |||||||| ||||| 
Sbjct  2369  CTGACAGGCCTGTCACCTTATTGGTTTGATGTATCTTCTGGAACCGCTGTTCACAATACC  2428

Query  2272  GTTGATATGCAATCTCTTTTTCTTCTTACTGGACCTAATGGAGGAGGAAAGTCTTCTCTT  2331
             ||||| |||||||| || |||||||| ||||||||||| || || || || ||   | | 
Sbjct  2429  GTTGACATGCAATCACTGTTTCTTCTAACTGGACCTAACGGTGGTGGTAAATCGAGTTTG  2488

Query  2332  CTTAGATCTATTTGTGCTGCTGCTCTTCTTGGAATTTCTGGACTTATGGTTCCTGCTGAA  2391
             || ||||| || || || |||||||| ||||||||||| ||  | |||||||| ||||||
Sbjct  2489  CTCAGATCAATATGCGCAGCTGCTCTACTTGGAATTTCCGGTTTAATGGTTCCAGCTGAA  2548

Query  2392  TCTGCTTGTATTCCTCATTTTGATTCTATTATGCTTCATATGAAGTCTTATGATTCTCCT  2451
             || |||||||||||||| |||||||| || |||||||| ||||| || |||||    |||
Sbjct  2549  TCAGCTTGTATTCCTCACTTTGATTCCATCATGCTTCACATGAAATCATATGACAGCCCT  2608

Query  2452  GTTGATGGAAAGTCTTCTTTTCAAGTTGAAATGTCTGAAATTAGATCTATTGTTTCTCAA  2511
             || || |||||   |||||| || || |||||||| |||||  ||||||||||    || 
Sbjct  2609  GTAGACGGAAAAAGTTCTTTCCAGGTAGAAATGTCGGAAATACGATCTATTGTAAGCCAG  2668

Query  2512  GCTACTTCTAGATCTCTTGTTCTTATTGATGAAATTTGTAGAGGAACTGAAACTGCTAAG  2571
             |||||||| |||   || || ||||| ||||| || ||  |||| || || || || || 
Sbjct  2669  GCTACTTCGAGAAGCCTAGTGCTTATAGATGAGATATGCCGAGGGACAGAGACAGCAAAA  2728

Query  2572  GGAACTTGTATTGCTGGATCTGTTGTTGAATCTCTTGATACTTCTGGATGTCTTGGAATT  2631
             || || ||||| |||||   ||| || ||   |||||| ||   ||| ||| | || |||
Sbjct  2729  GGCACCTGTATCGCTGGTAGTGTGGTAGAGAGTCTTGACACAAGTGGTTGTTTGGGTATT  2788

Query  2632  GTTTCTACTCATCTTCATGGAATTTTTTCTCTTCCTCTTACTGCTAAGAATATTACTTAT  2691
             || ||||||||||| |||||||| ||   | | |||||||| || || || || || |||
Sbjct  2789  GTATCTACTCATCTCCATGGAATCTTCAGTTTACCTCTTACAGCGAAAAACATCACATAT  2848

Query  2692  AAGGCTATGGGAGCTGAAAATGTTGAAGGACAAACTAAGCCTACTTGGAAGCTTACTGAT  2751
             || || |||||||| |||||||| ||||| ||||| ||||| ||||||||  | || |||
Sbjct  2849  AAAGCAATGGGAGCCGAAAATGTCGAAGGGCAAACCAAGCCAACTTGGAAATTGACAGAT  2908

Query  2752  GGAGTTTGTAGAGAATCTCTTGCTTTTGAAACTGCTAAGAGAGAAGGAGTTCCTGAATCT  2811
             ||||| || |||||   |||||| |||||||| |||||||| ||||| ||||| || || 
Sbjct  2909  GGAGTCTGCAGAGAGAGTCTTGCGTTTGAAACAGCTAAGAGGGAAGGTGTTCCCGAGTCA  2968

Query  2812  GTTATTCAAAGAGCTGAAGCTCTTTATCTTTCTGTTTATGCTAAGGATGCTTCTGCTGAA  2871
             ||||| |||||||||||||||||||| || || || ||||| || || || || ||||||
Sbjct  2969  GTTATCCAAAGAGCTGAAGCTCTTTACCTCTCGGTCTATGCAAAAGACGCATCAGCTGAA  3028

Query  2872  GTTGTTAAGCCTGATCAAATTATTACTTCTTCTAATAATGATCAACAAATTCAAAAGCCT  2931
             ||||| || || || ||||| || ||||| || || ||||| || || || ||||| || 
Sbjct  3029  GTTGTCAAACCCGACCAAATCATAACTTCATCCAACAATGACCAGCAGATCCAAAAACCA  3088

Query  2932  GTTTCTTCTGAAAGATCTCTTGAAAAGGATCTT-GCTAAGGCTATTGTTAAGATTTGTGG  2990
             ||    ||||| |||  | | || ||||| ||| || || ||||| || || || |||||
Sbjct  3089  GTCAGCTCTGAGAGAAGTTTGGAGAAGGA-CTTAGCAAAAGCTATCGTCAAAATCTGTGG  3147

Query  2991  AAAGAAGATGATTGAACCTGAAGCTATTGAATGTCTTTCTATTGGAGCTAGAGAACTTCC  3050
              || ||||||||||| |||||||| || ||||||||||| ||||| ||| | || |||||
Sbjct  3148  GAAAAAGATGATTGAGCCTGAAGCAATAGAATGTCTTTCAATTGGTGCTCGTGAGCTTCC  3207

Query  3051  TCCTCCTTCTACTGTTGGATCTTCTTGTGTTTATGTTATGAGAAGACCTGATAAGAGACT  3110
              ||||| ||||| ||||| ||||| || || ||||| ||| | ||||| ||||||||| |
Sbjct  3208  ACCTCCATCTACAGTTGGTTCTTCATGCGTGTATGTGATGCGGAGACCCGATAAGAGATT  3267

Query  3111  TTATATTGGACAAACTGATGATCTTGAAGGAAGAATTAGAGCTCATAGAGCTAAGGAAGG  3170
              || |||||||| || ||||||||||||||| ||||  | || ||| |||| ||||||||
Sbjct  3268  GTACATTGGACAGACCGATGATCTTGAAGGACGAATACGTGCGCATCGAGCAAAGGAAGG  3327

Query  3171  ACTTCAAGGATCTTCTTTTCTTTATCTTATGGTTCAAGG-AA-AGTCTATGGCTTGTCAA  3228
             ||| ||||| ||   |||||| || |||||||||||||| || || | ||||||||||| 
Sbjct  3328  ACTGCAAGGGTCAAGTTTTCTATACCTTATGGTTCAAGGTAAGAG-C-ATGGCTTGTCAG  3385

Query  3229  CTTGAAACTCTTCTTATTAATCAACTTCATGAACAAGGATATTCTCTTGCTAATCTTGCT  3288
              | || |||||  | ||||||||||| ||||||||||| || ||||| ||||| || || 
Sbjct  3386  TTAGAGACTCTATTGATTAATCAACTCCATGAACAAGGCTACTCTCTGGCTAACCTAGCC  3445

Query  3289  GATGGAAAGCATAGAAATTTTGGAAC  3314
             |||||||||||  | ||||| |||||
Sbjct  3446  GATGGAAAGCACCGTAATTTCGGAAC  3471


>AY191303.1 Arabidopsis thaliana DNA mismatch repair protein (MSH1) mRNA, 
complete cds
Length=3673

 Score = 2309 bits (1250),  Expect = 0.0
 Identities = 2638/3326 (79%), Gaps = 24/3326 (1%)
 Strand=Plus/Plus

Query  1     ATGCATTGGATTGCTACTAGAAATGCTGTTGTTTCTTTTCCTAAGTGGAGAttttttttt  60
             ||||||||||||||||| ||||| || || ||||| || || || ||| | || || || 
Sbjct  124   ATGCATTGGATTGCTACCAGAAACGCCGTCGTTTCATTCCCAAAATGGCGGTTCTTCTTC  183

Query  61    AGAtcttcttatagaacttattcttctcttaagccttcttctcctattcttcttaATAGA  120
              | || || ||| | ||||| ||||| || || || || || || ||||| |||||||||
Sbjct  184   CGCTCCTCATATCGCACTTACTCTTCCCTCAAACCCTCCTCCCCAATTCTACTTAATAGA  243

Query  121   AGATATTCTGAAGGAATTTCTTGTCTTAGAGATGGAAAGTCTCTTAAGAGAATTACTACT  180
             || || ||||| || || |||||||| ||||||||||||||| | || ||||| || || 
Sbjct  244   AGGTACTCTGAGGGGATATCTTGTCTCAGAGATGGAAAGTCTTTGAAAAGAATCACAACG  303

Query  181   GCTTCTAAGAAGGTTAAGACTTCTTCTGATGTTCTTACTGATAAGGATCTTTCTCATCTT  240
             ||||||||||| || ||||| ||   ||||||||| ||||| || ||||| |||||| | 
Sbjct  304   GCTTCTAAGAAAGTGAAGACGTCAAGTGATGTTCTCACTGACAAAGATCTCTCTCATTTG  363

Query  241   GTTTGGTGGAAGGAAAGACTTCAAACTTGTAAGAAGCCTTCTACTCTTCAACTTATTGAA  300
             |||||||||||||| ||| | || || |||||||| || ||||||||||| |||||||||
Sbjct  364   GTTTGGTGGAAGGAGAGATTGCAGACATGTAAGAAACCATCTACTCTTCAGCTTATTGAA  423

Query  301   AGACTTATGTATACTAATCTTCTTGGACTTGATCCTTCTCTT-AGAAATGGATCTCTTAA  359
             || |||||||| || ||| | |||||  | || || |  ||| || ||||||  | | ||
Sbjct  424   AGGCTTATGTACACCAATTTACTTGGTTTGGA-CCCTAGCTTGAGGAATGGAAGTTTAAA  482

Query  360   GGATGGAAATCTTAATTGGGAAATGCTTCAATTTAAGTCTAGATTTCCTAGAGAAGTTCT  419
              |||||||| || || ||||| ||| | || |||||||| || |||||  | |||||| |
Sbjct  483   AGATGGAAACCTCAACTGGGAGATGTTGCAGTTTAAGTCAAGGTTTCCACGCGAAGTTTT  542

Query  420   TCTTTGTAGAGTTGGAGAATTTTATGAAGCTATTGGAATTGATGCTTGTATTCTTGTTGA  479
              || || ||||| |||||||||||||| ||||||||||| ||||||||||| ||||||||
Sbjct  543   GCTCTGCAGAGTAGGAGAATTTTATGAGGCTATTGGAATAGATGCTTGTATACTTGTTGA  602

Query  480   ATATGCTGGACTTAATCCTTTTGGAGGACTTAGATCTGATTCTATTCCTAAGGCTGGATG  539
             ||||||||| || ||||||||||| || ||| |||| |||  |||||| |||||||| ||
Sbjct  603   ATATGCTGGTCTCAATCCTTTTGGTGGTCTTCGATCAGATAGTATTCCAAAGGCTGGCTG  662

Query  540   TCCTATTATGAATCTTAGACAAACTCTTGATGATCTTACTAGAAATGGATATTCTGTTTG  599
              || |||||||||||| |||| ||| | ||||| || ||  | ||||| ||||| || ||
Sbjct  663   CCCAATTATGAATCTTCGACAGACTTTGGATGACCTGACACGCAATGGTTATTCAGTGTG  722

Query  600   TATTGTTGAAGAAGTTCAAGGACCTACTCCTGCTAGATCTAGAAAGGGAAGATTTATTTC  659
             |||||| || |||||||| || || || || ||  | ||  | || ||  ||||||||||
Sbjct  723   TATTGTGGAGGAAGTTCAGGGGCCAACACCAGCACGCTCCCGTAAAGGTCGATTTATTTC  782

Query  660   TGGACATGCTCATCCTGGATCTCCTTATGTTTATGGACTTGTTGGAGTTGATCATGATCT  719
              || ||||| ||||| |||  ||||||||| ||||| ||||| || ||||| ||||||||
Sbjct  783   AGGGCATGCACATCCAGGAAGTCCTTATGTATATGGGCTTGTCGGTGTTGACCATGATCT  842

Query  720   TGATTTTCCTGATCCTATGCCTGTTGTTGGAATTTCTAGATCTGCTAGAGGATATTGTAT  779
             ||| |||||||||||||||||||||||||| || ||| | || || || || ||||||||
Sbjct  843   TGACTTTCCTGATCCTATGCCTGTTGTTGGGATATCTCGTTCAGCAAGGGGGTATTGTAT  902

Query  780   GATTTCTATTTTTGAAACTATGAAGGCTTATTCTCTTGATGATGGACTTACTGAAGAAGC  839
             ||| |||||||| || |||||||| || ||||| || |||||||| || || ||||||||
Sbjct  903   GATATCTATTTTCGAGACTATGAAAGCATATTCGCTAGATGATGGTCTAACAGAAGAAGC  962

Query  840   TCTT-GTTACTAAGCTTAGAACTAGAAGATGTCATCATCTTTTTCTT-CATGCTTCTCTT  897
              ||| ||||| |||||  | ||| |  | |||||||||||||| ||| ||||| ||  | 
Sbjct  963   -CTTAGTTACCAAGCTCCGCACTCGTCGCTGTCATCATCTTTT-CTTACATGCATCGTTG  1020

Query  898   AGACATAATGCTTCTGGAACTTGTAGATGGGGAGAATTTGGAGAAGGAGGACTTCTTTGG  957
             || || ||||| || || || ||  | |||||||| ||||| ||||| || || || |||
Sbjct  1021  AGGCACAATGCATCAGGGACGTGCCGCTGGGGAGAGTTTGGGGAAGGGGGTCTACTCTGG  1080

Query  958   GGAGAATGTTCTTCTAGAAATTTTGAATGGTTTGAAGGAGATACTCTTTCTGAACTTCTT  1017
             ||||||||   |   || |||||||||||||||||||||||||||||||| || || |||
Sbjct  1081  GGAGAATGCAGTAGCAGGAATTTTGAATGGTTTGAAGGAGATACTCTTTCCGAGCT-CTT  1139

Query  1018  -TCTAGAGTTAAGGATGTTTATGGACTTGATGATGAAGTTTCTTTTAGAAATGTTAATGT  1076
              || || || || ||||||||||| ||||||||||||||||| ||||||||||| |||||
Sbjct  1140  ATCAAGGGTCAAAGATGTTTATGGTCTTGATGATGAAGTTTCCTTTAGAAATGTCAATGT  1199

Query  1077  TCCTTCTAAGAATAGACCTAGACCTCTTCATCTTGGAACTGCTACTCAAATTGGAGCTCT  1136
              ||||| || ||| | ||  | ||  | ||||||||||| ||||| |||||||| || ||
Sbjct  1200  ACCTTCAAAAAATCGGCCACGTCCGTTGCATCTTGGAACGGCTACACAAATTGGTGC-CT  1258

Query  1137  T-CCTACTGAAGGAAttccttgtcttctt-aaggttcttcttccttctacttgttctgga  1194
             | |||||||||||||| |||||| || || |||||  | ||||| ||||| ||   ||| 
Sbjct  1259  TACCTACTGAAGGAATACCTTGT-TTGTTGAAGGTGTTACTTCCATCTACGTGCAGTGGT  1317

Query  1195  cttccttctctttatgttagagatcttcttcttAATCCTCCTGCTTATGATATTGCTCTT  1254
             || |||||| | |||||||| ||||||||||| || ||||||||||| ||||||||||| 
Sbjct  1318  CTGCCTTCTTTGTATGTTAGGGATCTTCTTCTGAACCCTCCTGCTTACGATATTGCTCTG  1377

Query  1255  AAGATTCAAGAAACTTGTAAGCTTATGTCTACTGTTACTTGTTCTATTCCTGAATTTACT  1314
             || ||||||||||| || ||||| |||   || || || ||||| ||||| || ||||| 
Sbjct  1378  AAAATTCAAGAAACGTGCAAGCTCATGAGCACAGTAACATGTTCAATTCCAGAGTTTACC  1437

Query  1315  TGTGTTTCTTCTGCTAAGCTTGTTAAGCTTCTTGAACAAAGAGAAGCTAATTATATTGAA  1374
             || || ||||||||||||||||| ||||||||||| ||| | ||||| || || ||||| 
Sbjct  1438  TGCGTCTCTTCTGCTAAGCTTGTGAAGCTTCTTGAGCAACGGGAAGCCAACTACATTGAG  1497

Query  1375  TTTTGTAGAATTAAGAATGTTCTTGATGATGTTCTTCATATGCATAGACATGCTGAACTT  1434
             || ||| |||| || ||||| |||||||||||  | |||||||||||||||||||| |||
Sbjct  1498  TTCTGTCGAATAAAAAATGTGCTTGATGATGTATTACATATGCATAGACATGCTGAGCTT  1557

Query  1435  GTTGAAATTCTTAAGCTTCTT-ATGGATCCTACTTGGGTTGCTACTGGACTTAAGATTGA  1493
             || ||||| || ||  || || ||||||||||| ||||| ||||||||  | || |||||
Sbjct  1558  GTGGAAATCCTGAAA-TTATTGATGGATCCTACCTGGGTGGCTACTGGTTTGAAAATTGA  1616

Query  1494  TTTTGATACTTTTGTTAATGAATGTCATTGGGCTTCTGATACTATTGGAGAAATGATTTC  1553
              ||||| |||||||| || |||||||||||||| |||||||| ||||| |||||||| ||
Sbjct  1617  CTTTGACACTTTTGTCAACGAATGTCATTGGGCGTCTGATACAATTGGTGAAATGATCTC  1676

Query  1554  TCTTGATGAAAATGAATCTCATCAAAATGTTTCTAAGTGTGATAATGTTCCTAATGAAtt  1613
             | | ||||| ||||||  |||||| |||||   ||| ||||| ||||| || || |||||
Sbjct  1677  TTTAGATGAGAATGAAAGTCATCAGAATGTAAGTAAATGTGACAATGTCCCGAACGAATT  1736

Query  1614  tttttATGATATGGAATCTTCTTGGAGAGGAAGAGTTAAGGGAATTCATATTGAAGAAGA  1673
              |||||||||||||| ||||| ||| ||||  | ||||||||||||||||| || |||||
Sbjct  1737  CTTTTATGATATGGAGTCTTCATGGCGAGGTCGCGTTAAGGGAATTCATATAGAGGAAGA  1796

Query  1674  AATTACTCAAGTTGAAAAGTCTGCTGAAGCTCTTTCTCTTGCTGTTGCTGAAGATTTTCA  1733
             ||| |||||||| ||||| || ||||| ||| | ||| | || || ||||| ||||||||
Sbjct  1797  AATCACTCAAGTAGAAAAATCAGCTGAGGCTTTATCTTTAGCAGTAGCTGAGGATTTTCA  1856

Query  1734  TCCTATTATTTCTAGAATTAAGGCTACTACTGCTTCTCTTGGAGGACCTAAGGGAGAAAT  1793
              |||||||| || ||||||||||| || |||||||| ||||| || || || || |||||
Sbjct  1857  CCCTATTATATCAAGAATTAAGGCCACCACTGCTTCACTTGGTGGCCCGAAAGGCGAAAT  1916

Query  1794  TGCTTATGCTAGAGAACATGAATCTGTTTGGTTTAAGGG-AAAGAGATTTACTCCTTCTA  1852
              || ||||| ||||| ||||| ||||||||||| ||||| |||  | ||||| || ||||
Sbjct  1917  CGCATATGCAAGAGAGCATGAGTCTGTTTGGTTCAAGGGGAAACGG-TTTACGCCATCTA  1975

Query  1853  TTTGGGCTGGAACTGCTGGAGAAGATCAAATTAAGCAACTTAAGCCTGCTCTT-GATTCT  1911
             | |||||||| ||||| || ||||| ||||| || || || || ||||| ||| || || 
Sbjct  1976  TCTGGGCTGGTACTGCAGGGGAAGACCAAATAAAACAGCTGAAACCTGC-CTTAGACTCG  2034

Query  1912  AAGGGAAAGAAGGTTGGAGAAGAATGGTTTACTACTCCTAAGGTTGAAATTGCTCTTGTT  1971
             || ||||| ||||||||||||||||||||||| || || ||||| ||||||||| | || 
Sbjct  2035  AAAGGAAAAAAGGTTGGAGAAGAATGGTTTACGACCCCAAAGGTGGAAATTGCTTTAGTC  2094

Query  1972  AGATATCATGAAGCTTCTGAAAATGCTAAGGCTAGAGTTCTTGAACTTCTTAGAGAACTT  2031
             ||||| |||||||||  ||| ||||| || ||| | ||  | |||||  |  | ||  | 
Sbjct  2095  AGATACCATGAAGCTAGTGAGAATGCAAAAGCTCGGGTGTTGGAACTGTTGCGCGAGTTA  2154

Query  2032  TCTGTTAAGCTTCAAACTAAGATTAATGTTCTTGTTTTTGCTTCTATGCTTCTTGTTATT  2091
             || |||||  | ||||| || || ||||||||||| ||||| ||||||||||| || |||
Sbjct  2155  TCCGTTAAATTGCAAACAAAAATAAATGTTCTTGTCTTTGCATCTATGCTTCTGGTCATT  2214

Query  2092  TCTAAGGCTCTTTTTTCTCATGCTTGTGAAGGAAGAAGAAGAAAGTGGGTTTTTCCTACT  2151
             || || ||  | ||||| |||||||||||||| |||||  |||||||||||||||| || 
Sbjct  2215  TCAAAAGCATTATTTTCCCATGCTTGTGAAGGGAGAAGGCGAAAGTGGGTTTTTCCAACG  2274

Query  2152  CTTGTTGGATTTTCTCTTGATGAAGGAGCTAAGCCTCTTGATGGAGCTTCTAGAATGAAG  2211
             ||||| |||||   | | ||||| || || || ||  | ||||| ||   | ||||||||
Sbjct  2275  CTTGTCGGATTCAGTTTAGATGAGGGCGCAAAACCATTAGATGGTGCCAGTCGAATGAAG  2334

Query  2212  CTTACTGGACTTTCTCCTTATTGGTTTGATGTTTCTTCTGGAACTGCTGTTCATAATACT  2271
             || || || || || ||||||||||||||||| ||||||||||| |||||||| ||||| 
Sbjct  2335  CTGACAGGCCTGTCACCTTATTGGTTTGATGTATCTTCTGGAACCGCTGTTCACAATACC  2394

Query  2272  GTTGATATGCAATCTCTTTTTCTTCTTACTGGACCTAATGGAGGAGGAAAGTCTTCTCTT  2331
             ||||| |||||||| || |||||||| ||||||||||| || || || || ||   | | 
Sbjct  2395  GTTGACATGCAATCACTGTTTCTTCTAACTGGACCTAACGGTGGTGGTAAATCGAGTTTG  2454

Query  2332  CTTAGATCTATTTGTGCTGCTGCTCTTCTTGGAATTTCTGGACTTATGGTTCCTGCTGAA  2391
             || ||||| || || || |||||||| ||||||||||| ||  | |||||||| ||||||
Sbjct  2455  CTCAGATCAATATGCGCAGCTGCTCTACTTGGAATTTCCGGTTTAATGGTTCCAGCTGAA  2514

Query  2392  TCTGCTTGTATTCCTCATTTTGATTCTATTATGCTTCATATGAAGTCTTATGATTCTCCT  2451
             || |||||||||||||| |||||||| || |||||||| ||||| || |||||    |||
Sbjct  2515  TCAGCTTGTATTCCTCACTTTGATTCCATCATGCTTCACATGAAATCATATGACAGCCCT  2574

Query  2452  GTTGATGGAAAGTCTTCTTTTCAAGTTGAAATGTCTGAAATTAGATCTATTGTTTCTCAA  2511
             || || |||||   |||||| || || |||||||| |||||  ||||||||||    || 
Sbjct  2575  GTAGACGGAAAAAGTTCTTTCCAGGTAGAAATGTCGGAAATACGATCTATTGTAAGCCAG  2634

Query  2512  GCTACTTCTAGATCTCTTGTTCTTATTGATGAAATTTGTAGAGGAACTGAAACTGCTAAG  2571
             |||||||| |||   || || ||||| ||||| || ||  |||| || || || || || 
Sbjct  2635  GCTACTTCGAGAAGCCTAGTGCTTATAGATGAGATATGCCGAGGGACAGAGACAGCAAAA  2694

Query  2572  GGAACTTGTATTGCTGGATCTGTTGTTGAATCTCTTGATACTTCTGGATGTCTTGGAATT  2631
             || || ||||| |||||   ||| || ||   |||||| ||   ||| ||| | || |||
Sbjct  2695  GGCACCTGTATCGCTGGTAGTGTGGTAGAGAGTCTTGACACAAGTGGTTGTTTGGGTATT  2754

Query  2632  GTTTCTACTCATCTTCATGGAATTTTTTCTCTTCCTCTTACTGCTAAGAATATTACTTAT  2691
             || ||||||||||| |||||||| ||   | | |||||||| || || || || || |||
Sbjct  2755  GTATCTACTCATCTCCATGGAATCTTCAGTTTACCTCTTACAGCGAAAAACATCACATAT  2814

Query  2692  AAGGCTATGGGAGCTGAAAATGTTGAAGGACAAACTAAGCCTACTTGGAAGCTTACTGAT  2751
             || || |||||||| |||||||| ||||| ||||| ||||| ||||||||  | || |||
Sbjct  2815  AAAGCAATGGGAGCCGAAAATGTCGAAGGGCAAACCAAGCCAACTTGGAAATTGACAGAT  2874

Query  2752  GGAGTTTGTAGAGAATCTCTTGCTTTTGAAACTGCTAAGAGAGAAGGAGTTCCTGAATCT  2811
             ||||| || |||||   |||||| |||||||| |||||||| ||||| ||||| || || 
Sbjct  2875  GGAGTCTGCAGAGAGAGTCTTGCGTTTGAAACAGCTAAGAGGGAAGGTGTTCCCGAGTCA  2934

Query  2812  GTTATTCAAAGAGCTGAAGCTCTTTATCTTTCTGTTTATGCTAAGGATGCTTCTGCTGAA  2871
             ||||| |||||||||||||||||||| || || || ||||| || || || || ||||||
Sbjct  2935  GTTATCCAAAGAGCTGAAGCTCTTTACCTCTCGGTCTATGCAAAAGACGCATCAGCTGAA  2994

Query  2872  GTTGTTAAGCCTGATCAAATTATTACTTCTTCTAATAATGATCAACAAATTCAAAAGCCT  2931
             ||||| || || || ||||| || ||||| || || ||||| || || || ||||| || 
Sbjct  2995  GTTGTCAAACCCGACCAAATCATAACTTCATCCAACAATGACCAGCAGATCCAAAAACCA  3054

Query  2932  GTTTCTTCTGAAAGATCTCTTGAAAAGGATCTT-GCTAAGGCTATTGTTAAGATTTGTGG  2990
             ||    ||||| |||  | | || ||||| ||| || || ||||| || || || |||||
Sbjct  3055  GTCAGCTCTGAGAGAAGTTTGGAGAAGGA-CTTAGCAAAAGCTATCGTCAAAATCTGTGG  3113

Query  2991  AAAGAAGATGATTGAACCTGAAGCTATTGAATGTCTTTCTATTGGAGCTAGAGAACTTCC  3050
              || ||||||||||| |||||||| || ||||||||||| ||||| ||| | || |||||
Sbjct  3114  GAAAAAGATGATTGAGCCTGAAGCAATAGAATGTCTTTCAATTGGTGCTCGTGAGCTTCC  3173

Query  3051  TCCTCCTTCTACTGTTGGATCTTCTTGTGTTTATGTTATGAGAAGACCTGATAAGAGACT  3110
              ||||| ||||| ||||| ||||| || || ||||| ||| | ||||| ||||||||| |
Sbjct  3174  ACCTCCATCTACAGTTGGTTCTTCATGCGTGTATGTGATGCGGAGACCCGATAAGAGATT  3233

Query  3111  TTATATTGGACAAACTGATGATCTTGAAGGAAGAATTAGAGCTCATAGAGCTAAGGAAGG  3170
              || |||||||| || ||||||||||||||| ||||  | || ||| |||| ||||||||
Sbjct  3234  GTACATTGGACAGACCGATGATCTTGAAGGACGAATACGTGCGCATCGAGCAAAGGAAGG  3293

Query  3171  ACTTCAAGGATCTTCTTTTCTTTATCTTATGGTTCAAGG-AA-AGTCTATGGCTTGTCAA  3228
             ||| ||||| ||   |||||| || |||||||||||||| || || | ||||||||||| 
Sbjct  3294  ACTGCAAGGGTCAAGTTTTCTATACCTTATGGTTCAAGGTAAGAG-C-ATGGCTTGTCAG  3351

Query  3229  CTTGAAACTCTTCTTATTAATCAACTTCATGAACAAGGATATTCTCTTGCTAATCTTGCT  3288
              | || |||||  | ||||||||||| ||||||||||| || ||||| ||||| || || 
Sbjct  3352  TTAGAGACTCTATTGATTAATCAACTCCATGAACAAGGCTACTCTCTGGCTAACCTAGCC  3411

Query  3289  GATGGAAAGCATAGAAATTTTGGAAC  3314
             |||||||||||  | ||||| |||||
Sbjct  3412  GATGGAAAGCACCGTAATTTCGGAAC  3437



Lambda      K        H
    1.33    0.621     1.12 

Gapped
Lambda      K        H
    1.28    0.460    0.850 

Effective search space used: 527206830161382


Query= testnucl2 lcl|NM_103665.2_cdsid_NP_175203.2 [gene=OSB1]
[protein=protein OSB1] [protein_id=NP_175203.2] [location=25..810]

Length=783


***** No hits found *****



Lambda      K        H
    1.33    0.621     1.12 

Gapped
Lambda      K        H
    1.28    0.460    0.850 

Effective search space used: 118885594375460


  Database: Nucleotide collection (nt)
    Posted date:  Oct 23, 2017  10:50 AM
  Number of letters in database: 160,513,091,505
  Number of sequences in database:  45,003,746



Matrix: blastn matrix 1 -2
Gap Penalties: Existence: 0, Extension: 2.5
