BLASTP 2.6.0+


Reference: Stephen F. Altschul, Thomas L. Madden, Alejandro A.
Schaffer, Jinghui Zhang, Zheng Zhang, Webb Miller, and David J.
Lipman (1997), "Gapped BLAST and PSI-BLAST: a new generation of
protein database search programs", Nucleic Acids Res. 25:3389-3402.


Reference for composition-based statistics: Alejandro A. Schaffer,
L. Aravind, Thomas L. Madden, Sergei Shavirin, John L. Spouge, Yuri
I. Wolf, Eugene V. Koonin, and Stephen F. Altschul (2001),
"Improving the accuracy of PSI-BLAST protein database searches with
composition-based statistics and other refinements", Nucleic Acids
Res. 29:2994-3005.



Database: Non-redundant UniProtKB/SwissProt sequences
           467,960 sequences; 176,193,313 total letters



Query= testprot1 lcl|NM_113339.3_cdsid_NP_189075.2 [gene=MSH1]
[protein=MUTL protein-like protein 1] [protein_id=NP_189075.2]
[location=124..3480]

Length=1118
                                                                      Score     E
Sequences producing significant alignments:                          (Bits)  Value

Q84LK0.1  RecName: Full=DNA mismatch repair protein MSH1, mitocho...  2309    0.0  
A8YTH9.1  RecName: Full=DNA mismatch repair protein MutS              129     3e-29
P61668.1  RecName: Full=DNA mismatch repair protein MutS              129     3e-29
A5UZK7.1  RecName: Full=DNA mismatch repair protein MutS              129     4e-29


>Q84LK0.1 RecName: Full=DNA mismatch repair protein MSH1, mitochondrial; 
Short=AtMSH1; AltName: Full=MutS protein homolog 1; AltName: 
Full=Protein CHLOROPLAST MUTATOR; Flags: Precursor
Length=1118

 Score = 2309 bits (5984),  Expect = 0.0, Method: Compositional matrix adjust.
 Identities = 1118/1118 (100%), Positives = 1118/1118 (100%), Gaps = 0/1118 (0%)

Query  1     MHWIATRNAVVSFPKWRFFFRSSYRTYSSLKPSSPILLNRRYSEGISCLRDGKSLKRITT  60
             MHWIATRNAVVSFPKWRFFFRSSYRTYSSLKPSSPILLNRRYSEGISCLRDGKSLKRITT
Sbjct  1     MHWIATRNAVVSFPKWRFFFRSSYRTYSSLKPSSPILLNRRYSEGISCLRDGKSLKRITT  60

Query  61    ASKKVKTSSDVLTDKDLSHLVWWKERLQTCKKPSTLQLIERLMYTNLLGLDPSLRNGSLK  120
             ASKKVKTSSDVLTDKDLSHLVWWKERLQTCKKPSTLQLIERLMYTNLLGLDPSLRNGSLK
Sbjct  61    ASKKVKTSSDVLTDKDLSHLVWWKERLQTCKKPSTLQLIERLMYTNLLGLDPSLRNGSLK  120

Query  121   DGNLNWEMLQFKSRFPREVLLCRVGEFYEAIGIDACILVEYAGLNPFGGLRSDSIPKAGC  180
             DGNLNWEMLQFKSRFPREVLLCRVGEFYEAIGIDACILVEYAGLNPFGGLRSDSIPKAGC
Sbjct  121   DGNLNWEMLQFKSRFPREVLLCRVGEFYEAIGIDACILVEYAGLNPFGGLRSDSIPKAGC  180

Query  181   PIMNLRQTLDDLTRNGYSVCIVEEVQGPTPARSRKGRFISGHAHPGSPYVYGLVGVDHDL  240
             PIMNLRQTLDDLTRNGYSVCIVEEVQGPTPARSRKGRFISGHAHPGSPYVYGLVGVDHDL
Sbjct  181   PIMNLRQTLDDLTRNGYSVCIVEEVQGPTPARSRKGRFISGHAHPGSPYVYGLVGVDHDL  240

Query  241   DFPDPMPVVGISRSARGYCMISIFETMKAYSLDDGLTEEALVTKLRTRRCHHLFLHASLR  300
             DFPDPMPVVGISRSARGYCMISIFETMKAYSLDDGLTEEALVTKLRTRRCHHLFLHASLR
Sbjct  241   DFPDPMPVVGISRSARGYCMISIFETMKAYSLDDGLTEEALVTKLRTRRCHHLFLHASLR  300

Query  301   HNASGTCRWGEFGEGGLLWGECSSRNFEWFEGDTLSELLSRVKDVYGLDDEVSFRNVNVP  360
             HNASGTCRWGEFGEGGLLWGECSSRNFEWFEGDTLSELLSRVKDVYGLDDEVSFRNVNVP
Sbjct  301   HNASGTCRWGEFGEGGLLWGECSSRNFEWFEGDTLSELLSRVKDVYGLDDEVSFRNVNVP  360

Query  361   SKNRPRPLHLGTATQIGALPTEGIPCLLKVLLPSTCSGLPSLYVRDLLLNPPAYDIALKI  420
             SKNRPRPLHLGTATQIGALPTEGIPCLLKVLLPSTCSGLPSLYVRDLLLNPPAYDIALKI
Sbjct  361   SKNRPRPLHLGTATQIGALPTEGIPCLLKVLLPSTCSGLPSLYVRDLLLNPPAYDIALKI  420

Query  421   QETCKLMSTVTCSIPEFTCVSSAKLVKLLEQREANYIEFCRIKNVLDDVLHMHRHAELVE  480
             QETCKLMSTVTCSIPEFTCVSSAKLVKLLEQREANYIEFCRIKNVLDDVLHMHRHAELVE
Sbjct  421   QETCKLMSTVTCSIPEFTCVSSAKLVKLLEQREANYIEFCRIKNVLDDVLHMHRHAELVE  480

Query  481   ILKLLMDPTWVATGLKIDFDTFVNECHWASDTIGEMISLDENESHQNVSKCDNVPNEFFY  540
             ILKLLMDPTWVATGLKIDFDTFVNECHWASDTIGEMISLDENESHQNVSKCDNVPNEFFY
Sbjct  481   ILKLLMDPTWVATGLKIDFDTFVNECHWASDTIGEMISLDENESHQNVSKCDNVPNEFFY  540

Query  541   DMESSWRGRVKGIHIEEEITQVEKSAEALSLAVAEDFHPIISRIKATTASLGGPKGEIAY  600
             DMESSWRGRVKGIHIEEEITQVEKSAEALSLAVAEDFHPIISRIKATTASLGGPKGEIAY
Sbjct  541   DMESSWRGRVKGIHIEEEITQVEKSAEALSLAVAEDFHPIISRIKATTASLGGPKGEIAY  600

Query  601   AREHESVWFKGKRFTPSIWAGTAGEDQIKQLKPALDSKGKKVGEEWFTTPKVEIALVRYH  660
             AREHESVWFKGKRFTPSIWAGTAGEDQIKQLKPALDSKGKKVGEEWFTTPKVEIALVRYH
Sbjct  601   AREHESVWFKGKRFTPSIWAGTAGEDQIKQLKPALDSKGKKVGEEWFTTPKVEIALVRYH  660

Query  661   EASENAKARVLELLRELSVKLQTKINVLVFASMLLVISKALFSHACEGRRRKWVFPTLVG  720
             EASENAKARVLELLRELSVKLQTKINVLVFASMLLVISKALFSHACEGRRRKWVFPTLVG
Sbjct  661   EASENAKARVLELLRELSVKLQTKINVLVFASMLLVISKALFSHACEGRRRKWVFPTLVG  720

Query  721   FSLDEGAKPLDGASRMKLTGLSPYWFDVSSGTAVHNTVDMQSLFLLTGPNGGGKSSLLRS  780
             FSLDEGAKPLDGASRMKLTGLSPYWFDVSSGTAVHNTVDMQSLFLLTGPNGGGKSSLLRS
Sbjct  721   FSLDEGAKPLDGASRMKLTGLSPYWFDVSSGTAVHNTVDMQSLFLLTGPNGGGKSSLLRS  780

Query  781   ICAAALLGISGLMVPAESACIPHFDSIMLHMKSYDSPVDGKSSFQVEMSEIRSIVSQATS  840
             ICAAALLGISGLMVPAESACIPHFDSIMLHMKSYDSPVDGKSSFQVEMSEIRSIVSQATS
Sbjct  781   ICAAALLGISGLMVPAESACIPHFDSIMLHMKSYDSPVDGKSSFQVEMSEIRSIVSQATS  840

Query  841   RSLVLIDEICRGTETAKGTCIAGSVVESLDTSGCLGIVSTHLHGIFSLPLTAKNITYKAM  900
             RSLVLIDEICRGTETAKGTCIAGSVVESLDTSGCLGIVSTHLHGIFSLPLTAKNITYKAM
Sbjct  841   RSLVLIDEICRGTETAKGTCIAGSVVESLDTSGCLGIVSTHLHGIFSLPLTAKNITYKAM  900

Query  901   GAENVEGQTKPTWKLTDGVCRESLAFETAKREGVPESVIQRAEALYLSVYAKDASAEVVK  960
             GAENVEGQTKPTWKLTDGVCRESLAFETAKREGVPESVIQRAEALYLSVYAKDASAEVVK
Sbjct  901   GAENVEGQTKPTWKLTDGVCRESLAFETAKREGVPESVIQRAEALYLSVYAKDASAEVVK  960

Query  961   PDQIITSSNNDQQIQKPVSSERSLEKDLAKAIVKICGKKMIEPEAIECLSIGARELPPPS  1020
             PDQIITSSNNDQQIQKPVSSERSLEKDLAKAIVKICGKKMIEPEAIECLSIGARELPPPS
Sbjct  961   PDQIITSSNNDQQIQKPVSSERSLEKDLAKAIVKICGKKMIEPEAIECLSIGARELPPPS  1020

Query  1021  TVGSSCVYVMRRPDKRLYIGQTDDLEGRIRAHRAKEGLQGSSFLYLMVQGKSMACQLETL  1080
             TVGSSCVYVMRRPDKRLYIGQTDDLEGRIRAHRAKEGLQGSSFLYLMVQGKSMACQLETL
Sbjct  1021  TVGSSCVYVMRRPDKRLYIGQTDDLEGRIRAHRAKEGLQGSSFLYLMVQGKSMACQLETL  1080

Query  1081  LINQLHEQGYSLANLADGKHRNFGTSSSLSTSDVVSIL  1118
             LINQLHEQGYSLANLADGKHRNFGTSSSLSTSDVVSIL
Sbjct  1081  LINQLHEQGYSLANLADGKHRNFGTSSSLSTSDVVSIL  1118


>A8YTH9.1 RecName: Full=DNA mismatch repair protein MutS
Length=858

 Score = 129 bits (325),  Expect = 3e-29, Method: Compositional matrix adjust.
 Identities = 74/202 (37%), Positives = 112/202 (55%), Gaps = 4/202 (2%)

Query  748  VSSGTAVHNTVDMQS---LFLLTGPNGGGKSSLLRSICAAALLGISGLMVPAESACIPHF  804
            +++G+ + N V M S   +FL+TGPN  GKS+ +R +   A++   G  VPA+SA +P F
Sbjct  577  MTAGSYIPNDVKMDSATNIFLITGPNMSGKSTYMRQMALIAIMAQVGSFVPADSAALPIF  636

Query  805  DSIMLHMKSYDSPVDGKSSFQVEMSEIRSIVSQATSRSLVLIDEICRGTETAKGTCIAGS  864
            D I   + + D  + G+S+F VEMSE  + +  AT RSLVL DEI RGT T  G  +AG+
Sbjct  637  DQIFTRIGAADDLISGQSTFMVEMSEANAALQYATKRSLVLFDEIGRGTATYDGMALAGA  696

Query  865  VVESL-DTSGCLGIVSTHLHGIFSLPLTAKNITYKAMGAENVEGQTKPTWKLTDGVCRES  923
            +V+ L D  G   + +TH H + SL  T   +    +GA    G+     K+  G   +S
Sbjct  697  IVKYLHDKVGAKALFATHYHELTSLDETLDYLKNIHVGATEENGKLIFLHKILPGPADQS  756

Query  924  LAFETAKREGVPESVIQRAEAL  945
                 A+  G+P +V++ A  L
Sbjct  757  YGIHVAQLAGLPRAVLREATKL  778


 Score = 47.8 bits (112),  Expect = 5e-04, Method: Compositional matrix adjust.
 Identities = 30/104 (29%), Positives = 47/104 (45%), Gaps = 4/104 (4%)

Query  127  EMLQFKSRFPREVLLCRVGEFYEAIGIDA---CILVEYAGLNPFGGLRSDSIPKAGCPIM  183
            +  + K ++P   L  RVG+FYE    DA     ++E   L        + IP AG P M
Sbjct  4    QYYEIKKQYPDAFLFYRVGDFYELFEDDAVKGAQILELT-LTHRSNKTKNPIPMAGVPHM  62

Query  184  NLRQTLDDLTRNGYSVCIVEEVQGPTPARSRKGRFISGHAHPGS  227
             +   ++ L   GY V + E+++ P  A+    R I     PG+
Sbjct  63   AVDTYVNTLVEKGYKVALCEQLEDPKKAKGMVKRGIIQLVTPGT  106



Lambda      K        H        a         alpha
   0.319    0.134    0.401    0.792     4.96 

Gapped
Lambda      K        H        a         alpha    sigma
   0.267   0.0410    0.140     1.90     42.6     43.6 

Effective search space used: 115131488670


Query= testprot2 lcl|NM_103665.2_cdsid_NP_175203.2 [gene=OSB1]
[protein=protein OSB1] [protein_id=NP_175203.2] [location=25..810]

Length=261
                                                                      Score     E
Sequences producing significant alignments:                          (Bits)  Value

Q9SX99.1  RecName: Full=Protein OSB1, mitochondrial; AltName: Ful...  540     0.0  
Q8GXH3.2  RecName: Full=Protein OSB2, chloroplastic; AltName: Ful...  80.5    3e-16
Q8GWJ4.1  RecName: Full=Protein OSB3, chloroplastic/mitochondrial...  77.4    5e-15
Q9FYJ2.1  RecName: Full=Protein OSB4, chloroplastic; AltName: Ful...  58.5    8e-09


>Q9SX99.1 RecName: Full=Protein OSB1, mitochondrial; AltName: Full=Organellar 
single-stranded DNA-binding protein 1; Flags: Precursor
Length=261

 Score = 540 bits (1390),  Expect = 0.0, Method: Compositional matrix adjust.
 Identities = 261/261 (100%), Positives = 261/261 (100%), Gaps = 0/261 (0%)

Query  1    MNTFFKLGSLIQRTASQISSSFPKSRFFSDGESAVYHHARLFKKPLSTKLKFNLVNSVSL  60
            MNTFFKLGSLIQRTASQISSSFPKSRFFSDGESAVYHHARLFKKPLSTKLKFNLVNSVSL
Sbjct  1    MNTFFKLGSLIQRTASQISSSFPKSRFFSDGESAVYHHARLFKKPLSTKLKFNLVNSVSL  60

Query  61   MGFVDRSIQVMNTGPDRFGVFTILRVKDPLNPNRSFRISLRMWDAMARTCIAHLKLNDHI  120
            MGFVDRSIQVMNTGPDRFGVFTILRVKDPLNPNRSFRISLRMWDAMARTCIAHLKLNDHI
Sbjct  61   MGFVDRSIQVMNTGPDRFGVFTILRVKDPLNPNRSFRISLRMWDAMARTCIAHLKLNDHI  120

Query  121  LVSGRLESYSKSSSDVYSGLNLDYQVKVAEVNYVAAPPSHVLDSQISKNPKTKTEDDIEE  180
            LVSGRLESYSKSSSDVYSGLNLDYQVKVAEVNYVAAPPSHVLDSQISKNPKTKTEDDIEE
Sbjct  121  LVSGRLESYSKSSSDVYSGLNLDYQVKVAEVNYVAAPPSHVLDSQISKNPKTKTEDDIEE  180

Query  181  SKKDEIYLWQVFFSNPYDWWDNRRNKKNPKQPDFKHKDTGEALWLCSDLPDWITRRLELF  240
            SKKDEIYLWQVFFSNPYDWWDNRRNKKNPKQPDFKHKDTGEALWLCSDLPDWITRRLELF
Sbjct  181  SKKDEIYLWQVFFSNPYDWWDNRRNKKNPKQPDFKHKDTGEALWLCSDLPDWITRRLELF  240

Query  241  DQKNRFYDEEKTRRDRLSDYI  261
            DQKNRFYDEEKTRRDRLSDYI
Sbjct  241  DQKNRFYDEEKTRRDRLSDYI  261


>Q8GXH3.2 RecName: Full=Protein OSB2, chloroplastic; AltName: Full=Organellar 
single-stranded DNA-binding protein 2; AltName: Full=Protein 
FLORAL ABSCISSION ASSOCIATED; AltName: Full=Protein 
PLASTID TRANSCRIPTIONALLY ACTIVE 9; Flags: Precursor
Length=371

 Score = 80.5 bits (197),  Expect = 3e-16, Method: Compositional matrix adjust.
 Identities = 60/215 (28%), Positives = 103/215 (48%), Gaps = 22/215 (10%)

Query  42   FKKPLSTKLKFNLVNSVSLMGFVDRSIQVMNTGPDRFGVFTILRVKDPLNPNRSFRISLR  101
              +P     +  + N V+L+GFVD+ +Q   +   +F   T++  +   + +  F I + 
Sbjct  85   LPRPNEIAYESEVANWVNLIGFVDQPVQFEASSDGKFWAGTVISQRSASD-SSGFWIPII  143

Query  102  MWDAMARTCIAHLKLNDHILVSGRLESYSKSSSDVYSGLNLDYQVKVAEVNYV---AAPP  158
                +A+T   ++  +D I VSG+L   S   +  Y+  N+  QV V  +N++   +  P
Sbjct  144  FEGDLAKTAARYVSKDDQIHVSGKLFIDSPPPNMTYAQANV--QVLVQNLNFIQPMSPSP  201

Query  159  SHVL--------DSQISKNPKTKTEDDIEESKKDEIYLWQVFFSNPYDWWDNRRNKKN--  208
            S  +        +S I K P    +D + +   D    W     NP +WWD+R NK N  
Sbjct  202  SPFMVMSSSEKEESGIKKQPARAKQDIVIDEASDS---WNHLIENPKEWWDHRENKVNGL  258

Query  209  --PKQPDFKHKDTGEALWLCSDLPDWITRRLELFD  241
              P+ PDFK KD+  +LWL +  P+W+  +LE  +
Sbjct  259  VKPRHPDFKSKDSSFSLWL-NKAPNWVLPKLEGLE  292


 Score = 62.8 bits (151),  Expect = 4e-10, Method: Compositional matrix adjust.
 Identities = 28/55 (51%), Positives = 37/55 (67%), Gaps = 1/55 (2%)

Query  189  WQVFFSNPYDWWDNRRNKKNPKQPDFKHKDTGEALWLCSDLPDWITRRLELFDQK  243
            W+    NP  WWDNR +K+N K PDFKHK+TGEALWL ++ P W+  +L    +K
Sbjct  312  WKDLVQNPDKWWDNRIDKRNAKAPDFKHKETGEALWL-NESPTWVLPKLPPVKKK  365



Lambda      K        H        a         alpha
   0.319    0.134    0.407    0.792     4.96 

Gapped
Lambda      K        H        a         alpha    sigma
   0.267   0.0410    0.140     1.90     42.6     43.6 

Effective search space used: 17867175298


  Database: Non-redundant UniProtKB/SwissProt sequences
    Posted date:  Oct 26, 2017  11:46 AM
  Number of letters in database: 176,193,313
  Number of sequences in database:  467,960



Matrix: BLOSUM62
Gap Penalties: Existence: 11, Extension: 1
Neighboring words threshold: 11
Window for multiple hits: 40
