BLASTP 2.6.0+


Reference: Stephen F. Altschul, Thomas L. Madden, Alejandro A.
Schaffer, Jinghui Zhang, Zheng Zhang, Webb Miller, and David J.
Lipman (1997), "Gapped BLAST and PSI-BLAST: a new generation of
protein database search programs", Nucleic Acids Res. 25:3389-3402.


Reference for composition-based statistics: Alejandro A. Schaffer,
L. Aravind, Thomas L. Madden, Sergei Shavirin, John L. Spouge, Yuri
I. Wolf, Eugene V. Koonin, and Stephen F. Altschul (2001),
"Improving the accuracy of PSI-BLAST protein database searches with
composition-based statistics and other refinements", Nucleic Acids
Res. 29:2994-3005.



Database: UniProt release 2017_10: UniProt Reference Clusters (UniRef90)
           63,044,664 sequences; 21,417,074,558 total letters



Query= testprot1 lcl|NM_113339.3_cdsid_NP_189075.2 [gene=MSH1]
[protein=MUTL protein-like protein 1] [protein_id=NP_189075.2]
[location=124..3480]

Length=1118
                                                                      Score     E
Sequences producing significant alignments:                          (Bits)  Value

UniRef90_Q84LK0  DNA mismatch repair protein MSH1, mitochondrial ...  2309    0.0  
UniRef90_R0HQW7  Uncharacterized protein n=1 Tax=Capsella rubella...  2079    0.0  
UniRef90_A0A1J3E1G5  DNA mismatch repair protein MSH1, mitochondr...  2023    0.0  
UniRef90_A0A097PJF3  MSH1 (Fragment) n=2 Tax=Arabidopsis TaxID=37...  1979    0.0  


>UniRef90_Q84LK0 DNA mismatch repair protein MSH1, mitochondrial n=17 Tax=Brassicaceae 
TaxID=3700 RepID=MSH1_ARATH
Length=1118

 Score = 2309 bits (5984),  Expect = 0.0, Method: Compositional matrix adjust.
 Identities = 1118/1118 (100%), Positives = 1118/1118 (100%), Gaps = 0/1118 (0%)

Query  1     MHWIATRNAVVSFPKWRFFFRSSYRTYSSLKPSSPILLNRRYSEGISCLRDGKSLKRITT  60
             MHWIATRNAVVSFPKWRFFFRSSYRTYSSLKPSSPILLNRRYSEGISCLRDGKSLKRITT
Sbjct  1     MHWIATRNAVVSFPKWRFFFRSSYRTYSSLKPSSPILLNRRYSEGISCLRDGKSLKRITT  60

Query  61    ASKKVKTSSDVLTDKDLSHLVWWKERLQTCKKPSTLQLIERLMYTNLLGLDPSLRNGSLK  120
             ASKKVKTSSDVLTDKDLSHLVWWKERLQTCKKPSTLQLIERLMYTNLLGLDPSLRNGSLK
Sbjct  61    ASKKVKTSSDVLTDKDLSHLVWWKERLQTCKKPSTLQLIERLMYTNLLGLDPSLRNGSLK  120

Query  121   DGNLNWEMLQFKSRFPREVLLCRVGEFYEAIGIDACILVEYAGLNPFGGLRSDSIPKAGC  180
             DGNLNWEMLQFKSRFPREVLLCRVGEFYEAIGIDACILVEYAGLNPFGGLRSDSIPKAGC
Sbjct  121   DGNLNWEMLQFKSRFPREVLLCRVGEFYEAIGIDACILVEYAGLNPFGGLRSDSIPKAGC  180

Query  181   PIMNLRQTLDDLTRNGYSVCIVEEVQGPTPARSRKGRFISGHAHPGSPYVYGLVGVDHDL  240
             PIMNLRQTLDDLTRNGYSVCIVEEVQGPTPARSRKGRFISGHAHPGSPYVYGLVGVDHDL
Sbjct  181   PIMNLRQTLDDLTRNGYSVCIVEEVQGPTPARSRKGRFISGHAHPGSPYVYGLVGVDHDL  240

Query  241   DFPDPMPVVGISRSARGYCMISIFETMKAYSLDDGLTEEALVTKLRTRRCHHLFLHASLR  300
             DFPDPMPVVGISRSARGYCMISIFETMKAYSLDDGLTEEALVTKLRTRRCHHLFLHASLR
Sbjct  241   DFPDPMPVVGISRSARGYCMISIFETMKAYSLDDGLTEEALVTKLRTRRCHHLFLHASLR  300

Query  301   HNASGTCRWGEFGEGGLLWGECSSRNFEWFEGDTLSELLSRVKDVYGLDDEVSFRNVNVP  360
             HNASGTCRWGEFGEGGLLWGECSSRNFEWFEGDTLSELLSRVKDVYGLDDEVSFRNVNVP
Sbjct  301   HNASGTCRWGEFGEGGLLWGECSSRNFEWFEGDTLSELLSRVKDVYGLDDEVSFRNVNVP  360

Query  361   SKNRPRPLHLGTATQIGALPTEGIPCLLKVLLPSTCSGLPSLYVRDLLLNPPAYDIALKI  420
             SKNRPRPLHLGTATQIGALPTEGIPCLLKVLLPSTCSGLPSLYVRDLLLNPPAYDIALKI
Sbjct  361   SKNRPRPLHLGTATQIGALPTEGIPCLLKVLLPSTCSGLPSLYVRDLLLNPPAYDIALKI  420

Query  421   QETCKLMSTVTCSIPEFTCVSSAKLVKLLEQREANYIEFCRIKNVLDDVLHMHRHAELVE  480
             QETCKLMSTVTCSIPEFTCVSSAKLVKLLEQREANYIEFCRIKNVLDDVLHMHRHAELVE
Sbjct  421   QETCKLMSTVTCSIPEFTCVSSAKLVKLLEQREANYIEFCRIKNVLDDVLHMHRHAELVE  480

Query  481   ILKLLMDPTWVATGLKIDFDTFVNECHWASDTIGEMISLDENESHQNVSKCDNVPNEFFY  540
             ILKLLMDPTWVATGLKIDFDTFVNECHWASDTIGEMISLDENESHQNVSKCDNVPNEFFY
Sbjct  481   ILKLLMDPTWVATGLKIDFDTFVNECHWASDTIGEMISLDENESHQNVSKCDNVPNEFFY  540

Query  541   DMESSWRGRVKGIHIEEEITQVEKSAEALSLAVAEDFHPIISRIKATTASLGGPKGEIAY  600
             DMESSWRGRVKGIHIEEEITQVEKSAEALSLAVAEDFHPIISRIKATTASLGGPKGEIAY
Sbjct  541   DMESSWRGRVKGIHIEEEITQVEKSAEALSLAVAEDFHPIISRIKATTASLGGPKGEIAY  600

Query  601   AREHESVWFKGKRFTPSIWAGTAGEDQIKQLKPALDSKGKKVGEEWFTTPKVEIALVRYH  660
             AREHESVWFKGKRFTPSIWAGTAGEDQIKQLKPALDSKGKKVGEEWFTTPKVEIALVRYH
Sbjct  601   AREHESVWFKGKRFTPSIWAGTAGEDQIKQLKPALDSKGKKVGEEWFTTPKVEIALVRYH  660

Query  661   EASENAKARVLELLRELSVKLQTKINVLVFASMLLVISKALFSHACEGRRRKWVFPTLVG  720
             EASENAKARVLELLRELSVKLQTKINVLVFASMLLVISKALFSHACEGRRRKWVFPTLVG
Sbjct  661   EASENAKARVLELLRELSVKLQTKINVLVFASMLLVISKALFSHACEGRRRKWVFPTLVG  720

Query  721   FSLDEGAKPLDGASRMKLTGLSPYWFDVSSGTAVHNTVDMQSLFLLTGPNGGGKSSLLRS  780
             FSLDEGAKPLDGASRMKLTGLSPYWFDVSSGTAVHNTVDMQSLFLLTGPNGGGKSSLLRS
Sbjct  721   FSLDEGAKPLDGASRMKLTGLSPYWFDVSSGTAVHNTVDMQSLFLLTGPNGGGKSSLLRS  780

Query  781   ICAAALLGISGLMVPAESACIPHFDSIMLHMKSYDSPVDGKSSFQVEMSEIRSIVSQATS  840
             ICAAALLGISGLMVPAESACIPHFDSIMLHMKSYDSPVDGKSSFQVEMSEIRSIVSQATS
Sbjct  781   ICAAALLGISGLMVPAESACIPHFDSIMLHMKSYDSPVDGKSSFQVEMSEIRSIVSQATS  840

Query  841   RSLVLIDEICRGTETAKGTCIAGSVVESLDTSGCLGIVSTHLHGIFSLPLTAKNITYKAM  900
             RSLVLIDEICRGTETAKGTCIAGSVVESLDTSGCLGIVSTHLHGIFSLPLTAKNITYKAM
Sbjct  841   RSLVLIDEICRGTETAKGTCIAGSVVESLDTSGCLGIVSTHLHGIFSLPLTAKNITYKAM  900

Query  901   GAENVEGQTKPTWKLTDGVCRESLAFETAKREGVPESVIQRAEALYLSVYAKDASAEVVK  960
             GAENVEGQTKPTWKLTDGVCRESLAFETAKREGVPESVIQRAEALYLSVYAKDASAEVVK
Sbjct  901   GAENVEGQTKPTWKLTDGVCRESLAFETAKREGVPESVIQRAEALYLSVYAKDASAEVVK  960

Query  961   PDQIITSSNNDQQIQKPVSSERSLEKDLAKAIVKICGKKMIEPEAIECLSIGARELPPPS  1020
             PDQIITSSNNDQQIQKPVSSERSLEKDLAKAIVKICGKKMIEPEAIECLSIGARELPPPS
Sbjct  961   PDQIITSSNNDQQIQKPVSSERSLEKDLAKAIVKICGKKMIEPEAIECLSIGARELPPPS  1020

Query  1021  TVGSSCVYVMRRPDKRLYIGQTDDLEGRIRAHRAKEGLQGSSFLYLMVQGKSMACQLETL  1080
             TVGSSCVYVMRRPDKRLYIGQTDDLEGRIRAHRAKEGLQGSSFLYLMVQGKSMACQLETL
Sbjct  1021  TVGSSCVYVMRRPDKRLYIGQTDDLEGRIRAHRAKEGLQGSSFLYLMVQGKSMACQLETL  1080

Query  1081  LINQLHEQGYSLANLADGKHRNFGTSSSLSTSDVVSIL  1118
             LINQLHEQGYSLANLADGKHRNFGTSSSLSTSDVVSIL
Sbjct  1081  LINQLHEQGYSLANLADGKHRNFGTSSSLSTSDVVSIL  1118


>UniRef90_R0HQW7 Uncharacterized protein n=1 Tax=Capsella rubella TaxID=81985 
RepID=R0HQW7_9BRAS
Length=1209

 Score = 2079 bits (5387),  Expect = 0.0, Method: Compositional matrix adjust.
 Identities = 1010/1103 (92%), Positives = 1038/1103 (94%), Gaps = 42/1103 (4%)

Query  34    SPILLNRRYSEGISCLRDGKSLKRITTASKKVKTSSDVLTDKDLSHLVWWKERLQTCKKP  93
             SP   NRRYSEG+ CLRD K+LK ITTAS+KVKTSSDVL DKDLSHLVWWKERLQTCKKP
Sbjct  129   SPRKSNRRYSEGVYCLRDRKALKGITTASRKVKTSSDVLADKDLSHLVWWKERLQTCKKP  188

Query  94    STLQLIERLMYTNLLGLDPSLRNGSLKDGNLNWEMLQFKSRFPREVLLCRVGEFYEAIGI  153
             STLQLIERLMYTNLLGLDP+LRNGSLKDGNLNWEMLQFKSRFPREVLLCRVG+FYEAIGI
Sbjct  189   STLQLIERLMYTNLLGLDPNLRNGSLKDGNLNWEMLQFKSRFPREVLLCRVGDFYEAIGI  248

Query  154   DACILVEYAGLNPFGGLRSDSIPKAGCPIMNLRQTLDDLTRNGYSVCIVEEVQGPTPARS  213
             DACILVEYAGLNPFGGLRSDSIPKAGCP++NLRQTLDDLTRNGYSVCIVEEVQGPTPARS
Sbjct  249   DACILVEYAGLNPFGGLRSDSIPKAGCPVVNLRQTLDDLTRNGYSVCIVEEVQGPTPARS  308

Query  214   RKGRFISGHAHPGSPYVYGLVGVDHDLDFPDPMPVVGISRSARGYCMISIFETMKAYSLD  273
             RKGRFISGHAHPGSPYVYGLVGVDHDLDFP+PMPVVGISRSARGYCMISIFETMKAYSLD
Sbjct  309   RKGRFISGHAHPGSPYVYGLVGVDHDLDFPEPMPVVGISRSARGYCMISIFETMKAYSLD  368

Query  274   DGLTEEALVTKLRTRRCHHLFLHASLRHNASGTCRWGEFGEGGLLWGECSSRNFEWFEGD  333
             DGLTEEALVTKLRTRRCHHLFLHASLRHNASGTCRWGEFGEGGLLWGECS +NFEWFEGD
Sbjct  369   DGLTEEALVTKLRTRRCHHLFLHASLRHNASGTCRWGEFGEGGLLWGECSGKNFEWFEGD  428

Query  334   TLSELLSRVKDVYGLDDEVSFRNVNVPSKNRPRPLHLGTATQIGALPTEGIPCLLKVLLP  393
             TLSELLSRVKDVYGLDDEVSFRNVNVPSKNRPRPLHLGTATQIGALPTEGIPCLLKVLLP
Sbjct  429   TLSELLSRVKDVYGLDDEVSFRNVNVPSKNRPRPLHLGTATQIGALPTEGIPCLLKVLLP  488

Query  394   STCSGLPSLYVRDLLLNPPAYDIALKIQETCKLMSTVTCSIPEFTCVSSAKLVKLLEQRE  453
             STCSGLPSLYVRDLLLNPPAYDIALKIQETCKLMS VTCSIPEFTCVSSAKLVKLLEQRE
Sbjct  489   STCSGLPSLYVRDLLLNPPAYDIALKIQETCKLMSRVTCSIPEFTCVSSAKLVKLLEQRE  548

Query  454   ANYIEFCRIKNVLDDVLHMHRHAELVEILKLLMDPTWVATGLKIDFDTFVNECHWASDTI  513
             ANYIEFCRIKNVLD+VLHMH+HAELVEILKLLM+PTWVATGLKIDF+TFVNEC WASDTI
Sbjct  549   ANYIEFCRIKNVLDEVLHMHQHAELVEILKLLMEPTWVATGLKIDFETFVNECCWASDTI  608

Query  514   GEMISLDENESHQNVSKCDNVPNEFFYDMESSWRGRVKGIHIEEEITQVEKSAEALSLAV  573
             GEMISLD+NESHQNVSKC N+P EFFYDMESSWRGRVKGIHIEEEI+QVEKSAEALSLA 
Sbjct  609   GEMISLDDNESHQNVSKCANIPKEFFYDMESSWRGRVKGIHIEEEISQVEKSAEALSLA-  667

Query  574   AEDFHPIISRIKATTASLGGPKGEIAYAREHESVWFKGKRFTPSIWAGTAGEDQIKQLKP  633
                                   GEIAYAREHESVWFKGKRFTPSIW GTAGEDQIKQLKP
Sbjct  668   ----------------------GEIAYAREHESVWFKGKRFTPSIWGGTAGEDQIKQLKP  705

Query  634   ALDSKGKKVGEEWFTTPKVEIALVRYHEASENAKARVLELLRELSVKLQTKINVLVFASM  693
             ALDSKGKKVGEEWFTTPKVE+ALVRYHEASENAKARVLELLRELSVKLQTKINVLVFASM
Sbjct  706   ALDSKGKKVGEEWFTTPKVEVALVRYHEASENAKARVLELLRELSVKLQTKINVLVFASM  765

Query  694   LLVISKALFSHACEGRRRKWVFPTLVGFSLDEGAKPLDGASRMKLTGLSPYWFDVSSGTA  753
             LLVI+KALF+HACEGRRRKWVFPTLVGFS DEGA  LDGAS+MKLTGLSPYWFDV+SGTA
Sbjct  766   LLVIAKALFAHACEGRRRKWVFPTLVGFSTDEGANSLDGASQMKLTGLSPYWFDVASGTA  825

Query  754   VHNTVDMQSLFLLTGPNGGGKSSLLRSICAAALLGISGLMVPAESACIPHFDSIMLHMKS  813
             V NTVDMQSLFLLTGPNGGGKSSLLRSICAAALLGISGLMVPAESACIP+FDSIMLHMKS
Sbjct  826   VRNTVDMQSLFLLTGPNGGGKSSLLRSICAAALLGISGLMVPAESACIPYFDSIMLHMKS  885

Query  814   YDSPVDGKSSFQVEMSEIRSIVSQATSRSLVLIDEICRGTETAKGTCIAGSVVESLDTSG  873
             YDSPVDGKSSFQVEMSEIRSIVSQATSRSLVLIDEICRGTETAKGTCIAGSVVE LDTSG
Sbjct  886   YDSPVDGKSSFQVEMSEIRSIVSQATSRSLVLIDEICRGTETAKGTCIAGSVVECLDTSG  945

Query  874   CLGIVSTHLHGIFSLPLTAKNITYKAMGAENVEGQTKPTWKLTDGVCRESLAFETAKREG  933
             CLGIVSTHLHGIFSLPLTAKNITYKAMGAENVEGQTKPTWKLTDGVCRESLAFETAKREG
Sbjct  946   CLGIVSTHLHGIFSLPLTAKNITYKAMGAENVEGQTKPTWKLTDGVCRESLAFETAKREG  1005

Query  934   VPESVIQRAEALYLSVYAKDASAEVVKPDQIITSSNNDQQIQKPVSSERSLEKDLAKAIV  993
             VPESVIQRAEALYLSVYAKDAS+EVVKPD+I+TSSNNDQQI KPVSSERSLEKDLAK I+
Sbjct  1006  VPESVIQRAEALYLSVYAKDASSEVVKPDKIVTSSNNDQQICKPVSSERSLEKDLAKTII  1065

Query  994   KICGKKMIEPEAIECLSIGARELPPPSTVGSSCVYVMRRPDKRLYIG-------------  1040
             KICGKKM+EPEA+EC SIGARELPPPSTVGSSCVYVM RPDKRLYIG             
Sbjct  1066  KICGKKMVEPEALECHSIGARELPPPSTVGSSCVYVMHRPDKRLYIGQNRQKNRKLLILK  1125

Query  1041  ------QTDDLEGRIRAHRAKEGLQGSSFLYLMVQGKSMACQLETLLINQLHEQGYSLAN  1094
                   QTDDLEGRIRAHRAKEGLQGSSFLYLMVQGKSMACQLETLLINQLHEQGYSLAN
Sbjct  1126  ISVMKLQTDDLEGRIRAHRAKEGLQGSSFLYLMVQGKSMACQLETLLINQLHEQGYSLAN  1185

Query  1095  LADGKHRNFGTSSSLSTSDVVSI  1117
             LADGKHRNFGTSSSLST DVVSI
Sbjct  1186  LADGKHRNFGTSSSLSTPDVVSI  1208



Lambda      K        H        a         alpha
   0.319    0.134    0.401    0.792     4.96 

Gapped
Lambda      K        H        a         alpha    sigma
   0.267   0.0410    0.140     1.90     42.6     43.6 

Effective search space used: 10854071328644


Query= testprot2 lcl|NM_103665.2_cdsid_NP_175203.2 [gene=OSB1]
[protein=protein OSB1] [protein_id=NP_175203.2] [location=25..810]

Length=261
                                                                      Score     E
Sequences producing significant alignments:                          (Bits)  Value

UniRef90_Q9SX99  Protein OSB1, mitochondrial n=2 Tax=Arabidopsis ...  540     0.0   
UniRef90_D7KAX3  Organellar single-stranded n=2 Tax=Arabidopsis l...  447     5e-158
UniRef90_UPI0005397FBB  protein OSB1, mitochondrial-like n=6 Tax=...  414     1e-144
UniRef90_R0IJB8  Uncharacterized protein n=2 Tax=Capsella rubella...  399     4e-139


>UniRef90_Q9SX99 Protein OSB1, mitochondrial n=2 Tax=Arabidopsis thaliana TaxID=3702 
RepID=OSB1_ARATH
Length=261

 Score = 540 bits (1390),  Expect = 0.0, Method: Compositional matrix adjust.
 Identities = 261/261 (100%), Positives = 261/261 (100%), Gaps = 0/261 (0%)

Query  1    MNTFFKLGSLIQRTASQISSSFPKSRFFSDGESAVYHHARLFKKPLSTKLKFNLVNSVSL  60
            MNTFFKLGSLIQRTASQISSSFPKSRFFSDGESAVYHHARLFKKPLSTKLKFNLVNSVSL
Sbjct  1    MNTFFKLGSLIQRTASQISSSFPKSRFFSDGESAVYHHARLFKKPLSTKLKFNLVNSVSL  60

Query  61   MGFVDRSIQVMNTGPDRFGVFTILRVKDPLNPNRSFRISLRMWDAMARTCIAHLKLNDHI  120
            MGFVDRSIQVMNTGPDRFGVFTILRVKDPLNPNRSFRISLRMWDAMARTCIAHLKLNDHI
Sbjct  61   MGFVDRSIQVMNTGPDRFGVFTILRVKDPLNPNRSFRISLRMWDAMARTCIAHLKLNDHI  120

Query  121  LVSGRLESYSKSSSDVYSGLNLDYQVKVAEVNYVAAPPSHVLDSQISKNPKTKTEDDIEE  180
            LVSGRLESYSKSSSDVYSGLNLDYQVKVAEVNYVAAPPSHVLDSQISKNPKTKTEDDIEE
Sbjct  121  LVSGRLESYSKSSSDVYSGLNLDYQVKVAEVNYVAAPPSHVLDSQISKNPKTKTEDDIEE  180

Query  181  SKKDEIYLWQVFFSNPYDWWDNRRNKKNPKQPDFKHKDTGEALWLCSDLPDWITRRLELF  240
            SKKDEIYLWQVFFSNPYDWWDNRRNKKNPKQPDFKHKDTGEALWLCSDLPDWITRRLELF
Sbjct  181  SKKDEIYLWQVFFSNPYDWWDNRRNKKNPKQPDFKHKDTGEALWLCSDLPDWITRRLELF  240

Query  241  DQKNRFYDEEKTRRDRLSDYI  261
            DQKNRFYDEEKTRRDRLSDYI
Sbjct  241  DQKNRFYDEEKTRRDRLSDYI  261


>UniRef90_D7KAX3 Organellar single-stranded n=2 Tax=Arabidopsis lyrata subsp. 
lyrata TaxID=81972 RepID=D7KAX3_ARALL
Length=261

 Score = 447 bits (1150),  Expect = 5e-158, Method: Compositional matrix adjust.
 Identities = 219/261 (84%), Positives = 236/261 (90%), Gaps = 0/261 (0%)

Query  1    MNTFFKLGSLIQRTASQISSSFPKSRFFSDGESAVYHHARLFKKPLSTKLKFNLVNSVSL  60
            MNTFFKLGSLIQRTASQISSSFPKSRFFSDGESAVYHHARLFKKPLSTKLKFNLVNSVSL
Sbjct  1    MNTFFKLGSLIQRTASQISSSFPKSRFFSDGESAVYHHARLFKKPLSTKLKFNLVNSVSL  60

Query  61   MGFVDRSIQVMNTGPDRFGVFTILRVKDPLNPNRSFRISLRMWDAMARTCIAHLKLNDHI  120
            MGFVDR I+VM+TGPD FGVFT+LRVKDPL PNRSFRISL MW  MARTCI++LK NDHI
Sbjct  61   MGFVDRPIRVMDTGPDNFGVFTMLRVKDPLIPNRSFRISLTMWGTMARTCISYLKPNDHI  120

Query  121  LVSGRLESYSKSSSDVYSGLNLDYQVKVAEVNYVAAPPSHVLDSQISKNPKTKTEDDIEE  180
            LVSGRL S+SKS  D  SGL+LDYQV+V EVNYVAAPP+ VLDSQ S+ P ++ ED IEE
Sbjct  121  LVSGRLVSHSKSPRDENSGLDLDYQVRVTEVNYVAAPPNLVLDSQNSEKPVSEAEDGIEE  180

Query  181  SKKDEIYLWQVFFSNPYDWWDNRRNKKNPKQPDFKHKDTGEALWLCSDLPDWITRRLELF  240
            SK D+IYLWQVFFSNPYDWWDNRRNKKNP QPDFKHKDTGEALWL SD+PDWI RRLELF
Sbjct  181  SKIDKIYLWQVFFSNPYDWWDNRRNKKNPMQPDFKHKDTGEALWLDSDIPDWINRRLELF  240

Query  241  DQKNRFYDEEKTRRDRLSDYI  261
            DQ+NR YDEEKTRR RLS++I
Sbjct  241  DQRNRCYDEEKTRRGRLSEWI  261



Lambda      K        H        a         alpha
   0.319    0.134    0.407    0.792     4.96 

Gapped
Lambda      K        H        a         alpha    sigma
   0.267   0.0410    0.140     1.90     42.6     43.6 

Effective search space used: 1404443665610


  Database: UniProt release 2017_10: UniProt Reference Clusters (UniRef90)
    Posted date:  Oct 27, 2017  12:32 PM
  Number of letters in database: 21,417,074,558
  Number of sequences in database:  63,044,664



Matrix: BLOSUM62
Gap Penalties: Existence: 11, Extension: 1
Neighboring words threshold: 11
Window for multiple hits: 40
