BLASTP 2.6.0+


Reference: Stephen F. Altschul, Thomas L. Madden, Alejandro A.
Schaffer, Jinghui Zhang, Zheng Zhang, Webb Miller, and David J.
Lipman (1997), "Gapped BLAST and PSI-BLAST: a new generation of
protein database search programs", Nucleic Acids Res. 25:3389-3402.


Reference for composition-based statistics: Alejandro A. Schaffer,
L. Aravind, Thomas L. Madden, Sergei Shavirin, John L. Spouge, Yuri
I. Wolf, Eugene V. Koonin, and Stephen F. Altschul (2001),
"Improving the accuracy of PSI-BLAST protein database searches with
composition-based statistics and other refinements", Nucleic Acids
Res. 29:2994-3005.



Database: UniProt release 2017_10: UniProt Reference Clusters (UniRef100)
           122,410,770 sequences; 45,617,009,014 total letters



Query= testprot1 lcl|NM_113339.3_cdsid_NP_189075.2 [gene=MSH1]
[protein=MUTL protein-like protein 1] [protein_id=NP_189075.2]
[location=124..3480]

Length=1118
                                                                      Score     E
Sequences producing significant alignments:                          (Bits)  Value

UniRef100_Q84LK0  DNA mismatch repair protein MSH1, mitochondrial...  2309    0.0  
UniRef100_UPI000539CA9F  DNA mismatch repair protein MSH1, mitoch...  2229    0.0  
UniRef100_UPI00053ABB3C  DNA mismatch repair protein MSH1, mitoch...  2224    0.0  
UniRef100_D7L521  Uncharacterized protein n=1 Tax=Arabidopsis lyr...  2222    0.0  


>UniRef100_Q84LK0 DNA mismatch repair protein MSH1, mitochondrial n=2 Tax=Arabidopsis 
thaliana TaxID=3702 RepID=MSH1_ARATH
Length=1118

 Score = 2309 bits (5984),  Expect = 0.0, Method: Compositional matrix adjust.
 Identities = 1118/1118 (100%), Positives = 1118/1118 (100%), Gaps = 0/1118 (0%)

Query  1     MHWIATRNAVVSFPKWRFFFRSSYRTYSSLKPSSPILLNRRYSEGISCLRDGKSLKRITT  60
             MHWIATRNAVVSFPKWRFFFRSSYRTYSSLKPSSPILLNRRYSEGISCLRDGKSLKRITT
Sbjct  1     MHWIATRNAVVSFPKWRFFFRSSYRTYSSLKPSSPILLNRRYSEGISCLRDGKSLKRITT  60

Query  61    ASKKVKTSSDVLTDKDLSHLVWWKERLQTCKKPSTLQLIERLMYTNLLGLDPSLRNGSLK  120
             ASKKVKTSSDVLTDKDLSHLVWWKERLQTCKKPSTLQLIERLMYTNLLGLDPSLRNGSLK
Sbjct  61    ASKKVKTSSDVLTDKDLSHLVWWKERLQTCKKPSTLQLIERLMYTNLLGLDPSLRNGSLK  120

Query  121   DGNLNWEMLQFKSRFPREVLLCRVGEFYEAIGIDACILVEYAGLNPFGGLRSDSIPKAGC  180
             DGNLNWEMLQFKSRFPREVLLCRVGEFYEAIGIDACILVEYAGLNPFGGLRSDSIPKAGC
Sbjct  121   DGNLNWEMLQFKSRFPREVLLCRVGEFYEAIGIDACILVEYAGLNPFGGLRSDSIPKAGC  180

Query  181   PIMNLRQTLDDLTRNGYSVCIVEEVQGPTPARSRKGRFISGHAHPGSPYVYGLVGVDHDL  240
             PIMNLRQTLDDLTRNGYSVCIVEEVQGPTPARSRKGRFISGHAHPGSPYVYGLVGVDHDL
Sbjct  181   PIMNLRQTLDDLTRNGYSVCIVEEVQGPTPARSRKGRFISGHAHPGSPYVYGLVGVDHDL  240

Query  241   DFPDPMPVVGISRSARGYCMISIFETMKAYSLDDGLTEEALVTKLRTRRCHHLFLHASLR  300
             DFPDPMPVVGISRSARGYCMISIFETMKAYSLDDGLTEEALVTKLRTRRCHHLFLHASLR
Sbjct  241   DFPDPMPVVGISRSARGYCMISIFETMKAYSLDDGLTEEALVTKLRTRRCHHLFLHASLR  300

Query  301   HNASGTCRWGEFGEGGLLWGECSSRNFEWFEGDTLSELLSRVKDVYGLDDEVSFRNVNVP  360
             HNASGTCRWGEFGEGGLLWGECSSRNFEWFEGDTLSELLSRVKDVYGLDDEVSFRNVNVP
Sbjct  301   HNASGTCRWGEFGEGGLLWGECSSRNFEWFEGDTLSELLSRVKDVYGLDDEVSFRNVNVP  360

Query  361   SKNRPRPLHLGTATQIGALPTEGIPCLLKVLLPSTCSGLPSLYVRDLLLNPPAYDIALKI  420
             SKNRPRPLHLGTATQIGALPTEGIPCLLKVLLPSTCSGLPSLYVRDLLLNPPAYDIALKI
Sbjct  361   SKNRPRPLHLGTATQIGALPTEGIPCLLKVLLPSTCSGLPSLYVRDLLLNPPAYDIALKI  420

Query  421   QETCKLMSTVTCSIPEFTCVSSAKLVKLLEQREANYIEFCRIKNVLDDVLHMHRHAELVE  480
             QETCKLMSTVTCSIPEFTCVSSAKLVKLLEQREANYIEFCRIKNVLDDVLHMHRHAELVE
Sbjct  421   QETCKLMSTVTCSIPEFTCVSSAKLVKLLEQREANYIEFCRIKNVLDDVLHMHRHAELVE  480

Query  481   ILKLLMDPTWVATGLKIDFDTFVNECHWASDTIGEMISLDENESHQNVSKCDNVPNEFFY  540
             ILKLLMDPTWVATGLKIDFDTFVNECHWASDTIGEMISLDENESHQNVSKCDNVPNEFFY
Sbjct  481   ILKLLMDPTWVATGLKIDFDTFVNECHWASDTIGEMISLDENESHQNVSKCDNVPNEFFY  540

Query  541   DMESSWRGRVKGIHIEEEITQVEKSAEALSLAVAEDFHPIISRIKATTASLGGPKGEIAY  600
             DMESSWRGRVKGIHIEEEITQVEKSAEALSLAVAEDFHPIISRIKATTASLGGPKGEIAY
Sbjct  541   DMESSWRGRVKGIHIEEEITQVEKSAEALSLAVAEDFHPIISRIKATTASLGGPKGEIAY  600

Query  601   AREHESVWFKGKRFTPSIWAGTAGEDQIKQLKPALDSKGKKVGEEWFTTPKVEIALVRYH  660
             AREHESVWFKGKRFTPSIWAGTAGEDQIKQLKPALDSKGKKVGEEWFTTPKVEIALVRYH
Sbjct  601   AREHESVWFKGKRFTPSIWAGTAGEDQIKQLKPALDSKGKKVGEEWFTTPKVEIALVRYH  660

Query  661   EASENAKARVLELLRELSVKLQTKINVLVFASMLLVISKALFSHACEGRRRKWVFPTLVG  720
             EASENAKARVLELLRELSVKLQTKINVLVFASMLLVISKALFSHACEGRRRKWVFPTLVG
Sbjct  661   EASENAKARVLELLRELSVKLQTKINVLVFASMLLVISKALFSHACEGRRRKWVFPTLVG  720

Query  721   FSLDEGAKPLDGASRMKLTGLSPYWFDVSSGTAVHNTVDMQSLFLLTGPNGGGKSSLLRS  780
             FSLDEGAKPLDGASRMKLTGLSPYWFDVSSGTAVHNTVDMQSLFLLTGPNGGGKSSLLRS
Sbjct  721   FSLDEGAKPLDGASRMKLTGLSPYWFDVSSGTAVHNTVDMQSLFLLTGPNGGGKSSLLRS  780

Query  781   ICAAALLGISGLMVPAESACIPHFDSIMLHMKSYDSPVDGKSSFQVEMSEIRSIVSQATS  840
             ICAAALLGISGLMVPAESACIPHFDSIMLHMKSYDSPVDGKSSFQVEMSEIRSIVSQATS
Sbjct  781   ICAAALLGISGLMVPAESACIPHFDSIMLHMKSYDSPVDGKSSFQVEMSEIRSIVSQATS  840

Query  841   RSLVLIDEICRGTETAKGTCIAGSVVESLDTSGCLGIVSTHLHGIFSLPLTAKNITYKAM  900
             RSLVLIDEICRGTETAKGTCIAGSVVESLDTSGCLGIVSTHLHGIFSLPLTAKNITYKAM
Sbjct  841   RSLVLIDEICRGTETAKGTCIAGSVVESLDTSGCLGIVSTHLHGIFSLPLTAKNITYKAM  900

Query  901   GAENVEGQTKPTWKLTDGVCRESLAFETAKREGVPESVIQRAEALYLSVYAKDASAEVVK  960
             GAENVEGQTKPTWKLTDGVCRESLAFETAKREGVPESVIQRAEALYLSVYAKDASAEVVK
Sbjct  901   GAENVEGQTKPTWKLTDGVCRESLAFETAKREGVPESVIQRAEALYLSVYAKDASAEVVK  960

Query  961   PDQIITSSNNDQQIQKPVSSERSLEKDLAKAIVKICGKKMIEPEAIECLSIGARELPPPS  1020
             PDQIITSSNNDQQIQKPVSSERSLEKDLAKAIVKICGKKMIEPEAIECLSIGARELPPPS
Sbjct  961   PDQIITSSNNDQQIQKPVSSERSLEKDLAKAIVKICGKKMIEPEAIECLSIGARELPPPS  1020

Query  1021  TVGSSCVYVMRRPDKRLYIGQTDDLEGRIRAHRAKEGLQGSSFLYLMVQGKSMACQLETL  1080
             TVGSSCVYVMRRPDKRLYIGQTDDLEGRIRAHRAKEGLQGSSFLYLMVQGKSMACQLETL
Sbjct  1021  TVGSSCVYVMRRPDKRLYIGQTDDLEGRIRAHRAKEGLQGSSFLYLMVQGKSMACQLETL  1080

Query  1081  LINQLHEQGYSLANLADGKHRNFGTSSSLSTSDVVSIL  1118
             LINQLHEQGYSLANLADGKHRNFGTSSSLSTSDVVSIL
Sbjct  1081  LINQLHEQGYSLANLADGKHRNFGTSSSLSTSDVVSIL  1118


>UniRef100_UPI000539CA9F DNA mismatch repair protein MSH1, mitochondrial isoform X2 n=1 
Tax=Camelina sativa TaxID=90675 RepID=UPI000539CA9F
Length=1118

 Score = 2229 bits (5776),  Expect = 0.0, Method: Compositional matrix adjust.
 Identities = 1070/1117 (96%), Positives = 1100/1117 (98%), Gaps = 0/1117 (0%)

Query  1     MHWIATRNAVVSFPKWRFFFRSSYRTYSSLKPSSPILLNRRYSEGISCLRDGKSLKRITT  60
             MHWIATRNAVVS PKWRF FRSSYRTY SLKPSSPILLNRRYSEGI CLRD K+LK ITT
Sbjct  1     MHWIATRNAVVSLPKWRFIFRSSYRTYYSLKPSSPILLNRRYSEGIHCLRDRKALKGITT  60

Query  61    ASKKVKTSSDVLTDKDLSHLVWWKERLQTCKKPSTLQLIERLMYTNLLGLDPSLRNGSLK  120
             ASKKVKTSSDVLTDKDLSHLVWWKERLQTCKKPSTLQLIERLMYTNLLGLDPSLRNGSLK
Sbjct  61    ASKKVKTSSDVLTDKDLSHLVWWKERLQTCKKPSTLQLIERLMYTNLLGLDPSLRNGSLK  120

Query  121   DGNLNWEMLQFKSRFPREVLLCRVGEFYEAIGIDACILVEYAGLNPFGGLRSDSIPKAGC  180
             DGNLNWEMLQFKSRFPREVLLCRVG+FYEAIGIDACILVEYAGLNPFGGLRSDS+PKAGC
Sbjct  121   DGNLNWEMLQFKSRFPREVLLCRVGDFYEAIGIDACILVEYAGLNPFGGLRSDSVPKAGC  180

Query  181   PIMNLRQTLDDLTRNGYSVCIVEEVQGPTPARSRKGRFISGHAHPGSPYVYGLVGVDHDL  240
             P++NLRQTLDDLTRNGYSVCIVEEVQGPTPARSRKGRFISGHAHPGSPYVYGLVGVDHDL
Sbjct  181   PVVNLRQTLDDLTRNGYSVCIVEEVQGPTPARSRKGRFISGHAHPGSPYVYGLVGVDHDL  240

Query  241   DFPDPMPVVGISRSARGYCMISIFETMKAYSLDDGLTEEALVTKLRTRRCHHLFLHASLR  300
             DFP+PMPVVGISRSARGYCM+SIFETMKAYSLDDGLTEEALVTKLRTRRCHHLFLHASLR
Sbjct  241   DFPEPMPVVGISRSARGYCMLSIFETMKAYSLDDGLTEEALVTKLRTRRCHHLFLHASLR  300

Query  301   HNASGTCRWGEFGEGGLLWGECSSRNFEWFEGDTLSELLSRVKDVYGLDDEVSFRNVNVP  360
             HNASGTCRWGEFGEGGLLWGECS RNFEWFEGDTLSELLSRVKDVYGLDDEVSFRNVNVP
Sbjct  301   HNASGTCRWGEFGEGGLLWGECSGRNFEWFEGDTLSELLSRVKDVYGLDDEVSFRNVNVP  360

Query  361   SKNRPRPLHLGTATQIGALPTEGIPCLLKVLLPSTCSGLPSLYVRDLLLNPPAYDIALKI  420
             SKNRPRPLHLGTATQIGALPTEGIPCLLKVLLPSTCSGLPSLYVRDLLLNPPAYDIALKI
Sbjct  361   SKNRPRPLHLGTATQIGALPTEGIPCLLKVLLPSTCSGLPSLYVRDLLLNPPAYDIALKI  420

Query  421   QETCKLMSTVTCSIPEFTCVSSAKLVKLLEQREANYIEFCRIKNVLDDVLHMHRHAELVE  480
             QETCKLMSTVTCSIPEFTCVSSAKLVKLLEQREANYIEFCRIKNV+D+VLHMHRH ELVE
Sbjct  421   QETCKLMSTVTCSIPEFTCVSSAKLVKLLEQREANYIEFCRIKNVVDEVLHMHRHVELVE  480

Query  481   ILKLLMDPTWVATGLKIDFDTFVNECHWASDTIGEMISLDENESHQNVSKCDNVPNEFFY  540
             ILKLLM+PTWVATGLKIDF+TFVNECHWASDTIGEMIS+D+NESHQNVSKC NVPNEFFY
Sbjct  481   ILKLLMEPTWVATGLKIDFETFVNECHWASDTIGEMISIDDNESHQNVSKCANVPNEFFY  540

Query  541   DMESSWRGRVKGIHIEEEITQVEKSAEALSLAVAEDFHPIISRIKATTASLGGPKGEIAY  600
             DMESSWRGRVKGIHIEEEITQVEKSAEALSLAVAEDFHPIISRIKATTA+LGGPKGEIAY
Sbjct  541   DMESSWRGRVKGIHIEEEITQVEKSAEALSLAVAEDFHPIISRIKATTAALGGPKGEIAY  600

Query  601   AREHESVWFKGKRFTPSIWAGTAGEDQIKQLKPALDSKGKKVGEEWFTTPKVEIALVRYH  660
             AREHESVWFKGKRFTPSIWAGTAGE+QIKQLKPALDSKGK+VGEEWFTTPKVE+ALVRYH
Sbjct  601   AREHESVWFKGKRFTPSIWAGTAGEEQIKQLKPALDSKGKRVGEEWFTTPKVEVALVRYH  660

Query  661   EASENAKARVLELLRELSVKLQTKINVLVFASMLLVISKALFSHACEGRRRKWVFPTLVG  720
             EASENAKARVLELLRELS+KLQTKINVLVFASMLLVI+KALF+HACEGRRRKWVFPTLVG
Sbjct  661   EASENAKARVLELLRELSIKLQTKINVLVFASMLLVIAKALFAHACEGRRRKWVFPTLVG  720

Query  721   FSLDEGAKPLDGASRMKLTGLSPYWFDVSSGTAVHNTVDMQSLFLLTGPNGGGKSSLLRS  780
             F+ DEGAK LDGA RMKLTGLSPYWFDV SGTAVHNTVDMQSLFLLTGPNGGGKSSLLRS
Sbjct  721   FNTDEGAKALDGAGRMKLTGLSPYWFDVVSGTAVHNTVDMQSLFLLTGPNGGGKSSLLRS  780

Query  781   ICAAALLGISGLMVPAESACIPHFDSIMLHMKSYDSPVDGKSSFQVEMSEIRSIVSQATS  840
             ICAAALLGISGLMVPAESACIPHFDSIMLHMKSYDSPVDGKSSFQVEMSEIRSIVSQATS
Sbjct  781   ICAAALLGISGLMVPAESACIPHFDSIMLHMKSYDSPVDGKSSFQVEMSEIRSIVSQATS  840

Query  841   RSLVLIDEICRGTETAKGTCIAGSVVESLDTSGCLGIVSTHLHGIFSLPLTAKNITYKAM  900
             RSLVLIDEICRGTETAKGTCIAGSVVE LDTSGCLGIVSTHLHGIFSLPLTAKNITYKAM
Sbjct  841   RSLVLIDEICRGTETAKGTCIAGSVVECLDTSGCLGIVSTHLHGIFSLPLTAKNITYKAM  900

Query  901   GAENVEGQTKPTWKLTDGVCRESLAFETAKREGVPESVIQRAEALYLSVYAKDASAEVVK  960
             GAENVEGQTKPTWKLTDGVCRESLAFETAKREGVPES+IQRAEALYLSVYAKDAS+EVVK
Sbjct  901   GAENVEGQTKPTWKLTDGVCRESLAFETAKREGVPESLIQRAEALYLSVYAKDASSEVVK  960

Query  961   PDQIITSSNNDQQIQKPVSSERSLEKDLAKAIVKICGKKMIEPEAIECLSIGARELPPPS  1020
             P++I+T SNNDQQI KPVSSERSLEKDLAKAI+KICGKKMIEPEA+ECLSIGARELPPPS
Sbjct  961   PNKIVTPSNNDQQICKPVSSERSLEKDLAKAIIKICGKKMIEPEALECLSIGARELPPPS  1020

Query  1021  TVGSSCVYVMRRPDKRLYIGQTDDLEGRIRAHRAKEGLQGSSFLYLMVQGKSMACQLETL  1080
             TVGSSCVYVMRRPDK+LYIGQTDDLEGRIRAHRAKEGLQGSSFLYLMV+GKSMACQLETL
Sbjct  1021  TVGSSCVYVMRRPDKKLYIGQTDDLEGRIRAHRAKEGLQGSSFLYLMVKGKSMACQLETL  1080

Query  1081  LINQLHEQGYSLANLADGKHRNFGTSSSLSTSDVVSI  1117
             LINQLHEQGYSLANLADGKHRNFGTSSSLST DVVSI
Sbjct  1081  LINQLHEQGYSLANLADGKHRNFGTSSSLSTPDVVSI  1117



Lambda      K        H        a         alpha
   0.319    0.134    0.401    0.792     4.96 

Gapped
Lambda      K        H        a         alpha    sigma
   0.267   0.0410    0.140     1.90     42.6     43.6 

Effective search space used: 24082573776688


Query= testprot2 lcl|NM_103665.2_cdsid_NP_175203.2 [gene=OSB1]
[protein=protein OSB1] [protein_id=NP_175203.2] [location=25..810]

Length=261
                                                                      Score     E
Sequences producing significant alignments:                          (Bits)  Value

UniRef100_Q9SX99  Protein OSB1, mitochondrial n=1 Tax=Arabidopsis...  540     0.0   
UniRef100_A0A178WG32  OSB1 n=1 Tax=Arabidopsis thaliana TaxID=370...  538     0.0   
UniRef100_D7KAX3  Organellar single-stranded n=1 Tax=Arabidopsis ...  447     1e-157
UniRef100_UPI000A29E385  protein OSB1, mitochondrial isoform X2 n...  441     4e-155


>UniRef100_Q9SX99 Protein OSB1, mitochondrial n=1 Tax=Arabidopsis thaliana TaxID=3702 
RepID=OSB1_ARATH
Length=261

 Score = 540 bits (1390),  Expect = 0.0, Method: Compositional matrix adjust.
 Identities = 261/261 (100%), Positives = 261/261 (100%), Gaps = 0/261 (0%)

Query  1    MNTFFKLGSLIQRTASQISSSFPKSRFFSDGESAVYHHARLFKKPLSTKLKFNLVNSVSL  60
            MNTFFKLGSLIQRTASQISSSFPKSRFFSDGESAVYHHARLFKKPLSTKLKFNLVNSVSL
Sbjct  1    MNTFFKLGSLIQRTASQISSSFPKSRFFSDGESAVYHHARLFKKPLSTKLKFNLVNSVSL  60

Query  61   MGFVDRSIQVMNTGPDRFGVFTILRVKDPLNPNRSFRISLRMWDAMARTCIAHLKLNDHI  120
            MGFVDRSIQVMNTGPDRFGVFTILRVKDPLNPNRSFRISLRMWDAMARTCIAHLKLNDHI
Sbjct  61   MGFVDRSIQVMNTGPDRFGVFTILRVKDPLNPNRSFRISLRMWDAMARTCIAHLKLNDHI  120

Query  121  LVSGRLESYSKSSSDVYSGLNLDYQVKVAEVNYVAAPPSHVLDSQISKNPKTKTEDDIEE  180
            LVSGRLESYSKSSSDVYSGLNLDYQVKVAEVNYVAAPPSHVLDSQISKNPKTKTEDDIEE
Sbjct  121  LVSGRLESYSKSSSDVYSGLNLDYQVKVAEVNYVAAPPSHVLDSQISKNPKTKTEDDIEE  180

Query  181  SKKDEIYLWQVFFSNPYDWWDNRRNKKNPKQPDFKHKDTGEALWLCSDLPDWITRRLELF  240
            SKKDEIYLWQVFFSNPYDWWDNRRNKKNPKQPDFKHKDTGEALWLCSDLPDWITRRLELF
Sbjct  181  SKKDEIYLWQVFFSNPYDWWDNRRNKKNPKQPDFKHKDTGEALWLCSDLPDWITRRLELF  240

Query  241  DQKNRFYDEEKTRRDRLSDYI  261
            DQKNRFYDEEKTRRDRLSDYI
Sbjct  241  DQKNRFYDEEKTRRDRLSDYI  261


>UniRef100_A0A178WG32 OSB1 n=1 Tax=Arabidopsis thaliana TaxID=3702 RepID=A0A178WG32_ARATH
Length=261

 Score = 538 bits (1385),  Expect = 0.0, Method: Compositional matrix adjust.
 Identities = 260/261 (99%), Positives = 260/261 (99%), Gaps = 0/261 (0%)

Query  1    MNTFFKLGSLIQRTASQISSSFPKSRFFSDGESAVYHHARLFKKPLSTKLKFNLVNSVSL  60
            MNTFFKLGSLIQRTASQISSSFPKSRFFSDGESAVYHHARLFKKPLSTKLKFNLVNSVSL
Sbjct  1    MNTFFKLGSLIQRTASQISSSFPKSRFFSDGESAVYHHARLFKKPLSTKLKFNLVNSVSL  60

Query  61   MGFVDRSIQVMNTGPDRFGVFTILRVKDPLNPNRSFRISLRMWDAMARTCIAHLKLNDHI  120
            MGFVDRSIQVMNTGPDRFGVFTILRVKDPLNPNRSFRISLRMWD MARTCIAHLKLNDHI
Sbjct  61   MGFVDRSIQVMNTGPDRFGVFTILRVKDPLNPNRSFRISLRMWDEMARTCIAHLKLNDHI  120

Query  121  LVSGRLESYSKSSSDVYSGLNLDYQVKVAEVNYVAAPPSHVLDSQISKNPKTKTEDDIEE  180
            LVSGRLESYSKSSSDVYSGLNLDYQVKVAEVNYVAAPPSHVLDSQISKNPKTKTEDDIEE
Sbjct  121  LVSGRLESYSKSSSDVYSGLNLDYQVKVAEVNYVAAPPSHVLDSQISKNPKTKTEDDIEE  180

Query  181  SKKDEIYLWQVFFSNPYDWWDNRRNKKNPKQPDFKHKDTGEALWLCSDLPDWITRRLELF  240
            SKKDEIYLWQVFFSNPYDWWDNRRNKKNPKQPDFKHKDTGEALWLCSDLPDWITRRLELF
Sbjct  181  SKKDEIYLWQVFFSNPYDWWDNRRNKKNPKQPDFKHKDTGEALWLCSDLPDWITRRLELF  240

Query  241  DQKNRFYDEEKTRRDRLSDYI  261
            DQKNRFYDEEKTRRDRLSDYI
Sbjct  241  DQKNRFYDEEKTRRDRLSDYI  261



Lambda      K        H        a         alpha
   0.319    0.134    0.407    0.792     4.96 

Gapped
Lambda      K        H        a         alpha    sigma
   0.267   0.0410    0.140     1.90     42.6     43.6 

Effective search space used: 2984628101840


  Database: UniProt release 2017_10: UniProt Reference Clusters (UniRef100)
    Posted date:  Oct 27, 2017  12:37 PM
  Number of letters in database: 45,617,009,014
  Number of sequences in database:  122,410,770



Matrix: BLOSUM62
Gap Penalties: Existence: 11, Extension: 1
Neighboring words threshold: 11
Window for multiple hits: 40
